******************************************************************************
                  TI ARM Linker PC v20.2.0                     
******************************************************************************
>> Linked Sat Jun  6 15:50:09 2020

OUTPUT FILE NAME:   <A8.out>
ENTRY POINT SYMBOL: "_c_int00_noargs"  address: 00002e45


MEMORY CONFIGURATION

         name            origin    length      used     unused   attr    fill
----------------------  --------  ---------  --------  --------  ----  --------
  MAIN                  00000000   00040000  00003241  0003cdbf  R  X
  INFO                  00200000   00004000  00000000  00004000  R  X
  SRAM_CODE             01000000   00010000  000009c5  0000f63b  RW X
  SRAM_DATA             20000000   00010000  000009c5  0000f63b  RW  


SEGMENT ALLOCATION MAP

run origin  load origin   length   init length attrs members
----------  ----------- ---------- ----------- ----- -------
00000000    00000000    00003248   00003248    r-x
  00000000    00000000    000000e4   000000e4    r-- .intvecs
  000000e4    000000e4    00002fcc   00002fcc    r-x .text
  000030b0    000030b0    00000101   00000101    r-- .const
  000031b8    000031b8    00000090   00000090    r-- .cinit
20000000    20000000    000007c5   00000000    rw-
  20000000    20000000    00000400   00000000    rw- .sysmem
  20000400    20000400    000001f0   00000000    rw- .data
  200005f0    200005f0    000001d5   00000000    rw- .bss
2000fe00    2000fe00    00000200   00000000    rw-
  2000fe00    2000fe00    00000200   00000000    rw- .stack


SECTION ALLOCATION MAP

 output                                  attributes/
section   page    origin      length       input sections
--------  ----  ----------  ----------   ----------------
.intvecs   0    00000000    000000e4     
                  00000000    000000e4     startup_msp432p401r_ccs.obj (.intvecs:retain)

.text      0    000000e4    00002fcc     
                  000000e4    00000a4e     rtsv7M4_T_le_v4SPD16_eabi.lib : _printfi.c.obj (.text:__TI_printfi)
                  00000b32    00000002                                   : _lock.c.obj (.text:_nop)
                  00000b34    00000334     system_msp432p401r.obj (.text)
                  00000e68    00000270     rtsv7M4_T_le_v4SPD16_eabi.lib : _printfi.c.obj (.text:_pconv_a)
                  000010d8    000001d0                                   : _printfi.c.obj (.text:_pconv_g)
                  000012a8    000001cc     main.obj (.text)
                  00001474    000001b6     rtsv7M4_T_le_v4SPD16_eabi.lib : fd_add_t2.asm.obj (.text)
                  0000162a    00000002                                   : div0.asm.obj (.text)
                  0000162c    0000013c                                   : _printfi.c.obj (.text:_pconv_e)
                  00001768    00000136                                   : fd_div_t2.asm.obj (.text)
                  0000189e    00000002     --HOLE-- [fill = 0]
                  000018a0    00000124                                   : _printfi.c.obj (.text:fcvt)
                  000019c4    00000114                                   : fputs.c.obj (.text:fputs)
                  00001ad8    00000110                                   : s_scalbn.c.obj (.text:scalbn)
                  00001be8    00000108                                   : memory.c.obj (.text:aligned_alloc)
                  00001cf0    000000fc                                   : fd_mul_t2.asm.obj (.text)
                  00001dec    000000e4                                   : memory.c.obj (.text:free)
                  00001ed0    000000dc                                   : setvbuf.c.obj (.text:setvbuf)
                  00001fac    000000c4     DAC.obj (.text)
                  00002070    000000b1     rtsv7M4_T_le_v4SPD16_eabi.lib : _printfi.c.obj (.text:_ltostr)
                  00002121    00000001     --HOLE-- [fill = 0]
                  00002122    0000009c                                   : memcpy_t2.asm.obj (.text)
                  000021be    00000096                                   : ull_div_t2.asm.obj (.text)
                  00002254    0000008c                                   : fputc.c.obj (.text:fputc)
                  000022e0    00000086                                   : fd_cmp_t2.asm.obj (.text:__aeabi_cdcmple)
                  00002366    00000086                                   : fd_cmp_t2.asm.obj (.text:__aeabi_cdrcmple)
                  000023ec    0000007a                                   : memset_t2.asm.obj (.text)
                  00002466    00000002     --HOLE-- [fill = 0]
                  00002468    00000074                                   : fclose.c.obj (.text:__TI_closefile)
                  000024dc    00000070                                   : memory.c.obj (.text:split)
                  0000254c    0000006e                                   : _printfi.c.obj (.text:_mcpy)
                  000025ba    00000002     --HOLE-- [fill = 0]
                  000025bc    0000006c                                   : hostrename.c.obj (.text:HOSTrename)
                  00002628    00000068                                   : hostlseek.c.obj (.text:HOSTlseek)
                  00002690    00000068                                   : copy_decompress_lzss.c.obj (.text:decompress:lzss:__TI_decompress_lzss)
                  000026f8    00000068                                   : printf.c.obj (.text:printf)
                  00002760    00000064                                   : s_frexp.c.obj (.text:frexp)
                  000027c4    00000064                                   : fseek.c.obj (.text:fseek)
                  00002828    00000062                                   : _io_perm.c.obj (.text:__TI_wrt_ok)
                  0000288a    00000002     --HOLE-- [fill = 0]
                  0000288c    00000060                                   : hostopen.c.obj (.text:HOSTopen)
                  000028ec    0000005c                                   : close.c.obj (.text:close)
                  00002948    00000058                                   : hostread.c.obj (.text:HOSTread)
                  000029a0    00000058                                   : hostwrite.c.obj (.text:HOSTwrite)
                  000029f8    00000056                                   : _printfi.c.obj (.text:_pconv_f)
                  00002a4e    00000054                                   : _ltoa.c.obj (.text:__TI_ltoa)
                  00002aa2    00000052                                   : _printfi.c.obj (.text:_ecpy)
                  00002af4    0000004c                                   : fflush.c.obj (.text:__TI_doflush)
                  00002b40    0000004c                                   : atoi.c.obj (.text:atoi)
                  00002b8c    00000048                                   : exit.c.obj (.text:exit)
                  00002bd4    00000048                                   : fd_toi_t2.asm.obj (.text)
                  00002c1c    00000044                                   : hostclose.c.obj (.text:HOSTclose)
                  00002c60    00000044                                   : hostunlink.c.obj (.text:HOSTunlink)
                  00002ca4    00000044                                   : autoinit.c.obj (.text:__TI_auto_init_nobinit_nopinit:__TI_auto_init_nobinit_nopinit)
                  00002ce8    00000044                                   : getdevice.c.obj (.text:getdevice)
                  00002d2c    0000003e                                   : _printfi.c.obj (.text:_fcpy)
                  00002d6a    00000002     --HOLE-- [fill = 0]
                  00002d6c    00000038                                   : trgmsg.c.obj (.text:__TI_writemsg)
                  00002da4    00000036                                   : strncpy.c.obj (.text:strncpy)
                  00002dda    00000002     --HOLE-- [fill = 0]
                  00002ddc    00000034                                   : fopen.c.obj (.text:__TI_cleanup)
                  00002e10    00000034                                   : trgmsg.c.obj (.text:__TI_readmsg)
                  00002e44    00000034                                   : boot_cortex_m.c.obj (.text:_c_int00_noargs:_c_int00_noargs)
                  00002e78    00000030                                   : getdevice.c.obj (.text:finddevice)
                  00002ea8    0000002e                                   : i_tofd_t2.asm.obj (.text)
                  00002ed6    00000002     --HOLE-- [fill = 0]
                  00002ed8    0000002c                                   : unlink.c.obj (.text:unlink)
                  00002f04    00000028                                   : memory.c.obj (.text:free_list_insert)
                  00002f2c    00000028                                   : lseek.c.obj (.text:lseek)
                  00002f54    00000028                                   : write.c.obj (.text:write)
                  00002f7c    00000020                                   : memchr.c.obj (.text:memchr)
                  00002f9c    0000001c                                   : copy_zero_init.c.obj (.text:decompress:ZI:__TI_zero_init_nomemset:__TI_zero_init_nomemset)
                  00002fb8    0000001c                                   : memory.c.obj (.text:free_list_remove)
                  00002fd4    0000001c                                   : memccpy.c.obj (.text:memccpy)
                  00002ff0    0000001a                                   : s_copysign.c.obj (.text:copysign)
                  0000300a    00000018                                   : strcmp.c.obj (.text:strcmp)
                  00003022    00000016                                   : strchr.c.obj (.text:strchr)
                  00003038    00000014                                   : strcpy.c.obj (.text:strcpy)
                  0000304c    00000014                                   : strlen.c.obj (.text:strlen)
                  00003060    00000012                                   : wcslen.c.obj (.text:wcslen)
                  00003072    0000000e                                   : copy_decompress_none.c.obj (.text:decompress:none:__TI_decompress_none)
                  00003080    0000000e     startup_msp432p401r_ccs.obj (.text)
                  0000308e    00000002     --HOLE-- [fill = 0]
                  00003090    00000008     rtsv7M4_T_le_v4SPD16_eabi.lib : errno.c.obj (.text:__aeabi_errno_addr)
                  00003098    00000008                                   : memory.c.obj (.text:malloc)
                  000030a0    00000004                                   : printf.c.obj (.text:_outc)
                  000030a4    00000004                                   : printf.c.obj (.text:_outs)
                  000030a8    00000004                                   : pre_init.c.obj (.text:_system_pre_init)
                  000030ac    00000004                                   : exit.c.obj (.text:abort:abort)

.const     0    000030b0    00000101     
                  000030b0    00000101     rtsv7M4_T_le_v4SPD16_eabi.lib : ctype.c.obj (.const:.string:_ctypes_)

.cinit     0    000031b8    00000090     
                  000031b8    0000006c     (.cinit..data.load) [load image, compression = lzss]
                  00003224    0000000c     (__TI_handler_table)
                  00003230    00000008     (.cinit..bss.load) [load image, compression = zero_init]
                  00003238    00000010     (__TI_cinit_table)

.init_array 
*          0    00000000    00000000     UNINITIALIZED

.binit     0    00000000    00000000     

.sysmem    0    20000000    00000400     UNINITIALIZED
                  20000000    00000010     rtsv7M4_T_le_v4SPD16_eabi.lib : memory.c.obj (.sysmem)
                  20000010    000003f0     --HOLE--

.data      0    20000400    000001f0     UNINITIALIZED
                  20000400    000000f0     rtsv7M4_T_le_v4SPD16_eabi.lib : defs.c.obj (.data:_ftable)
                  200004f0    00000078                                   : host_device.c.obj (.data:_device)
                  20000568    00000050                                   : host_device.c.obj (.data:_stream)
                  200005b8    00000010                                   : defs.c.obj (.data)
                  200005c8    0000000c                                   : exit.c.obj (.data:$O1$$)
                  200005d4    00000008                                   : _lock.c.obj (.data:$O1$$)
                  200005dc    00000008                                   : memory.c.obj (.data:$O1$$)
                  200005e4    00000004     main.obj (.data)
                  200005e8    00000004     rtsv7M4_T_le_v4SPD16_eabi.lib : errno.c.obj (.data)
                  200005ec    00000004     system_msp432p401r.obj (.data)

.bss       0    200005f0    000001d5     UNINITIALIZED
                  200005f0    00000120     rtsv7M4_T_le_v4SPD16_eabi.lib : trgmsg.c.obj (.bss:_CIOBUF_)
                  20000710    000000a0     (.common:__TI_tmpnams)
                  200007b0    00000008     (.common:parmbuf)
                  200007b8    00000004     (.common:data)
                  200007bc    00000004     (.common:dataCalculate)
                  200007c0    00000004     (.common:flag)
                  200007c4    00000001     (.common:receivedMSPChar)

.stack     0    2000fe00    00000200     UNINITIALIZED
                  2000fe00    00000004     rtsv7M4_T_le_v4SPD16_eabi.lib : boot_cortex_m.c.obj (.stack)
                  2000fe04    000001fc     --HOLE--

__llvm_prf_cnts 
*          0    20000000    00000000     UNINITIALIZED

MODULE SUMMARY

       Module                        code    ro data   rw data
       ------                        ----    -------   -------
    .\
       system_msp432p401r.obj        820     0         8      
       main.obj                      460     0         34     
       startup_msp432p401r_ccs.obj   14      228       0      
       DAC.obj                       196     0         0      
    +--+-----------------------------+-------+---------+---------+
       Total:                        1490    228       42     
                                                              
    C:\ti\ccs1000\ccs\tools\compiler\ti-cgt-arm_20.2.0.LTS\lib\rtsv7M4_T_le_v4SPD16_eabi.lib
       _printfi.c.obj                4851    0         0      
       defs.c.obj                    0       0         832    
       memory.c.obj                  680     0         16     
       trgmsg.c.obj                  108     0         576    
       fd_add_t2.asm.obj             438     0         0      
       host_device.c.obj             0       0         400    
       fd_div_t2.asm.obj             310     0         0      
       fputs.c.obj                   276     0         0      
       s_scalbn.c.obj                272     0         0      
       fd_cmp_t2.asm.obj             268     0         0      
       ctype.c.obj                   0       257       0      
       fd_mul_t2.asm.obj             252     0         0      
       setvbuf.c.obj                 220     0         0      
       memcpy_t2.asm.obj             156     0         0      
       ull_div_t2.asm.obj            150     0         0      
       fputc.c.obj                   140     0         0      
       memset_t2.asm.obj             122     0         0      
       fclose.c.obj                  116     0         0      
       getdevice.c.obj               116     0         0      
       hostopen.c.obj                96      0         16     
       printf.c.obj                  112     0         0      
       hostrename.c.obj              108     0         0      
       copy_decompress_lzss.c.obj    104     0         0      
       hostlseek.c.obj               104     0         0      
       exit.c.obj                    76      0         24     
       fseek.c.obj                   100     0         0      
       s_frexp.c.obj                 100     0         0      
       _io_perm.c.obj                98      0         0      
       close.c.obj                   92      0         0      
       hostread.c.obj                88      0         0      
       hostwrite.c.obj               88      0         0      
       _ltoa.c.obj                   84      0         0      
       atoi.c.obj                    76      0         0      
       fflush.c.obj                  76      0         0      
       fd_toi_t2.asm.obj             72      0         0      
       autoinit.c.obj                68      0         0      
       hostclose.c.obj               68      0         0      
       hostunlink.c.obj              68      0         0      
       strncpy.c.obj                 54      0         0      
       boot_cortex_m.c.obj           52      0         0      
       fopen.c.obj                   52      0         0      
       i_tofd_t2.asm.obj             46      0         0      
       unlink.c.obj                  44      0         0      
       lseek.c.obj                   40      0         0      
       write.c.obj                   40      0         0      
       memchr.c.obj                  32      0         0      
       copy_zero_init.c.obj          28      0         0      
       memccpy.c.obj                 28      0         0      
       s_copysign.c.obj              26      0         0      
       strcmp.c.obj                  24      0         0      
       strchr.c.obj                  22      0         0      
       strcpy.c.obj                  20      0         0      
       strlen.c.obj                  20      0         0      
       _lock.c.obj                   2       0         16     
       wcslen.c.obj                  18      0         0      
       errno.c.obj                   8       0         8      
       copy_decompress_none.c.obj    14      0         0      
       pre_init.c.obj                4       0         0      
       div0.asm.obj                  2       0         0      
    +--+-----------------------------+-------+---------+---------+
       Total:                        10729   257       1888   
                                                              
       Heap:                         0       0         2048   
       Stack:                        0       0         1024   
       Linker Generated:             0       144       0      
    +--+-----------------------------+-------+---------+---------+
       Grand Total:                  12219   629       5002   


LINKER GENERATED COPY TABLES

__TI_cinit_table @ 00003238 records: 2, size/record: 8, table size: 16
	.data: load addr=000031b8, load size=0000006c bytes, run addr=20000400, run size=000001f0 bytes, compression=lzss
	.bss: load addr=00003230, load size=00000008 bytes, run addr=200005f0, run size=000001d5 bytes, compression=zero_init


LINKER GENERATED HANDLER TABLE

__TI_handler_table @ 00003224 records: 3, size/record: 4, table size: 12
	index: 0, handler: __TI_decompress_lzss
	index: 1, handler: __TI_decompress_none
	index: 2, handler: __TI_zero_init


GLOBAL SYMBOLS: SORTED ALPHABETICALLY BY Name 

address   name                           
-------   ----                           
0000308d  ADC14_IRQHandler               
0000308d  AES256_IRQHandler              
0000308d  BusFault_Handler               
000030ad  C$$EXIT                        
00002d9b  C$$IO$$                        
0000308d  COMP_E0_IRQHandler             
0000308d  COMP_E1_IRQHandler             
0000308d  CS_IRQHandler                  
0000308d  DMA_ERR_IRQHandler             
0000308d  DMA_INT0_IRQHandler            
0000308d  DMA_INT1_IRQHandler            
0000308d  DMA_INT2_IRQHandler            
0000308d  DMA_INT3_IRQHandler            
0000308d  DebugMon_Handler               
0000308d  Default_Handler                
000013eb  EUSCIA0_IRQHandler             
000013eb  EUSCIA0_IRQHandler             
0000308d  EUSCIA1_IRQHandler             
0000308d  EUSCIA2_IRQHandler             
0000308d  EUSCIA3_IRQHandler             
0000308d  EUSCIB0_IRQHandler             
0000308d  EUSCIB1_IRQHandler             
0000308d  EUSCIB2_IRQHandler             
0000308d  EUSCIB3_IRQHandler             
0000308d  FLCTL_IRQHandler               
0000308d  FPU_IRQHandler                 
00002c1d  HOSTclose                      
00002629  HOSTlseek                      
0000288d  HOSTopen                       
00002949  HOSTread                       
000025bd  HOSTrename                     
00002c61  HOSTunlink                     
000029a1  HOSTwrite                      
0000308d  HardFault_Handler              
0000308d  MemManage_Handler              
0000308d  NMI_Handler                    
0000308d  PCM_IRQHandler                 
0000308d  PORT1_IRQHandler               
0000308d  PORT2_IRQHandler               
0000308d  PORT3_IRQHandler               
0000308d  PORT4_IRQHandler               
0000308d  PORT5_IRQHandler               
0000308d  PORT6_IRQHandler               
0000308d  PSS_IRQHandler                 
0000308d  PendSV_Handler                 
0000308d  RTC_C_IRQHandler               
00003081  Reset_Handler                  
0000308d  SVC_Handler                    
0000308d  SysTick_Handler                
200005ec  SystemCoreClock                
00000b35  SystemCoreClockUpdate          
00000dad  SystemInit                     
0000308d  T32_INT1_IRQHandler            
0000308d  T32_INT2_IRQHandler            
0000308d  T32_INTC_IRQHandler            
0000308d  TA0_0_IRQHandler               
0000308d  TA0_N_IRQHandler               
0000308d  TA1_0_IRQHandler               
0000308d  TA1_N_IRQHandler               
0000308d  TA2_0_IRQHandler               
0000308d  TA2_N_IRQHandler               
0000308d  TA3_0_IRQHandler               
0000308d  TA3_N_IRQHandler               
0000308d  UsageFault_Handler             
4000480c  WDTCTL_SYM                     
0000308d  WDT_A_IRQHandler               
200005f0  __CIOBUF_                      
20010000  __STACK_END                    
00000200  __STACK_SIZE                   
00000400  __SYSMEM_SIZE                  
00003238  __TI_CINIT_Base                
00003248  __TI_CINIT_Limit               
00003224  __TI_Handler_Table_Base        
00003230  __TI_Handler_Table_Limit       
00002ca5  __TI_auto_init_nobinit_nopinit 
00002ddd  __TI_cleanup                   
200005c8  __TI_cleanup_ptr               
00002469  __TI_closefile                 
00002691  __TI_decompress_lzss           
00003073  __TI_decompress_none           
00002af5  __TI_doflush                   
200005cc  __TI_dtors_ptr                 
200005d0  __TI_enable_exit_profile_output
200005b8  __TI_ft_end                    
00002a4f  __TI_ltoa                      
ffffffff  __TI_pprof_out_hndl            
000000e5  __TI_printfi                   
ffffffff  __TI_prof_data_size            
ffffffff  __TI_prof_data_start           
00002e11  __TI_readmsg                   
00000000  __TI_static_base__             
20000710  __TI_tmpnams                   
00002d6d  __TI_writemsg                  
00002829  __TI_wrt_ok                    
00002f9d  __TI_zero_init_nomemset        
000022e1  __aeabi_cdcmpeq                
000022e1  __aeabi_cdcmple                
00002367  __aeabi_cdrcmple               
00002bd5  __aeabi_d2iz                   
0000147f  __aeabi_dadd                   
00001769  __aeabi_ddiv                   
00001cf1  __aeabi_dmul                   
00001475  __aeabi_dsub                   
00003091  __aeabi_errno_addr             
00002ea9  __aeabi_i2d                    
0000162b  __aeabi_idiv0                  
0000162b  __aeabi_ldiv0                  
000023ed  __aeabi_memclr                 
000023ed  __aeabi_memclr4                
000023ed  __aeabi_memclr8                
00002123  __aeabi_memcpy                 
00002123  __aeabi_memcpy4                
00002123  __aeabi_memcpy8                
000023ef  __aeabi_memset                 
000023ef  __aeabi_memset4                
000023ef  __aeabi_memset8                
200005c4  __aeabi_stderr                 
200005bc  __aeabi_stdin                  
200005c0  __aeabi_stdout                 
000021bf  __aeabi_uldivmod               
ffffffff  __binit__                      
ffffffff  __c_args__                     
UNDEFED   __mpu_init                     
2000fe00  __stack                        
20000000  __start___llvm_prf_cnts        
20000000  __stop___llvm_prf_cnts         
00002e45  _c_int00_noargs                
000030b0  _ctypes_                       
200004f0  _device                        
20000400  _ftable                        
200005d4  _lock                          
00000b33  _nop                           
20000568  _stream                        
20000000  _sys_memory                    
UNDEFED   _system_post_cinit             
000030a9  _system_pre_init               
200005d8  _unlock                        
000030ad  abort                          
00001be9  aligned_alloc                  
00002b41  atoi                           
ffffffff  binit                          
000028ed  close                          
00002ff1  copysign                       
00002ff1  copysignl                      
200005e4  count                          
200007b8  data                           
200007bc  dataCalculate                  
00001fe5  dataDAC                        
200005e8  errno                          
00002b8d  exit                           
00002e79  finddevice                     
200007c0  flag                           
00002255  fputc                          
000019c5  fputs                          
00001ded  free                           
00002761  frexp                          
00002761  frexpl                         
000027c5  fseek                          
00002ce9  getdevice                      
00000000  interruptVectors               
00001ad9  ldexp                          
00001ad9  ldexpl                         
00002f2d  lseek                          
00001301  main                           
00003099  malloc                         
00001be9  memalign                       
00002fd5  memccpy                        
00002f7d  memchr                         
00002123  memcpy                         
000023f5  memset                         
200007b0  parmbuf                        
000026f9  printf                         
00002255  putc                           
200007c4  receivedMSPChar                
00002ed9  remove                         
00001ad9  scalbn                         
00001ad9  scalbnl                        
00001ed1  setvbuf                        
00001fad  startDAC                       
00003023  strchr                         
0000300b  strcmp                         
00003039  strcpy                         
000012a9  string_to_int                  
0000304d  strlen                         
00002da5  strncpy                        
00002ed9  unlink                         
00003061  wcslen                         
00002f55  write                          


GLOBAL SYMBOLS: SORTED BY Symbol Address 

address   name                           
-------   ----                           
00000000  __TI_static_base__             
00000000  interruptVectors               
000000e5  __TI_printfi                   
00000200  __STACK_SIZE                   
00000400  __SYSMEM_SIZE                  
00000b33  _nop                           
00000b35  SystemCoreClockUpdate          
00000dad  SystemInit                     
000012a9  string_to_int                  
00001301  main                           
000013eb  EUSCIA0_IRQHandler             
000013eb  EUSCIA0_IRQHandler             
00001475  __aeabi_dsub                   
0000147f  __aeabi_dadd                   
0000162b  __aeabi_idiv0                  
0000162b  __aeabi_ldiv0                  
00001769  __aeabi_ddiv                   
000019c5  fputs                          
00001ad9  ldexp                          
00001ad9  ldexpl                         
00001ad9  scalbn                         
00001ad9  scalbnl                        
00001be9  aligned_alloc                  
00001be9  memalign                       
00001cf1  __aeabi_dmul                   
00001ded  free                           
00001ed1  setvbuf                        
00001fad  startDAC                       
00001fe5  dataDAC                        
00002123  __aeabi_memcpy                 
00002123  __aeabi_memcpy4                
00002123  __aeabi_memcpy8                
00002123  memcpy                         
000021bf  __aeabi_uldivmod               
00002255  fputc                          
00002255  putc                           
000022e1  __aeabi_cdcmpeq                
000022e1  __aeabi_cdcmple                
00002367  __aeabi_cdrcmple               
000023ed  __aeabi_memclr                 
000023ed  __aeabi_memclr4                
000023ed  __aeabi_memclr8                
000023ef  __aeabi_memset                 
000023ef  __aeabi_memset4                
000023ef  __aeabi_memset8                
000023f5  memset                         
00002469  __TI_closefile                 
000025bd  HOSTrename                     
00002629  HOSTlseek                      
00002691  __TI_decompress_lzss           
000026f9  printf                         
00002761  frexp                          
00002761  frexpl                         
000027c5  fseek                          
00002829  __TI_wrt_ok                    
0000288d  HOSTopen                       
000028ed  close                          
00002949  HOSTread                       
000029a1  HOSTwrite                      
00002a4f  __TI_ltoa                      
00002af5  __TI_doflush                   
00002b41  atoi                           
00002b8d  exit                           
00002bd5  __aeabi_d2iz                   
00002c1d  HOSTclose                      
00002c61  HOSTunlink                     
00002ca5  __TI_auto_init_nobinit_nopinit 
00002ce9  getdevice                      
00002d6d  __TI_writemsg                  
00002d9b  C$$IO$$                        
00002da5  strncpy                        
00002ddd  __TI_cleanup                   
00002e11  __TI_readmsg                   
00002e45  _c_int00_noargs                
00002e79  finddevice                     
00002ea9  __aeabi_i2d                    
00002ed9  remove                         
00002ed9  unlink                         
00002f2d  lseek                          
00002f55  write                          
00002f7d  memchr                         
00002f9d  __TI_zero_init_nomemset        
00002fd5  memccpy                        
00002ff1  copysign                       
00002ff1  copysignl                      
0000300b  strcmp                         
00003023  strchr                         
00003039  strcpy                         
0000304d  strlen                         
00003061  wcslen                         
00003073  __TI_decompress_none           
00003081  Reset_Handler                  
0000308d  ADC14_IRQHandler               
0000308d  AES256_IRQHandler              
0000308d  BusFault_Handler               
0000308d  COMP_E0_IRQHandler             
0000308d  COMP_E1_IRQHandler             
0000308d  CS_IRQHandler                  
0000308d  DMA_ERR_IRQHandler             
0000308d  DMA_INT0_IRQHandler            
0000308d  DMA_INT1_IRQHandler            
0000308d  DMA_INT2_IRQHandler            
0000308d  DMA_INT3_IRQHandler            
0000308d  DebugMon_Handler               
0000308d  Default_Handler                
0000308d  EUSCIA1_IRQHandler             
0000308d  EUSCIA2_IRQHandler             
0000308d  EUSCIA3_IRQHandler             
0000308d  EUSCIB0_IRQHandler             
0000308d  EUSCIB1_IRQHandler             
0000308d  EUSCIB2_IRQHandler             
0000308d  EUSCIB3_IRQHandler             
0000308d  FLCTL_IRQHandler               
0000308d  FPU_IRQHandler                 
0000308d  HardFault_Handler              
0000308d  MemManage_Handler              
0000308d  NMI_Handler                    
0000308d  PCM_IRQHandler                 
0000308d  PORT1_IRQHandler               
0000308d  PORT2_IRQHandler               
0000308d  PORT3_IRQHandler               
0000308d  PORT4_IRQHandler               
0000308d  PORT5_IRQHandler               
0000308d  PORT6_IRQHandler               
0000308d  PSS_IRQHandler                 
0000308d  PendSV_Handler                 
0000308d  RTC_C_IRQHandler               
0000308d  SVC_Handler                    
0000308d  SysTick_Handler                
0000308d  T32_INT1_IRQHandler            
0000308d  T32_INT2_IRQHandler            
0000308d  T32_INTC_IRQHandler            
0000308d  TA0_0_IRQHandler               
0000308d  TA0_N_IRQHandler               
0000308d  TA1_0_IRQHandler               
0000308d  TA1_N_IRQHandler               
0000308d  TA2_0_IRQHandler               
0000308d  TA2_N_IRQHandler               
0000308d  TA3_0_IRQHandler               
0000308d  TA3_N_IRQHandler               
0000308d  UsageFault_Handler             
0000308d  WDT_A_IRQHandler               
00003091  __aeabi_errno_addr             
00003099  malloc                         
000030a9  _system_pre_init               
000030ad  C$$EXIT                        
000030ad  abort                          
000030b0  _ctypes_                       
00003224  __TI_Handler_Table_Base        
00003230  __TI_Handler_Table_Limit       
00003238  __TI_CINIT_Base                
00003248  __TI_CINIT_Limit               
20000000  __start___llvm_prf_cnts        
20000000  __stop___llvm_prf_cnts         
20000000  _sys_memory                    
20000400  _ftable                        
200004f0  _device                        
20000568  _stream                        
200005b8  __TI_ft_end                    
200005bc  __aeabi_stdin                  
200005c0  __aeabi_stdout                 
200005c4  __aeabi_stderr                 
200005c8  __TI_cleanup_ptr               
200005cc  __TI_dtors_ptr                 
200005d0  __TI_enable_exit_profile_output
200005d4  _lock                          
200005d8  _unlock                        
200005e4  count                          
200005e8  errno                          
200005ec  SystemCoreClock                
200005f0  __CIOBUF_                      
20000710  __TI_tmpnams                   
200007b0  parmbuf                        
200007b8  data                           
200007bc  dataCalculate                  
200007c0  flag                           
200007c4  receivedMSPChar                
2000fe00  __stack                        
20010000  __STACK_END                    
4000480c  WDTCTL_SYM                     
ffffffff  __TI_pprof_out_hndl            
ffffffff  __TI_prof_data_size            
ffffffff  __TI_prof_data_start           
ffffffff  __binit__                      
ffffffff  __c_args__                     
ffffffff  binit                          
UNDEFED   __mpu_init                     
UNDEFED   _system_post_cinit             

[188 symbols]
