******************************************************************************
                  TI ARM Linker PC v20.2.0                     
******************************************************************************
>> Linked Wed Apr 22 13:25:56 2020

OUTPUT FILE NAME:   <A4(Keypad).out>
ENTRY POINT SYMBOL: "_c_int00_noargs"  address: 00003075


MEMORY CONFIGURATION

         name            origin    length      used     unused   attr    fill
----------------------  --------  ---------  --------  --------  ----  --------
  MAIN                  00000000   00040000  00003471  0003cb8f  R  X
  INFO                  00200000   00004000  00000000  00004000  R  X
  SRAM_CODE             01000000   00010000  000009b4  0000f64c  RW X
  SRAM_DATA             20000000   00010000  000009b4  0000f64c  RW  


SEGMENT ALLOCATION MAP

run origin  load origin   length   init length attrs members
----------  ----------- ---------- ----------- ----- -------
00000000    00000000    00003478   00003478    r-x
  00000000    00000000    000000e4   000000e4    r-- .intvecs
  000000e4    000000e4    000031fc   000031fc    r-x .text
  000032e0    000032e0    00000101   00000101    r-- .const
  000033e8    000033e8    00000090   00000090    r-- .cinit
20000000    20000000    000007b4   00000000    rw-
  20000000    20000000    00000400   00000000    rw- .sysmem
  20000400    20000400    000001ec   00000000    rw- .data
  200005ec    200005ec    000001c8   00000000    rw- .bss
2000fe00    2000fe00    00000200   00000000    rw-
  2000fe00    2000fe00    00000200   00000000    rw- .stack


SECTION ALLOCATION MAP

 output                                  attributes/
section   page    origin      length       input sections
--------  ----  ----------  ----------   ----------------
.intvecs   0    00000000    000000e4     
                  00000000    000000e4     startup_msp432p401r_ccs.obj (.intvecs:retain)

.text      0    000000e4    000031fc     
                  000000e4    00000a4e     rtsv7M4_T_le_v4SPD16_eabi.lib : _printfi.c.obj (.text:__TI_printfi)
                  00000b32    00000002                                   : _lock.c.obj (.text:_nop)
                  00000b34    00000334     system_msp432p401r.obj (.text)
                  00000e68    00000270     rtsv7M4_T_le_v4SPD16_eabi.lib : _printfi.c.obj (.text:_pconv_a)
                  000010d8    000001d0                                   : _printfi.c.obj (.text:_pconv_g)
                  000012a8    000001cc     Keypad.obj (.text)
                  00001474    000001b6     rtsv7M4_T_le_v4SPD16_eabi.lib : fd_add_t2.asm.obj (.text)
                  0000162a    00000002                                   : div0.asm.obj (.text)
                  0000162c    000001ac     LCD.obj (.text)
                  000017d8    00000148     main.obj (.text)
                  00001920    0000013c     rtsv7M4_T_le_v4SPD16_eabi.lib : _printfi.c.obj (.text:_pconv_e)
                  00001a5c    00000136                                   : fd_div_t2.asm.obj (.text)
                  00001b92    00000002     --HOLE-- [fill = 0]
                  00001b94    00000124                                   : _printfi.c.obj (.text:fcvt)
                  00001cb8    00000114                                   : fputs.c.obj (.text:fputs)
                  00001dcc    00000110                                   : s_scalbn.c.obj (.text:scalbn)
                  00001edc    00000108                                   : memory.c.obj (.text:aligned_alloc)
                  00001fe4    000000fc                                   : fd_mul_t2.asm.obj (.text)
                  000020e0    000000e4                                   : memory.c.obj (.text:free)
                  000021c4    000000dc                                   : setvbuf.c.obj (.text:setvbuf)
                  000022a0    000000b1                                   : _printfi.c.obj (.text:_ltostr)
                  00002351    00000001     --HOLE-- [fill = 0]
                  00002352    0000009c                                   : memcpy_t2.asm.obj (.text)
                  000023ee    00000096                                   : ull_div_t2.asm.obj (.text)
                  00002484    0000008c                                   : fputc.c.obj (.text:fputc)
                  00002510    00000086                                   : fd_cmp_t2.asm.obj (.text:__aeabi_cdcmple)
                  00002596    00000086                                   : fd_cmp_t2.asm.obj (.text:__aeabi_cdrcmple)
                  0000261c    0000007a                                   : memset_t2.asm.obj (.text)
                  00002696    00000002     --HOLE-- [fill = 0]
                  00002698    00000074                                   : fclose.c.obj (.text:__TI_closefile)
                  0000270c    00000070                                   : memory.c.obj (.text:split)
                  0000277c    0000006e                                   : _printfi.c.obj (.text:_mcpy)
                  000027ea    00000002     --HOLE-- [fill = 0]
                  000027ec    0000006c                                   : hostrename.c.obj (.text:HOSTrename)
                  00002858    00000068                                   : hostlseek.c.obj (.text:HOSTlseek)
                  000028c0    00000068                                   : copy_decompress_lzss.c.obj (.text:decompress:lzss:__TI_decompress_lzss)
                  00002928    00000068                                   : printf.c.obj (.text:printf)
                  00002990    00000064                                   : s_frexp.c.obj (.text:frexp)
                  000029f4    00000064                                   : fseek.c.obj (.text:fseek)
                  00002a58    00000062                                   : _io_perm.c.obj (.text:__TI_wrt_ok)
                  00002aba    00000002     --HOLE-- [fill = 0]
                  00002abc    00000060                                   : hostopen.c.obj (.text:HOSTopen)
                  00002b1c    0000005c                                   : close.c.obj (.text:close)
                  00002b78    00000058                                   : hostread.c.obj (.text:HOSTread)
                  00002bd0    00000058                                   : hostwrite.c.obj (.text:HOSTwrite)
                  00002c28    00000056                                   : _printfi.c.obj (.text:_pconv_f)
                  00002c7e    00000054                                   : _ltoa.c.obj (.text:__TI_ltoa)
                  00002cd2    00000052                                   : _printfi.c.obj (.text:_ecpy)
                  00002d24    0000004c                                   : fflush.c.obj (.text:__TI_doflush)
                  00002d70    0000004c                                   : atoi.c.obj (.text:atoi)
                  00002dbc    00000048                                   : exit.c.obj (.text:exit)
                  00002e04    00000048                                   : fd_toi_t2.asm.obj (.text)
                  00002e4c    00000044                                   : hostclose.c.obj (.text:HOSTclose)
                  00002e90    00000044                                   : hostunlink.c.obj (.text:HOSTunlink)
                  00002ed4    00000044                                   : autoinit.c.obj (.text:__TI_auto_init_nobinit_nopinit:__TI_auto_init_nobinit_nopinit)
                  00002f18    00000044                                   : getdevice.c.obj (.text:getdevice)
                  00002f5c    0000003e                                   : _printfi.c.obj (.text:_fcpy)
                  00002f9a    00000002     --HOLE-- [fill = 0]
                  00002f9c    00000038                                   : trgmsg.c.obj (.text:__TI_writemsg)
                  00002fd4    00000036                                   : strncpy.c.obj (.text:strncpy)
                  0000300a    00000002     --HOLE-- [fill = 0]
                  0000300c    00000034                                   : fopen.c.obj (.text:__TI_cleanup)
                  00003040    00000034                                   : trgmsg.c.obj (.text:__TI_readmsg)
                  00003074    00000034                                   : boot_cortex_m.c.obj (.text:_c_int00_noargs:_c_int00_noargs)
                  000030a8    00000030                                   : getdevice.c.obj (.text:finddevice)
                  000030d8    0000002e                                   : i_tofd_t2.asm.obj (.text)
                  00003106    00000002     --HOLE-- [fill = 0]
                  00003108    0000002c                                   : unlink.c.obj (.text:unlink)
                  00003134    00000028                                   : memory.c.obj (.text:free_list_insert)
                  0000315c    00000028                                   : lseek.c.obj (.text:lseek)
                  00003184    00000028                                   : write.c.obj (.text:write)
                  000031ac    00000020                                   : memchr.c.obj (.text:memchr)
                  000031cc    0000001c                                   : copy_zero_init.c.obj (.text:decompress:ZI:__TI_zero_init_nomemset:__TI_zero_init_nomemset)
                  000031e8    0000001c                                   : memory.c.obj (.text:free_list_remove)
                  00003204    0000001c                                   : memccpy.c.obj (.text:memccpy)
                  00003220    0000001a                                   : s_copysign.c.obj (.text:copysign)
                  0000323a    00000018                                   : strcmp.c.obj (.text:strcmp)
                  00003252    00000016                                   : strchr.c.obj (.text:strchr)
                  00003268    00000014                                   : strcpy.c.obj (.text:strcpy)
                  0000327c    00000014                                   : strlen.c.obj (.text:strlen)
                  00003290    00000012                                   : wcslen.c.obj (.text:wcslen)
                  000032a2    0000000e                                   : copy_decompress_none.c.obj (.text:decompress:none:__TI_decompress_none)
                  000032b0    0000000e     startup_msp432p401r_ccs.obj (.text)
                  000032be    00000002     --HOLE-- [fill = 0]
                  000032c0    00000008     rtsv7M4_T_le_v4SPD16_eabi.lib : errno.c.obj (.text:__aeabi_errno_addr)
                  000032c8    00000008                                   : memory.c.obj (.text:malloc)
                  000032d0    00000004                                   : printf.c.obj (.text:_outc)
                  000032d4    00000004                                   : printf.c.obj (.text:_outs)
                  000032d8    00000004                                   : pre_init.c.obj (.text:_system_pre_init)
                  000032dc    00000004                                   : exit.c.obj (.text:abort:abort)

.const     0    000032e0    00000101     
                  000032e0    00000101     rtsv7M4_T_le_v4SPD16_eabi.lib : ctype.c.obj (.const:.string:_ctypes_)

.cinit     0    000033e8    00000090     
                  000033e8    0000006c     (.cinit..data.load) [load image, compression = lzss]
                  00003454    0000000c     (__TI_handler_table)
                  00003460    00000008     (.cinit..bss.load) [load image, compression = zero_init]
                  00003468    00000010     (__TI_cinit_table)

.init_array 
*          0    00000000    00000000     UNINITIALIZED

.binit     0    00000000    00000000     

.sysmem    0    20000000    00000400     UNINITIALIZED
                  20000000    00000010     rtsv7M4_T_le_v4SPD16_eabi.lib : memory.c.obj (.sysmem)
                  20000010    000003f0     --HOLE--

.data      0    20000400    000001ec     UNINITIALIZED
                  20000400    000000f0     rtsv7M4_T_le_v4SPD16_eabi.lib : defs.c.obj (.data:_ftable)
                  200004f0    00000078                                   : host_device.c.obj (.data:_device)
                  20000568    00000050                                   : host_device.c.obj (.data:_stream)
                  200005b8    00000010                                   : defs.c.obj (.data)
                  200005c8    0000000c                                   : exit.c.obj (.data:$O1$$)
                  200005d4    00000008                                   : _lock.c.obj (.data:$O1$$)
                  200005dc    00000008                                   : memory.c.obj (.data:$O1$$)
                  200005e4    00000004                                   : errno.c.obj (.data)
                  200005e8    00000004     system_msp432p401r.obj (.data)

.bss       0    200005ec    000001c8     UNINITIALIZED
                  200005ec    00000120     rtsv7M4_T_le_v4SPD16_eabi.lib : trgmsg.c.obj (.bss:_CIOBUF_)
                  2000070c    000000a0     (.common:__TI_tmpnams)
                  200007ac    00000008     (.common:parmbuf)

.stack     0    2000fe00    00000200     UNINITIALIZED
                  2000fe00    00000004     rtsv7M4_T_le_v4SPD16_eabi.lib : boot_cortex_m.c.obj (.stack)
                  2000fe04    000001fc     --HOLE--

__llvm_prf_cnts 
*          0    20000000    00000000     UNINITIALIZED

MODULE SUMMARY

       Module                        code    ro data   rw data
       ------                        ----    -------   -------
    .\
       system_msp432p401r.obj        820     0         8      
       Keypad.obj                    460     0         0      
       LCD.obj                       428     0         0      
       main.obj                      328     0         0      
       startup_msp432p401r_ccs.obj   14      228       0      
    +--+-----------------------------+-------+---------+---------+
       Total:                        2050    228       8      
                                                              
    C:\ti\ccs1000\ccs\tools\compiler\ti-cgt-arm_20.2.0.LTS\lib\rtsv7M4_T_le_v4SPD16_eabi.lib
       _printfi.c.obj                4851    0         0      
       defs.c.obj                    0       0         832    
       memory.c.obj                  680     0         16     
       trgmsg.c.obj                  108     0         576    
       fd_add_t2.asm.obj             438     0         0      
       host_device.c.obj             0       0         400    
       fd_div_t2.asm.obj             310     0         0      
       fputs.c.obj                   276     0         0      
       s_scalbn.c.obj                272     0         0      
       fd_cmp_t2.asm.obj             268     0         0      
       ctype.c.obj                   0       257       0      
       fd_mul_t2.asm.obj             252     0         0      
       setvbuf.c.obj                 220     0         0      
       memcpy_t2.asm.obj             156     0         0      
       ull_div_t2.asm.obj            150     0         0      
       fputc.c.obj                   140     0         0      
       memset_t2.asm.obj             122     0         0      
       fclose.c.obj                  116     0         0      
       getdevice.c.obj               116     0         0      
       hostopen.c.obj                96      0         16     
       printf.c.obj                  112     0         0      
       hostrename.c.obj              108     0         0      
       copy_decompress_lzss.c.obj    104     0         0      
       hostlseek.c.obj               104     0         0      
       exit.c.obj                    76      0         24     
       fseek.c.obj                   100     0         0      
       s_frexp.c.obj                 100     0         0      
       _io_perm.c.obj                98      0         0      
       close.c.obj                   92      0         0      
       hostread.c.obj                88      0         0      
       hostwrite.c.obj               88      0         0      
       _ltoa.c.obj                   84      0         0      
       atoi.c.obj                    76      0         0      
       fflush.c.obj                  76      0         0      
       fd_toi_t2.asm.obj             72      0         0      
       autoinit.c.obj                68      0         0      
       hostclose.c.obj               68      0         0      
       hostunlink.c.obj              68      0         0      
       strncpy.c.obj                 54      0         0      
       boot_cortex_m.c.obj           52      0         0      
       fopen.c.obj                   52      0         0      
       i_tofd_t2.asm.obj             46      0         0      
       unlink.c.obj                  44      0         0      
       lseek.c.obj                   40      0         0      
       write.c.obj                   40      0         0      
       memchr.c.obj                  32      0         0      
       copy_zero_init.c.obj          28      0         0      
       memccpy.c.obj                 28      0         0      
       s_copysign.c.obj              26      0         0      
       strcmp.c.obj                  24      0         0      
       strchr.c.obj                  22      0         0      
       strcpy.c.obj                  20      0         0      
       strlen.c.obj                  20      0         0      
       _lock.c.obj                   2       0         16     
       wcslen.c.obj                  18      0         0      
       errno.c.obj                   8       0         8      
       copy_decompress_none.c.obj    14      0         0      
       pre_init.c.obj                4       0         0      
       div0.asm.obj                  2       0         0      
    +--+-----------------------------+-------+---------+---------+
       Total:                        10729   257       1888   
                                                              
       Heap:                         0       0         2048   
       Stack:                        0       0         1024   
       Linker Generated:             0       144       0      
    +--+-----------------------------+-------+---------+---------+
       Grand Total:                  12779   629       4968   


LINKER GENERATED COPY TABLES

__TI_cinit_table @ 00003468 records: 2, size/record: 8, table size: 16
	.data: load addr=000033e8, load size=0000006c bytes, run addr=20000400, run size=000001ec bytes, compression=lzss
	.bss: load addr=00003460, load size=00000008 bytes, run addr=200005ec, run size=000001c8 bytes, compression=zero_init


LINKER GENERATED HANDLER TABLE

__TI_handler_table @ 00003454 records: 3, size/record: 4, table size: 12
	index: 0, handler: __TI_decompress_lzss
	index: 1, handler: __TI_decompress_none
	index: 2, handler: __TI_zero_init


GLOBAL SYMBOLS: SORTED ALPHABETICALLY BY Name 

address   name                           
-------   ----                           
000032bd  ADC14_IRQHandler               
000032bd  AES256_IRQHandler              
000032bd  BusFault_Handler               
000032dd  C$$EXIT                        
00002fcb  C$$IO$$                        
000032bd  COMP_E0_IRQHandler             
000032bd  COMP_E1_IRQHandler             
000032bd  CS_IRQHandler                  
000032bd  DMA_ERR_IRQHandler             
000032bd  DMA_INT0_IRQHandler            
000032bd  DMA_INT1_IRQHandler            
000032bd  DMA_INT2_IRQHandler            
000032bd  DMA_INT3_IRQHandler            
000032bd  DebugMon_Handler               
000032bd  Default_Handler                
000032bd  EUSCIA0_IRQHandler             
000032bd  EUSCIA1_IRQHandler             
000032bd  EUSCIA2_IRQHandler             
000032bd  EUSCIA3_IRQHandler             
000032bd  EUSCIB0_IRQHandler             
000032bd  EUSCIB1_IRQHandler             
000032bd  EUSCIB2_IRQHandler             
000032bd  EUSCIB3_IRQHandler             
000032bd  FLCTL_IRQHandler               
000032bd  FPU_IRQHandler                 
00002e4d  HOSTclose                      
00002859  HOSTlseek                      
00002abd  HOSTopen                       
00002b79  HOSTread                       
000027ed  HOSTrename                     
00002e91  HOSTunlink                     
00002bd1  HOSTwrite                      
000032bd  HardFault_Handler              
000017bf  Home_LCD                       
000016bd  LCD_4bit_write                 
000017ab  LCD_Line2                      
00001715  LCD_command                    
00001659  LCD_init                       
000032bd  MemManage_Handler              
000032bd  NMI_Handler                    
000032bd  PCM_IRQHandler                 
000032bd  PORT1_IRQHandler               
000032bd  PORT2_IRQHandler               
000032bd  PORT3_IRQHandler               
000032bd  PORT4_IRQHandler               
000032bd  PORT5_IRQHandler               
000032bd  PORT6_IRQHandler               
000032bd  PSS_IRQHandler                 
000032bd  PendSV_Handler                 
000032bd  RTC_C_IRQHandler               
000032b1  Reset_Handler                  
000032bd  SVC_Handler                    
000032bd  SysTick_Handler                
200005e8  SystemCoreClock                
00000b35  SystemCoreClockUpdate          
00000dad  SystemInit                     
000032bd  T32_INT1_IRQHandler            
000032bd  T32_INT2_IRQHandler            
000032bd  T32_INTC_IRQHandler            
000032bd  TA0_0_IRQHandler               
000032bd  TA0_N_IRQHandler               
000032bd  TA1_0_IRQHandler               
000032bd  TA1_N_IRQHandler               
000032bd  TA2_0_IRQHandler               
000032bd  TA2_N_IRQHandler               
000032bd  TA3_0_IRQHandler               
000032bd  TA3_N_IRQHandler               
000032bd  UsageFault_Handler             
4000480c  WDTCTL_SYM                     
000032bd  WDT_A_IRQHandler               
00001751  Write_char_LCD                 
0000162d  Write_string_LCD               
200005ec  __CIOBUF_                      
20010000  __STACK_END                    
00000200  __STACK_SIZE                   
00000400  __SYSMEM_SIZE                  
00003468  __TI_CINIT_Base                
00003478  __TI_CINIT_Limit               
00003454  __TI_Handler_Table_Base        
00003460  __TI_Handler_Table_Limit       
00002ed5  __TI_auto_init_nobinit_nopinit 
0000300d  __TI_cleanup                   
200005c8  __TI_cleanup_ptr               
00002699  __TI_closefile                 
000028c1  __TI_decompress_lzss           
000032a3  __TI_decompress_none           
00002d25  __TI_doflush                   
200005cc  __TI_dtors_ptr                 
200005d0  __TI_enable_exit_profile_output
200005b8  __TI_ft_end                    
00002c7f  __TI_ltoa                      
ffffffff  __TI_pprof_out_hndl            
000000e5  __TI_printfi                   
ffffffff  __TI_prof_data_size            
ffffffff  __TI_prof_data_start           
00003041  __TI_readmsg                   
00000000  __TI_static_base__             
2000070c  __TI_tmpnams                   
00002f9d  __TI_writemsg                  
00002a59  __TI_wrt_ok                    
000031cd  __TI_zero_init_nomemset        
00002511  __aeabi_cdcmpeq                
00002511  __aeabi_cdcmple                
00002597  __aeabi_cdrcmple               
00002e05  __aeabi_d2iz                   
0000147f  __aeabi_dadd                   
00001a5d  __aeabi_ddiv                   
00001fe5  __aeabi_dmul                   
00001475  __aeabi_dsub                   
000032c1  __aeabi_errno_addr             
000030d9  __aeabi_i2d                    
0000162b  __aeabi_idiv0                  
0000162b  __aeabi_ldiv0                  
0000261d  __aeabi_memclr                 
0000261d  __aeabi_memclr4                
0000261d  __aeabi_memclr8                
00002353  __aeabi_memcpy                 
00002353  __aeabi_memcpy4                
00002353  __aeabi_memcpy8                
0000261f  __aeabi_memset                 
0000261f  __aeabi_memset4                
0000261f  __aeabi_memset8                
200005c4  __aeabi_stderr                 
200005bc  __aeabi_stdin                  
200005c0  __aeabi_stdout                 
000023ef  __aeabi_uldivmod               
ffffffff  __binit__                      
ffffffff  __c_args__                     
UNDEFED   __mpu_init                     
2000fe00  __stack                        
20000000  __start___llvm_prf_cnts        
20000000  __stop___llvm_prf_cnts         
00003075  _c_int00_noargs                
000032e0  _ctypes_                       
200004f0  _device                        
20000400  _ftable                        
200005d4  _lock                          
00000b33  _nop                           
20000568  _stream                        
20000000  _sys_memory                    
UNDEFED   _system_post_cinit             
000032d9  _system_pre_init               
200005d8  _unlock                        
000032dd  abort                          
00001edd  aligned_alloc                  
00002d71  atoi                           
ffffffff  binit                          
000017b5  clear_LCD                      
00002b1d  close                          
00003221  copysign                       
00003221  copysignl                      
0000177b  delay_us                       
200005e4  errno                          
00002dbd  exit                           
000030a9  finddevice                     
00002485  fputc                          
00001cb9  fputs                          
000020e1  free                           
00002991  frexp                          
00002991  frexpl                         
000029f5  fseek                          
00002f19  getdevice                      
00000000  interruptVectors               
000012fd  keypad_getkey                  
000012e1  keypad_init                    
00001dcd  ldexp                          
00001dcd  ldexpl                         
0000315d  lseek                          
000017d9  main                           
000032c9  malloc                         
00001edd  memalign                       
00003205  memccpy                        
000031ad  memchr                         
00002353  memcpy                         
00002625  memset                         
200007ac  parmbuf                        
000012a9  printToLCD                     
00002929  printf                         
00002485  putc                           
00003109  remove                         
00001dcd  scalbn                         
00001dcd  scalbnl                        
000021c5  setvbuf                        
00003253  strchr                         
0000323b  strcmp                         
00003269  strcpy                         
0000327d  strlen                         
00002fd5  strncpy                        
00003109  unlink                         
00003291  wcslen                         
00003185  write                          


GLOBAL SYMBOLS: SORTED BY Symbol Address 

address   name                           
-------   ----                           
00000000  __TI_static_base__             
00000000  interruptVectors               
000000e5  __TI_printfi                   
00000200  __STACK_SIZE                   
00000400  __SYSMEM_SIZE                  
00000b33  _nop                           
00000b35  SystemCoreClockUpdate          
00000dad  SystemInit                     
000012a9  printToLCD                     
000012e1  keypad_init                    
000012fd  keypad_getkey                  
00001475  __aeabi_dsub                   
0000147f  __aeabi_dadd                   
0000162b  __aeabi_idiv0                  
0000162b  __aeabi_ldiv0                  
0000162d  Write_string_LCD               
00001659  LCD_init                       
000016bd  LCD_4bit_write                 
00001715  LCD_command                    
00001751  Write_char_LCD                 
0000177b  delay_us                       
000017ab  LCD_Line2                      
000017b5  clear_LCD                      
000017bf  Home_LCD                       
000017d9  main                           
00001a5d  __aeabi_ddiv                   
00001cb9  fputs                          
00001dcd  ldexp                          
00001dcd  ldexpl                         
00001dcd  scalbn                         
00001dcd  scalbnl                        
00001edd  aligned_alloc                  
00001edd  memalign                       
00001fe5  __aeabi_dmul                   
000020e1  free                           
000021c5  setvbuf                        
00002353  __aeabi_memcpy                 
00002353  __aeabi_memcpy4                
00002353  __aeabi_memcpy8                
00002353  memcpy                         
000023ef  __aeabi_uldivmod               
00002485  fputc                          
00002485  putc                           
00002511  __aeabi_cdcmpeq                
00002511  __aeabi_cdcmple                
00002597  __aeabi_cdrcmple               
0000261d  __aeabi_memclr                 
0000261d  __aeabi_memclr4                
0000261d  __aeabi_memclr8                
0000261f  __aeabi_memset                 
0000261f  __aeabi_memset4                
0000261f  __aeabi_memset8                
00002625  memset                         
00002699  __TI_closefile                 
000027ed  HOSTrename                     
00002859  HOSTlseek                      
000028c1  __TI_decompress_lzss           
00002929  printf                         
00002991  frexp                          
00002991  frexpl                         
000029f5  fseek                          
00002a59  __TI_wrt_ok                    
00002abd  HOSTopen                       
00002b1d  close                          
00002b79  HOSTread                       
00002bd1  HOSTwrite                      
00002c7f  __TI_ltoa                      
00002d25  __TI_doflush                   
00002d71  atoi                           
00002dbd  exit                           
00002e05  __aeabi_d2iz                   
00002e4d  HOSTclose                      
00002e91  HOSTunlink                     
00002ed5  __TI_auto_init_nobinit_nopinit 
00002f19  getdevice                      
00002f9d  __TI_writemsg                  
00002fcb  C$$IO$$                        
00002fd5  strncpy                        
0000300d  __TI_cleanup                   
00003041  __TI_readmsg                   
00003075  _c_int00_noargs                
000030a9  finddevice                     
000030d9  __aeabi_i2d                    
00003109  remove                         
00003109  unlink                         
0000315d  lseek                          
00003185  write                          
000031ad  memchr                         
000031cd  __TI_zero_init_nomemset        
00003205  memccpy                        
00003221  copysign                       
00003221  copysignl                      
0000323b  strcmp                         
00003253  strchr                         
00003269  strcpy                         
0000327d  strlen                         
00003291  wcslen                         
000032a3  __TI_decompress_none           
000032b1  Reset_Handler                  
000032bd  ADC14_IRQHandler               
000032bd  AES256_IRQHandler              
000032bd  BusFault_Handler               
000032bd  COMP_E0_IRQHandler             
000032bd  COMP_E1_IRQHandler             
000032bd  CS_IRQHandler                  
000032bd  DMA_ERR_IRQHandler             
000032bd  DMA_INT0_IRQHandler            
000032bd  DMA_INT1_IRQHandler            
000032bd  DMA_INT2_IRQHandler            
000032bd  DMA_INT3_IRQHandler            
000032bd  DebugMon_Handler               
000032bd  Default_Handler                
000032bd  EUSCIA0_IRQHandler             
000032bd  EUSCIA1_IRQHandler             
000032bd  EUSCIA2_IRQHandler             
000032bd  EUSCIA3_IRQHandler             
000032bd  EUSCIB0_IRQHandler             
000032bd  EUSCIB1_IRQHandler             
000032bd  EUSCIB2_IRQHandler             
000032bd  EUSCIB3_IRQHandler             
000032bd  FLCTL_IRQHandler               
000032bd  FPU_IRQHandler                 
000032bd  HardFault_Handler              
000032bd  MemManage_Handler              
000032bd  NMI_Handler                    
000032bd  PCM_IRQHandler                 
000032bd  PORT1_IRQHandler               
000032bd  PORT2_IRQHandler               
000032bd  PORT3_IRQHandler               
000032bd  PORT4_IRQHandler               
000032bd  PORT5_IRQHandler               
000032bd  PORT6_IRQHandler               
000032bd  PSS_IRQHandler                 
000032bd  PendSV_Handler                 
000032bd  RTC_C_IRQHandler               
000032bd  SVC_Handler                    
000032bd  SysTick_Handler                
000032bd  T32_INT1_IRQHandler            
000032bd  T32_INT2_IRQHandler            
000032bd  T32_INTC_IRQHandler            
000032bd  TA0_0_IRQHandler               
000032bd  TA0_N_IRQHandler               
000032bd  TA1_0_IRQHandler               
000032bd  TA1_N_IRQHandler               
000032bd  TA2_0_IRQHandler               
000032bd  TA2_N_IRQHandler               
000032bd  TA3_0_IRQHandler               
000032bd  TA3_N_IRQHandler               
000032bd  UsageFault_Handler             
000032bd  WDT_A_IRQHandler               
000032c1  __aeabi_errno_addr             
000032c9  malloc                         
000032d9  _system_pre_init               
000032dd  C$$EXIT                        
000032dd  abort                          
000032e0  _ctypes_                       
00003454  __TI_Handler_Table_Base        
00003460  __TI_Handler_Table_Limit       
00003468  __TI_CINIT_Base                
00003478  __TI_CINIT_Limit               
20000000  __start___llvm_prf_cnts        
20000000  __stop___llvm_prf_cnts         
20000000  _sys_memory                    
20000400  _ftable                        
200004f0  _device                        
20000568  _stream                        
200005b8  __TI_ft_end                    
200005bc  __aeabi_stdin                  
200005c0  __aeabi_stdout                 
200005c4  __aeabi_stderr                 
200005c8  __TI_cleanup_ptr               
200005cc  __TI_dtors_ptr                 
200005d0  __TI_enable_exit_profile_output
200005d4  _lock                          
200005d8  _unlock                        
200005e4  errno                          
200005e8  SystemCoreClock                
200005ec  __CIOBUF_                      
2000070c  __TI_tmpnams                   
200007ac  parmbuf                        
2000fe00  __stack                        
20010000  __STACK_END                    
4000480c  WDTCTL_SYM                     
ffffffff  __TI_pprof_out_hndl            
ffffffff  __TI_prof_data_size            
ffffffff  __TI_prof_data_start           
ffffffff  __binit__                      
ffffffff  __c_args__                     
ffffffff  binit                          
UNDEFED   __mpu_init                     
UNDEFED   _system_post_cinit             

[191 symbols]
