******************************************************************************
                  TI ARM Linker PC v20.2.0                     
******************************************************************************
>> Linked Mon Jun  1 15:14:35 2020

OUTPUT FILE NAME:   <FinalProject.out>
ENTRY POINT SYMBOL: "_c_int00_noargs"  address: 000030a1


MEMORY CONFIGURATION

         name            origin    length      used     unused   attr    fill
----------------------  --------  ---------  --------  --------  ----  --------
  MAIN                  00000000   00040000  000034a5  0003cb5b  R  X
  INFO                  00200000   00004000  00000000  00004000  R  X
  SRAM_CODE             01000000   00010000  000009bc  0000f644  RW X
  SRAM_DATA             20000000   00010000  000009bc  0000f644  RW  


SEGMENT ALLOCATION MAP

run origin  load origin   length   init length attrs members
----------  ----------- ---------- ----------- ----- -------
00000000    00000000    000034a8   000034a8    r-x
  00000000    00000000    000000e4   000000e4    r-- .intvecs
  000000e4    000000e4    00003228   00003228    r-x .text
  0000330c    0000330c    00000101   00000101    r-- .const
  00003410    00003410    00000098   00000098    r-- .cinit
20000000    20000000    000007bc   00000000    rw-
  20000000    20000000    00000400   00000000    rw- .sysmem
  20000400    20000400    000001ec   00000000    rw- .data
  200005ec    200005ec    000001d0   00000000    rw- .bss
2000fe00    2000fe00    00000200   00000000    rw-
  2000fe00    2000fe00    00000200   00000000    rw- .stack


SECTION ALLOCATION MAP

 output                                  attributes/
section   page    origin      length       input sections
--------  ----  ----------  ----------   ----------------
.intvecs   0    00000000    000000e4     
                  00000000    000000e4     startup_msp432p401r_ccs.obj (.intvecs:retain)

.text      0    000000e4    00003228     
                  000000e4    00000a4e     rtsv7M4_T_le_v4SPD16_eabi.lib : _printfi.c.obj (.text:__TI_printfi)
                  00000b32    00000002                                   : _lock.c.obj (.text:_nop)
                  00000b34    000004ec     main.obj (.text)
                  00001020    00000334     system_msp432p401r.obj (.text)
                  00001354    00000270     rtsv7M4_T_le_v4SPD16_eabi.lib : _printfi.c.obj (.text:_pconv_a)
                  000015c4    000001d0                                   : _printfi.c.obj (.text:_pconv_g)
                  00001794    000001b6                                   : fd_add_t2.asm.obj (.text)
                  0000194a    00000002                                   : div0.asm.obj (.text)
                  0000194c    0000013c                                   : _printfi.c.obj (.text:_pconv_e)
                  00001a88    00000136                                   : fd_div_t2.asm.obj (.text)
                  00001bbe    00000002     --HOLE-- [fill = 0]
                  00001bc0    00000124                                   : _printfi.c.obj (.text:fcvt)
                  00001ce4    00000114                                   : fputs.c.obj (.text:fputs)
                  00001df8    00000110                                   : s_scalbn.c.obj (.text:scalbn)
                  00001f08    00000108                                   : memory.c.obj (.text:aligned_alloc)
                  00002010    000000fc                                   : fd_mul_t2.asm.obj (.text)
                  0000210c    000000e4                                   : memory.c.obj (.text:free)
                  000021f0    000000dc                                   : setvbuf.c.obj (.text:setvbuf)
                  000022cc    000000b1                                   : _printfi.c.obj (.text:_ltostr)
                  0000237d    00000001     --HOLE-- [fill = 0]
                  0000237e    0000009c                                   : memcpy_t2.asm.obj (.text)
                  0000241a    00000096                                   : ull_div_t2.asm.obj (.text)
                  000024b0    0000008c                                   : fputc.c.obj (.text:fputc)
                  0000253c    00000086                                   : fd_cmp_t2.asm.obj (.text:__aeabi_cdcmple)
                  000025c2    00000086                                   : fd_cmp_t2.asm.obj (.text:__aeabi_cdrcmple)
                  00002648    0000007a                                   : memset_t2.asm.obj (.text)
                  000026c2    00000002     --HOLE-- [fill = 0]
                  000026c4    00000074                                   : fclose.c.obj (.text:__TI_closefile)
                  00002738    00000070                                   : memory.c.obj (.text:split)
                  000027a8    0000006e                                   : _printfi.c.obj (.text:_mcpy)
                  00002816    00000002     --HOLE-- [fill = 0]
                  00002818    0000006c                                   : hostrename.c.obj (.text:HOSTrename)
                  00002884    00000068                                   : hostlseek.c.obj (.text:HOSTlseek)
                  000028ec    00000068                                   : copy_decompress_lzss.c.obj (.text:decompress:lzss:__TI_decompress_lzss)
                  00002954    00000068                                   : printf.c.obj (.text:printf)
                  000029bc    00000064                                   : s_frexp.c.obj (.text:frexp)
                  00002a20    00000064                                   : fseek.c.obj (.text:fseek)
                  00002a84    00000062                                   : _io_perm.c.obj (.text:__TI_wrt_ok)
                  00002ae6    00000002     --HOLE-- [fill = 0]
                  00002ae8    00000060                                   : hostopen.c.obj (.text:HOSTopen)
                  00002b48    0000005c                                   : close.c.obj (.text:close)
                  00002ba4    00000058                                   : hostread.c.obj (.text:HOSTread)
                  00002bfc    00000058                                   : hostwrite.c.obj (.text:HOSTwrite)
                  00002c54    00000056                                   : _printfi.c.obj (.text:_pconv_f)
                  00002caa    00000054                                   : _ltoa.c.obj (.text:__TI_ltoa)
                  00002cfe    00000052                                   : _printfi.c.obj (.text:_ecpy)
                  00002d50    0000004c                                   : fflush.c.obj (.text:__TI_doflush)
                  00002d9c    0000004c                                   : atoi.c.obj (.text:atoi)
                  00002de8    00000048                                   : exit.c.obj (.text:exit)
                  00002e30    00000048                                   : fd_toi_t2.asm.obj (.text)
                  00002e78    00000044                                   : hostclose.c.obj (.text:HOSTclose)
                  00002ebc    00000044                                   : hostunlink.c.obj (.text:HOSTunlink)
                  00002f00    00000044                                   : autoinit.c.obj (.text:__TI_auto_init_nobinit_nopinit:__TI_auto_init_nobinit_nopinit)
                  00002f44    00000044                                   : getdevice.c.obj (.text:getdevice)
                  00002f88    0000003e                                   : _printfi.c.obj (.text:_fcpy)
                  00002fc6    00000002     --HOLE-- [fill = 0]
                  00002fc8    00000038                                   : trgmsg.c.obj (.text:__TI_writemsg)
                  00003000    00000036                                   : strncpy.c.obj (.text:strncpy)
                  00003036    00000002     --HOLE-- [fill = 0]
                  00003038    00000034                                   : fopen.c.obj (.text:__TI_cleanup)
                  0000306c    00000034                                   : trgmsg.c.obj (.text:__TI_readmsg)
                  000030a0    00000034                                   : boot_cortex_m.c.obj (.text:_c_int00_noargs:_c_int00_noargs)
                  000030d4    00000030                                   : getdevice.c.obj (.text:finddevice)
                  00003104    0000002e                                   : i_tofd_t2.asm.obj (.text)
                  00003132    00000002     --HOLE-- [fill = 0]
                  00003134    0000002c                                   : unlink.c.obj (.text:unlink)
                  00003160    00000028                                   : memory.c.obj (.text:free_list_insert)
                  00003188    00000028                                   : lseek.c.obj (.text:lseek)
                  000031b0    00000028                                   : write.c.obj (.text:write)
                  000031d8    00000020                                   : memchr.c.obj (.text:memchr)
                  000031f8    0000001c                                   : copy_zero_init.c.obj (.text:decompress:ZI:__TI_zero_init_nomemset:__TI_zero_init_nomemset)
                  00003214    0000001c                                   : memory.c.obj (.text:free_list_remove)
                  00003230    0000001c                                   : memccpy.c.obj (.text:memccpy)
                  0000324c    0000001a                                   : s_copysign.c.obj (.text:copysign)
                  00003266    00000018                                   : strcmp.c.obj (.text:strcmp)
                  0000327e    00000016                                   : strchr.c.obj (.text:strchr)
                  00003294    00000014                                   : strcpy.c.obj (.text:strcpy)
                  000032a8    00000014                                   : strlen.c.obj (.text:strlen)
                  000032bc    00000012                                   : wcslen.c.obj (.text:wcslen)
                  000032ce    0000000e                                   : copy_decompress_none.c.obj (.text:decompress:none:__TI_decompress_none)
                  000032dc    0000000e     startup_msp432p401r_ccs.obj (.text)
                  000032ea    00000002     --HOLE-- [fill = 0]
                  000032ec    00000008     rtsv7M4_T_le_v4SPD16_eabi.lib : errno.c.obj (.text:__aeabi_errno_addr)
                  000032f4    00000008                                   : memory.c.obj (.text:malloc)
                  000032fc    00000004                                   : printf.c.obj (.text:_outc)
                  00003300    00000004                                   : printf.c.obj (.text:_outs)
                  00003304    00000004                                   : pre_init.c.obj (.text:_system_pre_init)
                  00003308    00000004                                   : exit.c.obj (.text:abort:abort)

.const     0    0000330c    00000101     
                  0000330c    00000101     rtsv7M4_T_le_v4SPD16_eabi.lib : ctype.c.obj (.const:.string:_ctypes_)

.cinit     0    00003410    00000098     
                  00003410    0000006d     (.cinit..data.load) [load image, compression = lzss]
                  0000347d    00000003     --HOLE-- [fill = 0]
                  00003480    0000000c     (__TI_handler_table)
                  0000348c    00000004     --HOLE-- [fill = 0]
                  00003490    00000008     (.cinit..bss.load) [load image, compression = zero_init]
                  00003498    00000010     (__TI_cinit_table)

.init_array 
*          0    00000000    00000000     UNINITIALIZED

.binit     0    00000000    00000000     

.sysmem    0    20000000    00000400     UNINITIALIZED
                  20000000    00000010     rtsv7M4_T_le_v4SPD16_eabi.lib : memory.c.obj (.sysmem)
                  20000010    000003f0     --HOLE--

.data      0    20000400    000001ec     UNINITIALIZED
                  20000400    000000f0     rtsv7M4_T_le_v4SPD16_eabi.lib : defs.c.obj (.data:_ftable)
                  200004f0    00000078                                   : host_device.c.obj (.data:_device)
                  20000568    00000050                                   : host_device.c.obj (.data:_stream)
                  200005b8    00000010                                   : defs.c.obj (.data)
                  200005c8    0000000c                                   : exit.c.obj (.data:$O1$$)
                  200005d4    00000008                                   : _lock.c.obj (.data:$O1$$)
                  200005dc    00000008                                   : memory.c.obj (.data:$O1$$)
                  200005e4    00000004                                   : errno.c.obj (.data)
                  200005e8    00000004     system_msp432p401r.obj (.data)

.bss       0    200005ec    000001d0     UNINITIALIZED
                  200005ec    00000120     rtsv7M4_T_le_v4SPD16_eabi.lib : trgmsg.c.obj (.bss:_CIOBUF_)
                  2000070c    000000a0     (.common:__TI_tmpnams)
                  200007ac    00000008     (.common:parmbuf)
                  200007b4    00000004     (.common:flag)
                  200007b8    00000004     (.common:sendtoBlu)

.stack     0    2000fe00    00000200     UNINITIALIZED
                  2000fe00    00000004     rtsv7M4_T_le_v4SPD16_eabi.lib : boot_cortex_m.c.obj (.stack)
                  2000fe04    000001fc     --HOLE--

__llvm_prf_cnts 
*          0    20000000    00000000     UNINITIALIZED

MODULE SUMMARY

       Module                        code    ro data   rw data
       ------                        ----    -------   -------
    .\
       main.obj                      1260    0         16     
       system_msp432p401r.obj        820     0         8      
       startup_msp432p401r_ccs.obj   14      228       0      
    +--+-----------------------------+-------+---------+---------+
       Total:                        2094    228       24     
                                                              
    C:\ti\ccs\ccs\tools\compiler\ti-cgt-arm_20.2.0.LTS\lib\rtsv7M4_T_le_v4SPD16_eabi.lib
       _printfi.c.obj                4851    0         0      
       defs.c.obj                    0       0         832    
       memory.c.obj                  680     0         16     
       trgmsg.c.obj                  108     0         576    
       fd_add_t2.asm.obj             438     0         0      
       host_device.c.obj             0       0         400    
       fd_div_t2.asm.obj             310     0         0      
       fputs.c.obj                   276     0         0      
       s_scalbn.c.obj                272     0         0      
       fd_cmp_t2.asm.obj             268     0         0      
       ctype.c.obj                   0       257       0      
       fd_mul_t2.asm.obj             252     0         0      
       setvbuf.c.obj                 220     0         0      
       memcpy_t2.asm.obj             156     0         0      
       ull_div_t2.asm.obj            150     0         0      
       fputc.c.obj                   140     0         0      
       memset_t2.asm.obj             122     0         0      
       fclose.c.obj                  116     0         0      
       getdevice.c.obj               116     0         0      
       hostopen.c.obj                96      0         16     
       printf.c.obj                  112     0         0      
       hostrename.c.obj              108     0         0      
       copy_decompress_lzss.c.obj    104     0         0      
       hostlseek.c.obj               104     0         0      
       exit.c.obj                    76      0         24     
       fseek.c.obj                   100     0         0      
       s_frexp.c.obj                 100     0         0      
       _io_perm.c.obj                98      0         0      
       close.c.obj                   92      0         0      
       hostread.c.obj                88      0         0      
       hostwrite.c.obj               88      0         0      
       _ltoa.c.obj                   84      0         0      
       atoi.c.obj                    76      0         0      
       fflush.c.obj                  76      0         0      
       fd_toi_t2.asm.obj             72      0         0      
       autoinit.c.obj                68      0         0      
       hostclose.c.obj               68      0         0      
       hostunlink.c.obj              68      0         0      
       strncpy.c.obj                 54      0         0      
       boot_cortex_m.c.obj           52      0         0      
       fopen.c.obj                   52      0         0      
       i_tofd_t2.asm.obj             46      0         0      
       unlink.c.obj                  44      0         0      
       lseek.c.obj                   40      0         0      
       write.c.obj                   40      0         0      
       memchr.c.obj                  32      0         0      
       copy_zero_init.c.obj          28      0         0      
       memccpy.c.obj                 28      0         0      
       s_copysign.c.obj              26      0         0      
       strcmp.c.obj                  24      0         0      
       strchr.c.obj                  22      0         0      
       strcpy.c.obj                  20      0         0      
       strlen.c.obj                  20      0         0      
       _lock.c.obj                   2       0         16     
       wcslen.c.obj                  18      0         0      
       errno.c.obj                   8       0         8      
       copy_decompress_none.c.obj    14      0         0      
       pre_init.c.obj                4       0         0      
       div0.asm.obj                  2       0         0      
    +--+-----------------------------+-------+---------+---------+
       Total:                        10729   257       1888   
                                                              
       Heap:                         0       0         2048   
       Stack:                        0       0         1024   
       Linker Generated:             0       145       0      
    +--+-----------------------------+-------+---------+---------+
       Grand Total:                  12823   630       4984   


LINKER GENERATED COPY TABLES

__TI_cinit_table @ 00003498 records: 2, size/record: 8, table size: 16
	.data: load addr=00003410, load size=0000006d bytes, run addr=20000400, run size=000001ec bytes, compression=lzss
	.bss: load addr=00003490, load size=00000008 bytes, run addr=200005ec, run size=000001d0 bytes, compression=zero_init


LINKER GENERATED HANDLER TABLE

__TI_handler_table @ 00003480 records: 3, size/record: 4, table size: 12
	index: 0, handler: __TI_decompress_lzss
	index: 1, handler: __TI_decompress_none
	index: 2, handler: __TI_zero_init


GLOBAL SYMBOLS: SORTED ALPHABETICALLY BY Name 

address   name                           
-------   ----                           
000032e9  ADC14_IRQHandler               
000032e9  AES256_IRQHandler              
000032e9  BusFault_Handler               
00003309  C$$EXIT                        
00002ff7  C$$IO$$                        
000032e9  COMP_E0_IRQHandler             
000032e9  COMP_E1_IRQHandler             
000032e9  CS_IRQHandler                  
000032e9  DMA_ERR_IRQHandler             
000032e9  DMA_INT0_IRQHandler            
000032e9  DMA_INT1_IRQHandler            
000032e9  DMA_INT2_IRQHandler            
000032e9  DMA_INT3_IRQHandler            
000032e9  DebugMon_Handler               
000032e9  Default_Handler                
000032e9  EUSCIA0_IRQHandler             
000032e9  EUSCIA1_IRQHandler             
00000f7d  EUSCIA2_IRQHandler             
00000f7d  EUSCIA2_IRQHandler             
000032e9  EUSCIA3_IRQHandler             
000032e9  EUSCIB0_IRQHandler             
000032e9  EUSCIB1_IRQHandler             
000032e9  EUSCIB2_IRQHandler             
000032e9  EUSCIB3_IRQHandler             
000032e9  FLCTL_IRQHandler               
000032e9  FPU_IRQHandler                 
00002e79  HOSTclose                      
00002885  HOSTlseek                      
00002ae9  HOSTopen                       
00002ba5  HOSTread                       
00002819  HOSTrename                     
00002ebd  HOSTunlink                     
00002bfd  HOSTwrite                      
000032e9  HardFault_Handler              
000032e9  MemManage_Handler              
000032e9  NMI_Handler                    
000032e9  PCM_IRQHandler                 
000032e9  PORT1_IRQHandler               
000032e9  PORT2_IRQHandler               
000032e9  PORT3_IRQHandler               
000032e9  PORT4_IRQHandler               
000032e9  PORT5_IRQHandler               
000032e9  PORT6_IRQHandler               
000032e9  PSS_IRQHandler                 
000032e9  PendSV_Handler                 
000032e9  RTC_C_IRQHandler               
000032dd  Reset_Handler                  
000032e9  SVC_Handler                    
000032e9  SysTick_Handler                
200005e8  SystemCoreClock                
00001021  SystemCoreClockUpdate          
00001299  SystemInit                     
000032e9  T32_INT1_IRQHandler            
000032e9  T32_INT2_IRQHandler            
000032e9  T32_INTC_IRQHandler            
000032e9  TA0_0_IRQHandler               
000032e9  TA0_N_IRQHandler               
000032e9  TA1_0_IRQHandler               
000032e9  TA1_N_IRQHandler               
000032e9  TA2_0_IRQHandler               
000032e9  TA2_N_IRQHandler               
000032e9  TA3_0_IRQHandler               
000032e9  TA3_N_IRQHandler               
000032e9  UsageFault_Handler             
4000480c  WDTCTL_SYM                     
000032e9  WDT_A_IRQHandler               
200005ec  __CIOBUF_                      
20010000  __STACK_END                    
00000200  __STACK_SIZE                   
00000400  __SYSMEM_SIZE                  
00003498  __TI_CINIT_Base                
000034a8  __TI_CINIT_Limit               
00003480  __TI_Handler_Table_Base        
0000348c  __TI_Handler_Table_Limit       
00002f01  __TI_auto_init_nobinit_nopinit 
00003039  __TI_cleanup                   
200005c8  __TI_cleanup_ptr               
000026c5  __TI_closefile                 
000028ed  __TI_decompress_lzss           
000032cf  __TI_decompress_none           
00002d51  __TI_doflush                   
200005cc  __TI_dtors_ptr                 
200005d0  __TI_enable_exit_profile_output
200005b8  __TI_ft_end                    
00002cab  __TI_ltoa                      
ffffffff  __TI_pprof_out_hndl            
000000e5  __TI_printfi                   
ffffffff  __TI_prof_data_size            
ffffffff  __TI_prof_data_start           
0000306d  __TI_readmsg                   
00000000  __TI_static_base__             
2000070c  __TI_tmpnams                   
00002fc9  __TI_writemsg                  
00002a85  __TI_wrt_ok                    
000031f9  __TI_zero_init_nomemset        
0000253d  __aeabi_cdcmpeq                
0000253d  __aeabi_cdcmple                
000025c3  __aeabi_cdrcmple               
00002e31  __aeabi_d2iz                   
0000179f  __aeabi_dadd                   
00001a89  __aeabi_ddiv                   
00002011  __aeabi_dmul                   
00001795  __aeabi_dsub                   
000032ed  __aeabi_errno_addr             
00003105  __aeabi_i2d                    
0000194b  __aeabi_idiv0                  
0000194b  __aeabi_ldiv0                  
00002649  __aeabi_memclr                 
00002649  __aeabi_memclr4                
00002649  __aeabi_memclr8                
0000237f  __aeabi_memcpy                 
0000237f  __aeabi_memcpy4                
0000237f  __aeabi_memcpy8                
0000264b  __aeabi_memset                 
0000264b  __aeabi_memset4                
0000264b  __aeabi_memset8                
200005c4  __aeabi_stderr                 
200005bc  __aeabi_stdin                  
200005c0  __aeabi_stdout                 
0000241b  __aeabi_uldivmod               
ffffffff  __binit__                      
ffffffff  __c_args__                     
UNDEFED   __mpu_init                     
2000fe00  __stack                        
20000000  __start___llvm_prf_cnts        
20000000  __stop___llvm_prf_cnts         
000030a1  _c_int00_noargs                
0000330c  _ctypes_                       
200004f0  _device                        
20000400  _ftable                        
200005d4  _lock                          
00000b33  _nop                           
20000568  _stream                        
20000000  _sys_memory                    
UNDEFED   _system_post_cinit             
00003305  _system_pre_init               
200005d8  _unlock                        
00003309  abort                          
00001f09  aligned_alloc                  
00002d9d  atoi                           
ffffffff  binit                          
00002b49  close                          
0000324d  copysign                       
0000324d  copysignl                      
200005e4  errno                          
00002de9  exit                           
000030d5  finddevice                     
200007b4  flag                           
000024b1  fputc                          
00001ce5  fputs                          
0000210d  free                           
000029bd  frexp                          
000029bd  frexpl                         
00002a21  fseek                          
00002f45  getdevice                      
00000000  interruptVectors               
00001df9  ldexp                          
00001df9  ldexpl                         
00003189  lseek                          
00000b35  main                           
000032f5  malloc                         
00001f09  memalign                       
00003231  memccpy                        
000031d9  memchr                         
0000237f  memcpy                         
00002651  memset                         
200007ac  parmbuf                        
00002955  printf                         
000024b1  putc                           
00003135  remove                         
00001df9  scalbn                         
00001df9  scalbnl                        
200007b8  sendtoBlu                      
000021f1  setvbuf                        
0000327f  strchr                         
00003267  strcmp                         
00003295  strcpy                         
000032a9  strlen                         
00003001  strncpy                        
00003135  unlink                         
000032bd  wcslen                         
000031b1  write                          


GLOBAL SYMBOLS: SORTED BY Symbol Address 

address   name                           
-------   ----                           
00000000  __TI_static_base__             
00000000  interruptVectors               
000000e5  __TI_printfi                   
00000200  __STACK_SIZE                   
00000400  __SYSMEM_SIZE                  
00000b33  _nop                           
00000b35  main                           
00000f7d  EUSCIA2_IRQHandler             
00000f7d  EUSCIA2_IRQHandler             
00001021  SystemCoreClockUpdate          
00001299  SystemInit                     
00001795  __aeabi_dsub                   
0000179f  __aeabi_dadd                   
0000194b  __aeabi_idiv0                  
0000194b  __aeabi_ldiv0                  
00001a89  __aeabi_ddiv                   
00001ce5  fputs                          
00001df9  ldexp                          
00001df9  ldexpl                         
00001df9  scalbn                         
00001df9  scalbnl                        
00001f09  aligned_alloc                  
00001f09  memalign                       
00002011  __aeabi_dmul                   
0000210d  free                           
000021f1  setvbuf                        
0000237f  __aeabi_memcpy                 
0000237f  __aeabi_memcpy4                
0000237f  __aeabi_memcpy8                
0000237f  memcpy                         
0000241b  __aeabi_uldivmod               
000024b1  fputc                          
000024b1  putc                           
0000253d  __aeabi_cdcmpeq                
0000253d  __aeabi_cdcmple                
000025c3  __aeabi_cdrcmple               
00002649  __aeabi_memclr                 
00002649  __aeabi_memclr4                
00002649  __aeabi_memclr8                
0000264b  __aeabi_memset                 
0000264b  __aeabi_memset4                
0000264b  __aeabi_memset8                
00002651  memset                         
000026c5  __TI_closefile                 
00002819  HOSTrename                     
00002885  HOSTlseek                      
000028ed  __TI_decompress_lzss           
00002955  printf                         
000029bd  frexp                          
000029bd  frexpl                         
00002a21  fseek                          
00002a85  __TI_wrt_ok                    
00002ae9  HOSTopen                       
00002b49  close                          
00002ba5  HOSTread                       
00002bfd  HOSTwrite                      
00002cab  __TI_ltoa                      
00002d51  __TI_doflush                   
00002d9d  atoi                           
00002de9  exit                           
00002e31  __aeabi_d2iz                   
00002e79  HOSTclose                      
00002ebd  HOSTunlink                     
00002f01  __TI_auto_init_nobinit_nopinit 
00002f45  getdevice                      
00002fc9  __TI_writemsg                  
00002ff7  C$$IO$$                        
00003001  strncpy                        
00003039  __TI_cleanup                   
0000306d  __TI_readmsg                   
000030a1  _c_int00_noargs                
000030d5  finddevice                     
00003105  __aeabi_i2d                    
00003135  remove                         
00003135  unlink                         
00003189  lseek                          
000031b1  write                          
000031d9  memchr                         
000031f9  __TI_zero_init_nomemset        
00003231  memccpy                        
0000324d  copysign                       
0000324d  copysignl                      
00003267  strcmp                         
0000327f  strchr                         
00003295  strcpy                         
000032a9  strlen                         
000032bd  wcslen                         
000032cf  __TI_decompress_none           
000032dd  Reset_Handler                  
000032e9  ADC14_IRQHandler               
000032e9  AES256_IRQHandler              
000032e9  BusFault_Handler               
000032e9  COMP_E0_IRQHandler             
000032e9  COMP_E1_IRQHandler             
000032e9  CS_IRQHandler                  
000032e9  DMA_ERR_IRQHandler             
000032e9  DMA_INT0_IRQHandler            
000032e9  DMA_INT1_IRQHandler            
000032e9  DMA_INT2_IRQHandler            
000032e9  DMA_INT3_IRQHandler            
000032e9  DebugMon_Handler               
000032e9  Default_Handler                
000032e9  EUSCIA0_IRQHandler             
000032e9  EUSCIA1_IRQHandler             
000032e9  EUSCIA3_IRQHandler             
000032e9  EUSCIB0_IRQHandler             
000032e9  EUSCIB1_IRQHandler             
000032e9  EUSCIB2_IRQHandler             
000032e9  EUSCIB3_IRQHandler             
000032e9  FLCTL_IRQHandler               
000032e9  FPU_IRQHandler                 
000032e9  HardFault_Handler              
000032e9  MemManage_Handler              
000032e9  NMI_Handler                    
000032e9  PCM_IRQHandler                 
000032e9  PORT1_IRQHandler               
000032e9  PORT2_IRQHandler               
000032e9  PORT3_IRQHandler               
000032e9  PORT4_IRQHandler               
000032e9  PORT5_IRQHandler               
000032e9  PORT6_IRQHandler               
000032e9  PSS_IRQHandler                 
000032e9  PendSV_Handler                 
000032e9  RTC_C_IRQHandler               
000032e9  SVC_Handler                    
000032e9  SysTick_Handler                
000032e9  T32_INT1_IRQHandler            
000032e9  T32_INT2_IRQHandler            
000032e9  T32_INTC_IRQHandler            
000032e9  TA0_0_IRQHandler               
000032e9  TA0_N_IRQHandler               
000032e9  TA1_0_IRQHandler               
000032e9  TA1_N_IRQHandler               
000032e9  TA2_0_IRQHandler               
000032e9  TA2_N_IRQHandler               
000032e9  TA3_0_IRQHandler               
000032e9  TA3_N_IRQHandler               
000032e9  UsageFault_Handler             
000032e9  WDT_A_IRQHandler               
000032ed  __aeabi_errno_addr             
000032f5  malloc                         
00003305  _system_pre_init               
00003309  C$$EXIT                        
00003309  abort                          
0000330c  _ctypes_                       
00003480  __TI_Handler_Table_Base        
0000348c  __TI_Handler_Table_Limit       
00003498  __TI_CINIT_Base                
000034a8  __TI_CINIT_Limit               
20000000  __start___llvm_prf_cnts        
20000000  __stop___llvm_prf_cnts         
20000000  _sys_memory                    
20000400  _ftable                        
200004f0  _device                        
20000568  _stream                        
200005b8  __TI_ft_end                    
200005bc  __aeabi_stdin                  
200005c0  __aeabi_stdout                 
200005c4  __aeabi_stderr                 
200005c8  __TI_cleanup_ptr               
200005cc  __TI_dtors_ptr                 
200005d0  __TI_enable_exit_profile_output
200005d4  _lock                          
200005d8  _unlock                        
200005e4  errno                          
200005e8  SystemCoreClock                
200005ec  __CIOBUF_                      
2000070c  __TI_tmpnams                   
200007ac  parmbuf                        
200007b4  flag                           
200007b8  sendtoBlu                      
2000fe00  __stack                        
20010000  __STACK_END                    
4000480c  WDTCTL_SYM                     
ffffffff  __TI_pprof_out_hndl            
ffffffff  __TI_prof_data_size            
ffffffff  __TI_prof_data_start           
ffffffff  __binit__                      
ffffffff  __c_args__                     
ffffffff  binit                          
UNDEFED   __mpu_init                     
UNDEFED   _system_post_cinit             

[182 symbols]
