******************************************************************************
                  TI ARM Linker PC v20.2.0                     
******************************************************************************
>> Linked Mon Jun  1 20:00:26 2020

OUTPUT FILE NAME:   <FinalProject.out>
ENTRY POINT SYMBOL: "_c_int00_noargs"  address: 00003531


MEMORY CONFIGURATION

         name            origin    length      used     unused   attr    fill
----------------------  --------  ---------  --------  --------  ----  --------
  MAIN                  00000000   00040000  00003955  0003c6ab  R  X
  INFO                  00200000   00004000  00000000  00004000  R  X
  SRAM_CODE             01000000   00010000  000009f5  0000f60b  RW X
  SRAM_DATA             20000000   00010000  000009f5  0000f60b  RW  


SEGMENT ALLOCATION MAP

run origin  load origin   length   init length attrs members
----------  ----------- ---------- ----------- ----- -------
00000000    00000000    00003958   00003958    r-x
  00000000    00000000    000000e4   000000e4    r-- .intvecs
  000000e4    000000e4    000036d8   000036d8    r-x .text
  000037bc    000037bc    00000101   00000101    r-- .const
  000038c0    000038c0    00000098   00000098    r-- .cinit
20000000    20000000    000007f5   00000000    rw-
  20000000    20000000    00000400   00000000    rw- .sysmem
  20000400    20000400    00000208   00000000    rw- .data
  20000608    20000608    000001ed   00000000    rw- .bss
2000fe00    2000fe00    00000200   00000000    rw-
  2000fe00    2000fe00    00000200   00000000    rw- .stack


SECTION ALLOCATION MAP

 output                                  attributes/
section   page    origin      length       input sections
--------  ----  ----------  ----------   ----------------
.intvecs   0    00000000    000000e4     
                  00000000    000000e4     startup_msp432p401r_ccs.obj (.intvecs:retain)

.text      0    000000e4    000036d8     
                  000000e4    00000a4e     rtsv7M4_T_le_v4SPD16_eabi.lib : _printfi.c.obj (.text:__TI_printfi)
                  00000b32    00000002                                   : _lock.c.obj (.text:_nop)
                  00000b34    00000750     main.obj (.text)
                  00001284    00000334     system_msp432p401r.obj (.text)
                  000015b8    00000270     rtsv7M4_T_le_v4SPD16_eabi.lib : _printfi.c.obj (.text:_pconv_a)
                  00001828    000001d0                                   : _printfi.c.obj (.text:_pconv_g)
                  000019f8    000001b6                                   : fd_add_t2.asm.obj (.text)
                  00001bae    00000002                                   : div0.asm.obj (.text)
                  00001bb0    0000013c                                   : _printfi.c.obj (.text:_pconv_e)
                  00001cec    00000136                                   : fd_div_t2.asm.obj (.text)
                  00001e22    00000002     --HOLE-- [fill = 0]
                  00001e24    00000124     MotorController.obj (.text)
                  00001f48    00000124     rtsv7M4_T_le_v4SPD16_eabi.lib : _printfi.c.obj (.text:fcvt)
                  0000206c    00000114                                   : fputs.c.obj (.text:fputs)
                  00002180    00000110                                   : s_scalbn.c.obj (.text:scalbn)
                  00002290    00000108                                   : memory.c.obj (.text:aligned_alloc)
                  00002398    000000fc                                   : fd_mul_t2.asm.obj (.text)
                  00002494    000000e4                                   : memory.c.obj (.text:free)
                  00002578    000000dc                                   : setvbuf.c.obj (.text:setvbuf)
                  00002654    000000c4     DAC.obj (.text)
                  00002718    000000b1     rtsv7M4_T_le_v4SPD16_eabi.lib : _printfi.c.obj (.text:_ltostr)
                  000027c9    00000001     --HOLE-- [fill = 0]
                  000027ca    0000009c                                   : memcpy_t2.asm.obj (.text)
                  00002866    00000096                                   : ull_div_t2.asm.obj (.text)
                  000028fc    0000008c                                   : fputc.c.obj (.text:fputc)
                  00002988    00000086                                   : fd_cmp_t2.asm.obj (.text:__aeabi_cdcmple)
                  00002a0e    00000086                                   : fd_cmp_t2.asm.obj (.text:__aeabi_cdrcmple)
                  00002a94    0000007a                                   : memset_t2.asm.obj (.text)
                  00002b0e    00000002     --HOLE-- [fill = 0]
                  00002b10    00000074                                   : fclose.c.obj (.text:__TI_closefile)
                  00002b84    00000070                                   : memory.c.obj (.text:split)
                  00002bf4    0000006e                                   : _printfi.c.obj (.text:_mcpy)
                  00002c62    00000002     --HOLE-- [fill = 0]
                  00002c64    0000006c                                   : hostrename.c.obj (.text:HOSTrename)
                  00002cd0    00000068                                   : hostlseek.c.obj (.text:HOSTlseek)
                  00002d38    00000068                                   : copy_decompress_lzss.c.obj (.text:decompress:lzss:__TI_decompress_lzss)
                  00002da0    00000068                                   : printf.c.obj (.text:printf)
                  00002e08    00000064                                   : s_frexp.c.obj (.text:frexp)
                  00002e6c    00000064                                   : fseek.c.obj (.text:fseek)
                  00002ed0    00000062                                   : _io_perm.c.obj (.text:__TI_wrt_ok)
                  00002f32    00000002     --HOLE-- [fill = 0]
                  00002f34    00000060                                   : hostopen.c.obj (.text:HOSTopen)
                  00002f94    0000005c                                   : close.c.obj (.text:close)
                  00002ff0    00000058                                   : hostread.c.obj (.text:HOSTread)
                  00003048    00000058                                   : hostwrite.c.obj (.text:HOSTwrite)
                  000030a0    00000056                                   : _printfi.c.obj (.text:_pconv_f)
                  000030f6    00000054                                   : _ltoa.c.obj (.text:__TI_ltoa)
                  0000314a    00000052                                   : _printfi.c.obj (.text:_ecpy)
                  0000319c    0000004c                                   : fflush.c.obj (.text:__TI_doflush)
                  000031e8    0000004c                                   : atoi.c.obj (.text:atoi)
                  00003234    00000048                                   : exit.c.obj (.text:exit)
                  0000327c    00000048                                   : fd_toi_t2.asm.obj (.text)
                  000032c4    00000044                                   : hostclose.c.obj (.text:HOSTclose)
                  00003308    00000044                                   : hostunlink.c.obj (.text:HOSTunlink)
                  0000334c    00000044                                   : autoinit.c.obj (.text:__TI_auto_init_nobinit_nopinit:__TI_auto_init_nobinit_nopinit)
                  00003390    00000044                                   : getdevice.c.obj (.text:getdevice)
                  000033d4    00000044                                   : fd_tou_t2.asm.obj (.text)
                  00003418    0000003e                                   : _printfi.c.obj (.text:_fcpy)
                  00003456    00000002     --HOLE-- [fill = 0]
                  00003458    00000038                                   : trgmsg.c.obj (.text:__TI_writemsg)
                  00003490    00000036                                   : strncpy.c.obj (.text:strncpy)
                  000034c6    00000002     --HOLE-- [fill = 0]
                  000034c8    00000034                                   : fopen.c.obj (.text:__TI_cleanup)
                  000034fc    00000034                                   : trgmsg.c.obj (.text:__TI_readmsg)
                  00003530    00000034                                   : boot_cortex_m.c.obj (.text:_c_int00_noargs:_c_int00_noargs)
                  00003564    00000030                                   : getdevice.c.obj (.text:finddevice)
                  00003594    0000002e                                   : i_tofd_t2.asm.obj (.text)
                  000035c2    00000002     --HOLE-- [fill = 0]
                  000035c4    0000002c                                   : unlink.c.obj (.text:unlink)
                  000035f0    00000028                                   : memory.c.obj (.text:free_list_insert)
                  00003618    00000028                                   : lseek.c.obj (.text:lseek)
                  00003640    00000028                                   : write.c.obj (.text:write)
                  00003668    00000020                                   : memchr.c.obj (.text:memchr)
                  00003688    00000020                                   : u_tofd_t2.asm.obj (.text)
                  000036a8    0000001c                                   : copy_zero_init.c.obj (.text:decompress:ZI:__TI_zero_init_nomemset:__TI_zero_init_nomemset)
                  000036c4    0000001c                                   : memory.c.obj (.text:free_list_remove)
                  000036e0    0000001c                                   : memccpy.c.obj (.text:memccpy)
                  000036fc    0000001a                                   : s_copysign.c.obj (.text:copysign)
                  00003716    00000018                                   : strcmp.c.obj (.text:strcmp)
                  0000372e    00000016                                   : strchr.c.obj (.text:strchr)
                  00003744    00000014                                   : strcpy.c.obj (.text:strcpy)
                  00003758    00000014                                   : strlen.c.obj (.text:strlen)
                  0000376c    00000012                                   : wcslen.c.obj (.text:wcslen)
                  0000377e    0000000e                                   : copy_decompress_none.c.obj (.text:decompress:none:__TI_decompress_none)
                  0000378c    0000000e     startup_msp432p401r_ccs.obj (.text)
                  0000379a    00000002     --HOLE-- [fill = 0]
                  0000379c    00000008     rtsv7M4_T_le_v4SPD16_eabi.lib : errno.c.obj (.text:__aeabi_errno_addr)
                  000037a4    00000008                                   : memory.c.obj (.text:malloc)
                  000037ac    00000004                                   : printf.c.obj (.text:_outc)
                  000037b0    00000004                                   : printf.c.obj (.text:_outs)
                  000037b4    00000004                                   : pre_init.c.obj (.text:_system_pre_init)
                  000037b8    00000004                                   : exit.c.obj (.text:abort:abort)

.const     0    000037bc    00000101     
                  000037bc    00000101     rtsv7M4_T_le_v4SPD16_eabi.lib : ctype.c.obj (.const:.string:_ctypes_)

.cinit     0    000038c0    00000098     
                  000038c0    0000006e     (.cinit..data.load) [load image, compression = lzss]
                  0000392e    00000002     --HOLE-- [fill = 0]
                  00003930    0000000c     (__TI_handler_table)
                  0000393c    00000004     --HOLE-- [fill = 0]
                  00003940    00000008     (.cinit..bss.load) [load image, compression = zero_init]
                  00003948    00000010     (__TI_cinit_table)

.init_array 
*          0    00000000    00000000     UNINITIALIZED

.binit     0    00000000    00000000     

.sysmem    0    20000000    00000400     UNINITIALIZED
                  20000000    00000010     rtsv7M4_T_le_v4SPD16_eabi.lib : memory.c.obj (.sysmem)
                  20000010    000003f0     --HOLE--

.data      0    20000400    00000208     UNINITIALIZED
                  20000400    000000f0     rtsv7M4_T_le_v4SPD16_eabi.lib : defs.c.obj (.data:_ftable)
                  200004f0    00000078                                   : host_device.c.obj (.data:_device)
                  20000568    00000050                                   : host_device.c.obj (.data:_stream)
                  200005b8    0000001c     main.obj (.data)
                  200005d4    00000010     rtsv7M4_T_le_v4SPD16_eabi.lib : defs.c.obj (.data)
                  200005e4    0000000c                                   : exit.c.obj (.data:$O1$$)
                  200005f0    00000008                                   : _lock.c.obj (.data:$O1$$)
                  200005f8    00000008                                   : memory.c.obj (.data:$O1$$)
                  20000600    00000004                                   : errno.c.obj (.data)
                  20000604    00000004     system_msp432p401r.obj (.data)

.bss       0    20000608    000001ed     UNINITIALIZED
                  20000608    00000120     rtsv7M4_T_le_v4SPD16_eabi.lib : trgmsg.c.obj (.bss:_CIOBUF_)
                  20000728    000000a0     (.common:__TI_tmpnams)
                  200007c8    00000008     (.common:ADCresult)
                  200007d0    00000008     (.common:frequency)
                  200007d8    00000008     (.common:parmbuf)
                  200007e0    00000004     (.common:PWMflag)
                  200007e4    00000004     (.common:calibratedData)
                  200007e8    00000004     (.common:dutyCycleTotal)
                  200007ec    00000004     (.common:flag)
                  200007f0    00000004     (.common:sendtoBlu)
                  200007f4    00000001     (.common:receivedMSPChar)

.stack     0    2000fe00    00000200     UNINITIALIZED
                  2000fe00    00000004     rtsv7M4_T_le_v4SPD16_eabi.lib : boot_cortex_m.c.obj (.stack)
                  2000fe04    000001fc     --HOLE--

__llvm_prf_cnts 
*          0    20000000    00000000     UNINITIALIZED

MODULE SUMMARY

       Module                        code    ro data   rw data
       ------                        ----    -------   -------
    .\
       main.obj                      1872    0         130    
       system_msp432p401r.obj        820     0         8      
       MotorController.obj           292     0         0      
       startup_msp432p401r_ccs.obj   14      228       0      
       DAC.obj                       196     0         0      
    +--+-----------------------------+-------+---------+---------+
       Total:                        3194    228       138    
                                                              
    C:\ti\ccs1000\ccs\tools\compiler\ti-cgt-arm_20.2.0.LTS\lib\rtsv7M4_T_le_v4SPD16_eabi.lib
       _printfi.c.obj                4851    0         0      
       defs.c.obj                    0       0         832    
       memory.c.obj                  680     0         16     
       trgmsg.c.obj                  108     0         576    
       fd_add_t2.asm.obj             438     0         0      
       host_device.c.obj             0       0         400    
       fd_div_t2.asm.obj             310     0         0      
       fputs.c.obj                   276     0         0      
       s_scalbn.c.obj                272     0         0      
       fd_cmp_t2.asm.obj             268     0         0      
       ctype.c.obj                   0       257       0      
       fd_mul_t2.asm.obj             252     0         0      
       setvbuf.c.obj                 220     0         0      
       memcpy_t2.asm.obj             156     0         0      
       ull_div_t2.asm.obj            150     0         0      
       fputc.c.obj                   140     0         0      
       memset_t2.asm.obj             122     0         0      
       fclose.c.obj                  116     0         0      
       getdevice.c.obj               116     0         0      
       hostopen.c.obj                96      0         16     
       printf.c.obj                  112     0         0      
       hostrename.c.obj              108     0         0      
       copy_decompress_lzss.c.obj    104     0         0      
       hostlseek.c.obj               104     0         0      
       exit.c.obj                    76      0         24     
       fseek.c.obj                   100     0         0      
       s_frexp.c.obj                 100     0         0      
       _io_perm.c.obj                98      0         0      
       close.c.obj                   92      0         0      
       hostread.c.obj                88      0         0      
       hostwrite.c.obj               88      0         0      
       _ltoa.c.obj                   84      0         0      
       atoi.c.obj                    76      0         0      
       fflush.c.obj                  76      0         0      
       fd_toi_t2.asm.obj             72      0         0      
       autoinit.c.obj                68      0         0      
       fd_tou_t2.asm.obj             68      0         0      
       hostclose.c.obj               68      0         0      
       hostunlink.c.obj              68      0         0      
       strncpy.c.obj                 54      0         0      
       boot_cortex_m.c.obj           52      0         0      
       fopen.c.obj                   52      0         0      
       i_tofd_t2.asm.obj             46      0         0      
       unlink.c.obj                  44      0         0      
       lseek.c.obj                   40      0         0      
       write.c.obj                   40      0         0      
       memchr.c.obj                  32      0         0      
       u_tofd_t2.asm.obj             32      0         0      
       copy_zero_init.c.obj          28      0         0      
       memccpy.c.obj                 28      0         0      
       s_copysign.c.obj              26      0         0      
       strcmp.c.obj                  24      0         0      
       strchr.c.obj                  22      0         0      
       strcpy.c.obj                  20      0         0      
       strlen.c.obj                  20      0         0      
       _lock.c.obj                   2       0         16     
       wcslen.c.obj                  18      0         0      
       errno.c.obj                   8       0         8      
       copy_decompress_none.c.obj    14      0         0      
       pre_init.c.obj                4       0         0      
       div0.asm.obj                  2       0         0      
    +--+-----------------------------+-------+---------+---------+
       Total:                        10829   257       1888   
                                                              
       Heap:                         0       0         2048   
       Stack:                        0       0         1024   
       Linker Generated:             0       146       0      
    +--+-----------------------------+-------+---------+---------+
       Grand Total:                  14023   631       5098   


LINKER GENERATED COPY TABLES

__TI_cinit_table @ 00003948 records: 2, size/record: 8, table size: 16
	.data: load addr=000038c0, load size=0000006e bytes, run addr=20000400, run size=00000208 bytes, compression=lzss
	.bss: load addr=00003940, load size=00000008 bytes, run addr=20000608, run size=000001ed bytes, compression=zero_init


LINKER GENERATED HANDLER TABLE

__TI_handler_table @ 00003930 records: 3, size/record: 4, table size: 12
	index: 0, handler: __TI_decompress_lzss
	index: 1, handler: __TI_decompress_none
	index: 2, handler: __TI_zero_init


GLOBAL SYMBOLS: SORTED ALPHABETICALLY BY Name 

address   name                           
-------   ----                           
000011f9  ADC14_IRQHandler               
000011f9  ADC14_IRQHandler               
200007c8  ADCresult                      
00003799  AES256_IRQHandler              
00003799  BusFault_Handler               
000037b9  C$$EXIT                        
00003487  C$$IO$$                        
00003799  COMP_E0_IRQHandler             
00003799  COMP_E1_IRQHandler             
00003799  CS_IRQHandler                  
00003799  DMA_ERR_IRQHandler             
00003799  DMA_INT0_IRQHandler            
00003799  DMA_INT1_IRQHandler            
00003799  DMA_INT2_IRQHandler            
00003799  DMA_INT3_IRQHandler            
00003799  DebugMon_Handler               
00003799  Default_Handler                
00001179  EUSCIA0_IRQHandler             
00001179  EUSCIA0_IRQHandler             
00003799  EUSCIA1_IRQHandler             
000010e1  EUSCIA2_IRQHandler             
000010e1  EUSCIA2_IRQHandler             
00003799  EUSCIA3_IRQHandler             
00003799  EUSCIB0_IRQHandler             
00003799  EUSCIB1_IRQHandler             
00003799  EUSCIB2_IRQHandler             
00003799  EUSCIB3_IRQHandler             
00003799  FLCTL_IRQHandler               
00003799  FPU_IRQHandler                 
000032c5  HOSTclose                      
00002cd1  HOSTlseek                      
00002f35  HOSTopen                       
00002ff1  HOSTread                       
00002c65  HOSTrename                     
00003309  HOSTunlink                     
00003049  HOSTwrite                      
00003799  HardFault_Handler              
00003799  MemManage_Handler              
00003799  NMI_Handler                    
00003799  PCM_IRQHandler                 
00003799  PORT1_IRQHandler               
00003799  PORT2_IRQHandler               
00003799  PORT3_IRQHandler               
00003799  PORT4_IRQHandler               
00003799  PORT5_IRQHandler               
00003799  PORT6_IRQHandler               
00003799  PSS_IRQHandler                 
200005d0  PWMBLU                         
200005bc  PWMcontroller                  
200007e0  PWMflag                        
00003799  PendSV_Handler                 
00003799  RTC_C_IRQHandler               
0000378d  Reset_Handler                  
00003799  SVC_Handler                    
00003799  SysTick_Handler                
20000604  SystemCoreClock                
00001285  SystemCoreClockUpdate          
000014fd  SystemInit                     
00003799  T32_INT1_IRQHandler            
00003799  T32_INT2_IRQHandler            
00003799  T32_INTC_IRQHandler            
000011a3  TA0_0_IRQHandler               
000011a3  TA0_0_IRQHandler               
000011c5  TA0_N_IRQHandler               
000011c5  TA0_N_IRQHandler               
00003799  TA1_0_IRQHandler               
00003799  TA1_N_IRQHandler               
00003799  TA2_0_IRQHandler               
00003799  TA2_N_IRQHandler               
00003799  TA3_0_IRQHandler               
00003799  TA3_N_IRQHandler               
00000c2b  UART_transmit                  
00003799  UsageFault_Handler             
4000480c  WDTCTL_SYM                     
00003799  WDT_A_IRQHandler               
20000608  __CIOBUF_                      
20010000  __STACK_END                    
00000200  __STACK_SIZE                   
00000400  __SYSMEM_SIZE                  
00003948  __TI_CINIT_Base                
00003958  __TI_CINIT_Limit               
00003930  __TI_Handler_Table_Base        
0000393c  __TI_Handler_Table_Limit       
0000334d  __TI_auto_init_nobinit_nopinit 
000034c9  __TI_cleanup                   
200005e4  __TI_cleanup_ptr               
00002b11  __TI_closefile                 
00002d39  __TI_decompress_lzss           
0000377f  __TI_decompress_none           
0000319d  __TI_doflush                   
200005e8  __TI_dtors_ptr                 
200005ec  __TI_enable_exit_profile_output
200005d4  __TI_ft_end                    
000030f7  __TI_ltoa                      
ffffffff  __TI_pprof_out_hndl            
000000e5  __TI_printfi                   
ffffffff  __TI_prof_data_size            
ffffffff  __TI_prof_data_start           
000034fd  __TI_readmsg                   
00000000  __TI_static_base__             
20000728  __TI_tmpnams                   
00003459  __TI_writemsg                  
00002ed1  __TI_wrt_ok                    
000036a9  __TI_zero_init_nomemset        
00002989  __aeabi_cdcmpeq                
00002989  __aeabi_cdcmple                
00002a0f  __aeabi_cdrcmple               
0000327d  __aeabi_d2iz                   
000033d5  __aeabi_d2uiz                  
00001a03  __aeabi_dadd                   
00001ced  __aeabi_ddiv                   
00002399  __aeabi_dmul                   
000019f9  __aeabi_dsub                   
0000379d  __aeabi_errno_addr             
00003595  __aeabi_i2d                    
00001baf  __aeabi_idiv0                  
00001baf  __aeabi_ldiv0                  
00002a95  __aeabi_memclr                 
00002a95  __aeabi_memclr4                
00002a95  __aeabi_memclr8                
000027cb  __aeabi_memcpy                 
000027cb  __aeabi_memcpy4                
000027cb  __aeabi_memcpy8                
00002a97  __aeabi_memset                 
00002a97  __aeabi_memset4                
00002a97  __aeabi_memset8                
200005e0  __aeabi_stderr                 
200005d8  __aeabi_stdin                  
200005dc  __aeabi_stdout                 
00003689  __aeabi_ui2d                   
00002867  __aeabi_uldivmod               
ffffffff  __binit__                      
ffffffff  __c_args__                     
UNDEFED   __mpu_init                     
2000fe00  __stack                        
20000000  __start___llvm_prf_cnts        
20000000  __stop___llvm_prf_cnts         
00003531  _c_int00_noargs                
000037bc  _ctypes_                       
200004f0  _device                        
20000400  _ftable                        
200005f0  _lock                          
00000b33  _nop                           
20000568  _stream                        
20000000  _sys_memory                    
UNDEFED   _system_post_cinit             
000037b5  _system_pre_init               
200005f4  _unlock                        
000037b9  abort                          
00002291  aligned_alloc                  
000031e9  atoi                           
ffffffff  binit                          
200007e4  calibratedData                 
00002f95  close                          
000036fd  copysign                       
000036fd  copysignl                      
200005c4  count                          
0000268d  dataDAC                        
00000db5  determinePWM                   
200007e8  dutyCycleTotal                 
20000600  errno                          
00003235  exit                           
00003565  finddevice                     
200007ec  flag                           
000028fd  fputc                          
0000206d  fputs                          
00002495  free                           
200007d0  frequency                      
00002e09  frexp                          
00002e09  frexpl                         
00002e6d  fseek                          
00003391  getdevice                      
00000d61  init_ADC                       
00000b8d  init_Bluetooth                 
00000be3  init_Sound                     
00000bef  init_UART0                     
200005b8  interruptFlag                  
00000000  interruptVectors               
00002181  ldexp                          
00002181  ldexpl                         
00003619  lseek                          
00000eed  main                           
000037a5  malloc                         
00002291  memalign                       
000036e1  memccpy                        
00003669  memchr                         
000027cb  memcpy                         
00002a9d  memset                         
200007d8  parmbuf                        
00002da1  printf                         
000028fd  putc                           
200007f4  receivedMSPChar                
000035c5  remove                         
00002181  scalbn                         
00002181  scalbnl                        
200005cc  selectFlag                     
200007f0  sendtoBlu                      
00002579  setvbuf                        
00001e25  squareOutput                   
00002655  startDAC                       
0000372f  strchr                         
00003717  strcmp                         
00003745  strcpy                         
00000b35  string_to_int                  
00003759  strlen                         
00003491  strncpy                        
200005c0  time                           
200005c8  twoCount                       
000035c5  unlink                         
0000376d  wcslen                         
00003641  write                          


GLOBAL SYMBOLS: SORTED BY Symbol Address 

address   name                           
-------   ----                           
00000000  __TI_static_base__             
00000000  interruptVectors               
000000e5  __TI_printfi                   
00000200  __STACK_SIZE                   
00000400  __SYSMEM_SIZE                  
00000b33  _nop                           
00000b35  string_to_int                  
00000b8d  init_Bluetooth                 
00000be3  init_Sound                     
00000bef  init_UART0                     
00000c2b  UART_transmit                  
00000d61  init_ADC                       
00000db5  determinePWM                   
00000eed  main                           
000010e1  EUSCIA2_IRQHandler             
000010e1  EUSCIA2_IRQHandler             
00001179  EUSCIA0_IRQHandler             
00001179  EUSCIA0_IRQHandler             
000011a3  TA0_0_IRQHandler               
000011a3  TA0_0_IRQHandler               
000011c5  TA0_N_IRQHandler               
000011c5  TA0_N_IRQHandler               
000011f9  ADC14_IRQHandler               
000011f9  ADC14_IRQHandler               
00001285  SystemCoreClockUpdate          
000014fd  SystemInit                     
000019f9  __aeabi_dsub                   
00001a03  __aeabi_dadd                   
00001baf  __aeabi_idiv0                  
00001baf  __aeabi_ldiv0                  
00001ced  __aeabi_ddiv                   
00001e25  squareOutput                   
0000206d  fputs                          
00002181  ldexp                          
00002181  ldexpl                         
00002181  scalbn                         
00002181  scalbnl                        
00002291  aligned_alloc                  
00002291  memalign                       
00002399  __aeabi_dmul                   
00002495  free                           
00002579  setvbuf                        
00002655  startDAC                       
0000268d  dataDAC                        
000027cb  __aeabi_memcpy                 
000027cb  __aeabi_memcpy4                
000027cb  __aeabi_memcpy8                
000027cb  memcpy                         
00002867  __aeabi_uldivmod               
000028fd  fputc                          
000028fd  putc                           
00002989  __aeabi_cdcmpeq                
00002989  __aeabi_cdcmple                
00002a0f  __aeabi_cdrcmple               
00002a95  __aeabi_memclr                 
00002a95  __aeabi_memclr4                
00002a95  __aeabi_memclr8                
00002a97  __aeabi_memset                 
00002a97  __aeabi_memset4                
00002a97  __aeabi_memset8                
00002a9d  memset                         
00002b11  __TI_closefile                 
00002c65  HOSTrename                     
00002cd1  HOSTlseek                      
00002d39  __TI_decompress_lzss           
00002da1  printf                         
00002e09  frexp                          
00002e09  frexpl                         
00002e6d  fseek                          
00002ed1  __TI_wrt_ok                    
00002f35  HOSTopen                       
00002f95  close                          
00002ff1  HOSTread                       
00003049  HOSTwrite                      
000030f7  __TI_ltoa                      
0000319d  __TI_doflush                   
000031e9  atoi                           
00003235  exit                           
0000327d  __aeabi_d2iz                   
000032c5  HOSTclose                      
00003309  HOSTunlink                     
0000334d  __TI_auto_init_nobinit_nopinit 
00003391  getdevice                      
000033d5  __aeabi_d2uiz                  
00003459  __TI_writemsg                  
00003487  C$$IO$$                        
00003491  strncpy                        
000034c9  __TI_cleanup                   
000034fd  __TI_readmsg                   
00003531  _c_int00_noargs                
00003565  finddevice                     
00003595  __aeabi_i2d                    
000035c5  remove                         
000035c5  unlink                         
00003619  lseek                          
00003641  write                          
00003669  memchr                         
00003689  __aeabi_ui2d                   
000036a9  __TI_zero_init_nomemset        
000036e1  memccpy                        
000036fd  copysign                       
000036fd  copysignl                      
00003717  strcmp                         
0000372f  strchr                         
00003745  strcpy                         
00003759  strlen                         
0000376d  wcslen                         
0000377f  __TI_decompress_none           
0000378d  Reset_Handler                  
00003799  AES256_IRQHandler              
00003799  BusFault_Handler               
00003799  COMP_E0_IRQHandler             
00003799  COMP_E1_IRQHandler             
00003799  CS_IRQHandler                  
00003799  DMA_ERR_IRQHandler             
00003799  DMA_INT0_IRQHandler            
00003799  DMA_INT1_IRQHandler            
00003799  DMA_INT2_IRQHandler            
00003799  DMA_INT3_IRQHandler            
00003799  DebugMon_Handler               
00003799  Default_Handler                
00003799  EUSCIA1_IRQHandler             
00003799  EUSCIA3_IRQHandler             
00003799  EUSCIB0_IRQHandler             
00003799  EUSCIB1_IRQHandler             
00003799  EUSCIB2_IRQHandler             
00003799  EUSCIB3_IRQHandler             
00003799  FLCTL_IRQHandler               
00003799  FPU_IRQHandler                 
00003799  HardFault_Handler              
00003799  MemManage_Handler              
00003799  NMI_Handler                    
00003799  PCM_IRQHandler                 
00003799  PORT1_IRQHandler               
00003799  PORT2_IRQHandler               
00003799  PORT3_IRQHandler               
00003799  PORT4_IRQHandler               
00003799  PORT5_IRQHandler               
00003799  PORT6_IRQHandler               
00003799  PSS_IRQHandler                 
00003799  PendSV_Handler                 
00003799  RTC_C_IRQHandler               
00003799  SVC_Handler                    
00003799  SysTick_Handler                
00003799  T32_INT1_IRQHandler            
00003799  T32_INT2_IRQHandler            
00003799  T32_INTC_IRQHandler            
00003799  TA1_0_IRQHandler               
00003799  TA1_N_IRQHandler               
00003799  TA2_0_IRQHandler               
00003799  TA2_N_IRQHandler               
00003799  TA3_0_IRQHandler               
00003799  TA3_N_IRQHandler               
00003799  UsageFault_Handler             
00003799  WDT_A_IRQHandler               
0000379d  __aeabi_errno_addr             
000037a5  malloc                         
000037b5  _system_pre_init               
000037b9  C$$EXIT                        
000037b9  abort                          
000037bc  _ctypes_                       
00003930  __TI_Handler_Table_Base        
0000393c  __TI_Handler_Table_Limit       
00003948  __TI_CINIT_Base                
00003958  __TI_CINIT_Limit               
20000000  __start___llvm_prf_cnts        
20000000  __stop___llvm_prf_cnts         
20000000  _sys_memory                    
20000400  _ftable                        
200004f0  _device                        
20000568  _stream                        
200005b8  interruptFlag                  
200005bc  PWMcontroller                  
200005c0  time                           
200005c4  count                          
200005c8  twoCount                       
200005cc  selectFlag                     
200005d0  PWMBLU                         
200005d4  __TI_ft_end                    
200005d8  __aeabi_stdin                  
200005dc  __aeabi_stdout                 
200005e0  __aeabi_stderr                 
200005e4  __TI_cleanup_ptr               
200005e8  __TI_dtors_ptr                 
200005ec  __TI_enable_exit_profile_output
200005f0  _lock                          
200005f4  _unlock                        
20000600  errno                          
20000604  SystemCoreClock                
20000608  __CIOBUF_                      
20000728  __TI_tmpnams                   
200007c8  ADCresult                      
200007d0  frequency                      
200007d8  parmbuf                        
200007e0  PWMflag                        
200007e4  calibratedData                 
200007e8  dutyCycleTotal                 
200007ec  flag                           
200007f0  sendtoBlu                      
200007f4  receivedMSPChar                
2000fe00  __stack                        
20010000  __STACK_END                    
4000480c  WDTCTL_SYM                     
ffffffff  __TI_pprof_out_hndl            
ffffffff  __TI_prof_data_size            
ffffffff  __TI_prof_data_start           
ffffffff  __binit__                      
ffffffff  __c_args__                     
ffffffff  binit                          
UNDEFED   __mpu_init                     
UNDEFED   _system_post_cinit             

[211 symbols]
