******************************************************************************
                  TI ARM Linker PC v20.2.0                     
******************************************************************************
>> Linked Mon May 25 18:28:04 2020

OUTPUT FILE NAME:   <A9.out>
ENTRY POINT SYMBOL: "_c_int00_noargs"  address: 00000b51


MEMORY CONFIGURATION

         name            origin    length      used     unused   attr    fill
----------------------  --------  ---------  --------  --------  ----  --------
  MAIN                  00000000   00040000  00000c22  0003f3de  R  X
  INFO                  00200000   00004000  00000000  00004000  R  X
  SRAM_CODE             01000000   00010000  00000210  0000fdf0  RW X
  SRAM_DATA             20000000   00010000  00000210  0000fdf0  RW  


SEGMENT ALLOCATION MAP

run origin  load origin   length   init length attrs members
----------  ----------- ---------- ----------- ----- -------
00000000    00000000    00000c28   00000c28    r-x
  00000000    00000000    000000e4   000000e4    r-- .intvecs
  000000e4    000000e4    00000b0e   00000b0e    r-x .text
  00000bf8    00000bf8    00000030   00000030    r-- .cinit
20000000    20000000    00000010   00000000    rw-
  20000000    20000000    00000008   00000000    rw- .bss
  20000008    20000008    00000008   00000000    rw- .data
2000fe00    2000fe00    00000200   00000000    rw-
  2000fe00    2000fe00    00000200   00000000    rw- .stack


SECTION ALLOCATION MAP

 output                                  attributes/
section   page    origin      length       input sections
--------  ----  ----------  ----------   ----------------
.intvecs   0    00000000    000000e4     
                  00000000    000000e4     startup_msp432p401r_ccs.obj (.intvecs:retain)

.text      0    000000e4    00000b0e     
                  000000e4    00000334     system_msp432p401r.obj (.text)
                  00000418    000001b6     rtsv7M4_T_le_v4SPD16_eabi.lib : fd_add_t2.asm.obj (.text)
                  000005ce    00000002     --HOLE-- [fill = 0]
                  000005d0    0000019c     UART.obj (.text)
                  0000076c    00000130     main.obj (.text)
                  0000089c    000000fc     rtsv7M4_T_le_v4SPD16_eabi.lib : fd_mul_t2.asm.obj (.text)
                  00000998    0000009c                                   : memcpy_t2.asm.obj (.text)
                  00000a34    0000006e                                   : fd_tos_t2.asm.obj (.text)
                  00000aa2    00000068                                   : copy_decompress_lzss.c.obj (.text:decompress:lzss:__TI_decompress_lzss)
                  00000b0a    00000002     --HOLE-- [fill = 0]
                  00000b0c    00000044                                   : autoinit.c.obj (.text:__TI_auto_init_nobinit_nopinit:__TI_auto_init_nobinit_nopinit)
                  00000b50    00000034                                   : boot_cortex_m.c.obj (.text:_c_int00_noargs:_c_int00_noargs)
                  00000b84    0000002e                                   : i_tofd_t2.asm.obj (.text)
                  00000bb2    0000001c                                   : copy_zero_init.c.obj (.text:decompress:ZI:__TI_zero_init_nomemset:__TI_zero_init_nomemset)
                  00000bce    0000000e                                   : copy_decompress_none.c.obj (.text:decompress:none:__TI_decompress_none)
                  00000bdc    0000000e     startup_msp432p401r_ccs.obj (.text)
                  00000bea    00000004     rtsv7M4_T_le_v4SPD16_eabi.lib : pre_init.c.obj (.text:_system_pre_init)
                  00000bee    00000004                                   : exit.c.obj (.text:abort:abort)

.cinit     0    00000bf8    00000030     
                  00000bf8    0000000c     (__TI_handler_table)
                  00000c04    0000000b     (.cinit..data.load) [load image, compression = lzss]
                  00000c0f    00000001     --HOLE-- [fill = 0]
                  00000c10    00000008     (.cinit..bss.load) [load image, compression = zero_init]
                  00000c18    00000010     (__TI_cinit_table)

.init_array 
*          0    00000000    00000000     UNINITIALIZED

.binit     0    00000000    00000000     

.bss       0    20000000    00000008     UNINITIALIZED
                  20000000    00000004     (.common:ADCresult)
                  20000004    00000004     (.common:calibratedData)

.data      0    20000008    00000008     UNINITIALIZED
                  20000008    00000004     main.obj (.data)
                  2000000c    00000004     system_msp432p401r.obj (.data)

.stack     0    2000fe00    00000200     UNINITIALIZED
                  2000fe00    00000004     rtsv7M4_T_le_v4SPD16_eabi.lib : boot_cortex_m.c.obj (.stack)
                  2000fe04    000001fc     --HOLE--

__llvm_prf_cnts 
*          0    20000000    00000000     UNINITIALIZED

MODULE SUMMARY

       Module                        code   ro data   rw data
       ------                        ----   -------   -------
    .\
       system_msp432p401r.obj        820    0         8      
       UART.obj                      412    0         0      
       main.obj                      304    0         24     
       startup_msp432p401r_ccs.obj   14     228       0      
    +--+-----------------------------+------+---------+---------+
       Total:                        1550   228       32     
                                                             
    C:\ti\ccs\ccs\tools\compiler\ti-cgt-arm_20.2.0.LTS\lib\rtsv7M4_T_le_v4SPD16_eabi.lib
       fd_add_t2.asm.obj             438    0         0      
       fd_mul_t2.asm.obj             252    0         0      
       memcpy_t2.asm.obj             156    0         0      
       fd_tos_t2.asm.obj             110    0         0      
       copy_decompress_lzss.c.obj    104    0         0      
       autoinit.c.obj                68     0         0      
       boot_cortex_m.c.obj           52     0         0      
       i_tofd_t2.asm.obj             46     0         0      
       copy_zero_init.c.obj          28     0         0      
       copy_decompress_none.c.obj    14     0         0      
       exit.c.obj                    4      0         0      
       pre_init.c.obj                4      0         0      
    +--+-----------------------------+------+---------+---------+
       Total:                        1276   0         0      
                                                             
       Stack:                        0      0         1024   
       Linker Generated:             0      47        0      
    +--+-----------------------------+------+---------+---------+
       Grand Total:                  2826   275       1056   


LINKER GENERATED COPY TABLES

__TI_cinit_table @ 00000c18 records: 2, size/record: 8, table size: 16
	.data: load addr=00000c04, load size=0000000b bytes, run addr=20000008, run size=00000008 bytes, compression=lzss
	.bss: load addr=00000c10, load size=00000008 bytes, run addr=20000000, run size=00000008 bytes, compression=zero_init


LINKER GENERATED HANDLER TABLE

__TI_handler_table @ 00000bf8 records: 3, size/record: 4, table size: 12
	index: 0, handler: __TI_decompress_lzss
	index: 1, handler: __TI_decompress_none
	index: 2, handler: __TI_zero_init


GLOBAL SYMBOLS: SORTED ALPHABETICALLY BY Name 

address   name                          
-------   ----                          
0000083f  ADC14_IRQHandler              
0000083f  ADC14_IRQHandler              
20000000  ADCresult                     
00000be9  AES256_IRQHandler             
00000be9  BusFault_Handler              
00000bef  C$$EXIT                       
00000be9  COMP_E0_IRQHandler            
00000be9  COMP_E1_IRQHandler            
00000be9  CS_IRQHandler                 
00000be9  DMA_ERR_IRQHandler            
00000be9  DMA_INT0_IRQHandler           
00000be9  DMA_INT1_IRQHandler           
00000be9  DMA_INT2_IRQHandler           
00000be9  DMA_INT3_IRQHandler           
00000be9  DebugMon_Handler              
00000be9  Default_Handler               
00000be9  EUSCIA0_IRQHandler            
00000be9  EUSCIA1_IRQHandler            
00000be9  EUSCIA2_IRQHandler            
00000be9  EUSCIA3_IRQHandler            
00000be9  EUSCIB0_IRQHandler            
00000be9  EUSCIB1_IRQHandler            
00000be9  EUSCIB2_IRQHandler            
00000be9  EUSCIB3_IRQHandler            
00000be9  FLCTL_IRQHandler              
00000be9  FPU_IRQHandler                
00000be9  HardFault_Handler             
00000be9  MemManage_Handler             
00000be9  NMI_Handler                   
00000be9  PCM_IRQHandler                
00000be9  PORT1_IRQHandler              
00000be9  PORT2_IRQHandler              
00000be9  PORT3_IRQHandler              
00000be9  PORT4_IRQHandler              
00000be9  PORT5_IRQHandler              
00000be9  PORT6_IRQHandler              
00000be9  PSS_IRQHandler                
00000be9  PendSV_Handler                
00000be9  RTC_C_IRQHandler              
00000bdd  Reset_Handler                 
00000be9  SVC_Handler                   
00000be9  SysTick_Handler               
2000000c  SystemCoreClock               
000000e5  SystemCoreClockUpdate         
0000035d  SystemInit                    
00000be9  T32_INT1_IRQHandler           
00000be9  T32_INT2_IRQHandler           
00000be9  T32_INTC_IRQHandler           
00000be9  TA0_0_IRQHandler              
00000be9  TA0_N_IRQHandler              
00000be9  TA1_0_IRQHandler              
00000be9  TA1_N_IRQHandler              
00000be9  TA2_0_IRQHandler              
00000be9  TA2_N_IRQHandler              
00000be9  TA3_0_IRQHandler              
00000be9  TA3_N_IRQHandler              
0000060d  UART_transmit                 
00000be9  UsageFault_Handler            
4000480c  WDTCTL_SYM                    
00000be9  WDT_A_IRQHandler              
20010000  __STACK_END                   
00000200  __STACK_SIZE                  
00000c18  __TI_CINIT_Base               
00000c28  __TI_CINIT_Limit              
00000bf8  __TI_Handler_Table_Base       
00000c04  __TI_Handler_Table_Limit      
00000b0d  __TI_auto_init_nobinit_nopinit
00000aa3  __TI_decompress_lzss          
00000bcf  __TI_decompress_none          
ffffffff  __TI_pprof_out_hndl           
ffffffff  __TI_prof_data_size           
ffffffff  __TI_prof_data_start          
00000000  __TI_static_base__            
00000bb3  __TI_zero_init_nomemset       
00000a35  __aeabi_d2f                   
00000423  __aeabi_dadd                  
0000089d  __aeabi_dmul                  
00000419  __aeabi_dsub                  
00000b85  __aeabi_i2d                   
00000999  __aeabi_memcpy                
00000999  __aeabi_memcpy4               
00000999  __aeabi_memcpy8               
ffffffff  __binit__                     
ffffffff  __c_args__                    
UNDEFED   __mpu_init                    
2000fe00  __stack                       
20000000  __start___llvm_prf_cnts       
20000000  __stop___llvm_prf_cnts        
00000b51  _c_int00_noargs               
UNDEFED   _system_post_cinit            
00000beb  _system_pre_init              
00000bef  abort                         
ffffffff  binit                         
20000004  calibratedData                
000005d1  init_UART0                    
20000008  interruptFlag                 
00000000  interruptVectors              
0000076d  main                          
00000999  memcpy                        


GLOBAL SYMBOLS: SORTED BY Symbol Address 

address   name                          
-------   ----                          
00000000  __TI_static_base__            
00000000  interruptVectors              
000000e5  SystemCoreClockUpdate         
00000200  __STACK_SIZE                  
0000035d  SystemInit                    
00000419  __aeabi_dsub                  
00000423  __aeabi_dadd                  
000005d1  init_UART0                    
0000060d  UART_transmit                 
0000076d  main                          
0000083f  ADC14_IRQHandler              
0000083f  ADC14_IRQHandler              
0000089d  __aeabi_dmul                  
00000999  __aeabi_memcpy                
00000999  __aeabi_memcpy4               
00000999  __aeabi_memcpy8               
00000999  memcpy                        
00000a35  __aeabi_d2f                   
00000aa3  __TI_decompress_lzss          
00000b0d  __TI_auto_init_nobinit_nopinit
00000b51  _c_int00_noargs               
00000b85  __aeabi_i2d                   
00000bb3  __TI_zero_init_nomemset       
00000bcf  __TI_decompress_none          
00000bdd  Reset_Handler                 
00000be9  AES256_IRQHandler             
00000be9  BusFault_Handler              
00000be9  COMP_E0_IRQHandler            
00000be9  COMP_E1_IRQHandler            
00000be9  CS_IRQHandler                 
00000be9  DMA_ERR_IRQHandler            
00000be9  DMA_INT0_IRQHandler           
00000be9  DMA_INT1_IRQHandler           
00000be9  DMA_INT2_IRQHandler           
00000be9  DMA_INT3_IRQHandler           
00000be9  DebugMon_Handler              
00000be9  Default_Handler               
00000be9  EUSCIA0_IRQHandler            
00000be9  EUSCIA1_IRQHandler            
00000be9  EUSCIA2_IRQHandler            
00000be9  EUSCIA3_IRQHandler            
00000be9  EUSCIB0_IRQHandler            
00000be9  EUSCIB1_IRQHandler            
00000be9  EUSCIB2_IRQHandler            
00000be9  EUSCIB3_IRQHandler            
00000be9  FLCTL_IRQHandler              
00000be9  FPU_IRQHandler                
00000be9  HardFault_Handler             
00000be9  MemManage_Handler             
00000be9  NMI_Handler                   
00000be9  PCM_IRQHandler                
00000be9  PORT1_IRQHandler              
00000be9  PORT2_IRQHandler              
00000be9  PORT3_IRQHandler              
00000be9  PORT4_IRQHandler              
00000be9  PORT5_IRQHandler              
00000be9  PORT6_IRQHandler              
00000be9  PSS_IRQHandler                
00000be9  PendSV_Handler                
00000be9  RTC_C_IRQHandler              
00000be9  SVC_Handler                   
00000be9  SysTick_Handler               
00000be9  T32_INT1_IRQHandler           
00000be9  T32_INT2_IRQHandler           
00000be9  T32_INTC_IRQHandler           
00000be9  TA0_0_IRQHandler              
00000be9  TA0_N_IRQHandler              
00000be9  TA1_0_IRQHandler              
00000be9  TA1_N_IRQHandler              
00000be9  TA2_0_IRQHandler              
00000be9  TA2_N_IRQHandler              
00000be9  TA3_0_IRQHandler              
00000be9  TA3_N_IRQHandler              
00000be9  UsageFault_Handler            
00000be9  WDT_A_IRQHandler              
00000beb  _system_pre_init              
00000bef  C$$EXIT                       
00000bef  abort                         
00000bf8  __TI_Handler_Table_Base       
00000c04  __TI_Handler_Table_Limit      
00000c18  __TI_CINIT_Base               
00000c28  __TI_CINIT_Limit              
20000000  ADCresult                     
20000000  __start___llvm_prf_cnts       
20000000  __stop___llvm_prf_cnts        
20000004  calibratedData                
20000008  interruptFlag                 
2000000c  SystemCoreClock               
2000fe00  __stack                       
20010000  __STACK_END                   
4000480c  WDTCTL_SYM                    
ffffffff  __TI_pprof_out_hndl           
ffffffff  __TI_prof_data_size           
ffffffff  __TI_prof_data_start          
ffffffff  __binit__                     
ffffffff  __c_args__                    
ffffffff  binit                         
UNDEFED   __mpu_init                    
UNDEFED   _system_post_cinit            

[99 symbols]
