******************************************************************************
                  TI ARM Linker PC v20.2.0                     
******************************************************************************
>> Linked Mon Apr 20 19:59:36 2020

OUTPUT FILE NAME:   <A4.out>
ENTRY POINT SYMBOL: "_c_int00_noargs"  address: 000030ad


MEMORY CONFIGURATION

         name            origin    length      used     unused   attr    fill
----------------------  --------  ---------  --------  --------  ----  --------
  MAIN                  00000000   00040000  000034b1  0003cb4f  R  X
  INFO                  00200000   00004000  00000000  00004000  R  X
  SRAM_CODE             01000000   00010000  000009b4  0000f64c  RW X
  SRAM_DATA             20000000   00010000  000009b4  0000f64c  RW  


SEGMENT ALLOCATION MAP

run origin  load origin   length   init length attrs members
----------  ----------- ---------- ----------- ----- -------
00000000    00000000    000034b8   000034b8    r-x
  00000000    00000000    000000e4   000000e4    r-- .intvecs
  000000e4    000000e4    00003234   00003234    r-x .text
  00003318    00003318    00000101   00000101    r-- .const
  00003420    00003420    00000098   00000098    r-- .cinit
20000000    20000000    000007b4   00000000    rw-
  20000000    20000000    00000400   00000000    rw- .sysmem
  20000400    20000400    000001ec   00000000    rw- .data
  200005ec    200005ec    000001c8   00000000    rw- .bss
2000fe00    2000fe00    00000200   00000000    rw-
  2000fe00    2000fe00    00000200   00000000    rw- .stack


SECTION ALLOCATION MAP

 output                                  attributes/
section   page    origin      length       input sections
--------  ----  ----------  ----------   ----------------
.intvecs   0    00000000    000000e4     
                  00000000    000000e4     startup_msp432p401r_ccs.obj (.intvecs:retain)

.text      0    000000e4    00003234     
                  000000e4    00000a4e     rtsv7M4_T_le_v4SPD16_eabi.lib : _printfi.c.obj (.text:__TI_printfi)
                  00000b32    00000002                                   : _lock.c.obj (.text:_nop)
                  00000b34    00000334     system_msp432p401r.obj (.text)
                  00000e68    00000270     rtsv7M4_T_le_v4SPD16_eabi.lib : _printfi.c.obj (.text:_pconv_a)
                  000010d8    000001fc     keypad.obj (.text)
                  000012d4    000001d0     rtsv7M4_T_le_v4SPD16_eabi.lib : _printfi.c.obj (.text:_pconv_g)
                  000014a4    000001bc     LCD.obj (.text)
                  00001660    000001b6     rtsv7M4_T_le_v4SPD16_eabi.lib : fd_add_t2.asm.obj (.text)
                  00001816    00000002                                   : div0.asm.obj (.text)
                  00001818    00000140     main.obj (.text)
                  00001958    0000013c     rtsv7M4_T_le_v4SPD16_eabi.lib : _printfi.c.obj (.text:_pconv_e)
                  00001a94    00000136                                   : fd_div_t2.asm.obj (.text)
                  00001bca    00000002     --HOLE-- [fill = 0]
                  00001bcc    00000124                                   : _printfi.c.obj (.text:fcvt)
                  00001cf0    00000114                                   : fputs.c.obj (.text:fputs)
                  00001e04    00000110                                   : s_scalbn.c.obj (.text:scalbn)
                  00001f14    00000108                                   : memory.c.obj (.text:aligned_alloc)
                  0000201c    000000fc                                   : fd_mul_t2.asm.obj (.text)
                  00002118    000000e4                                   : memory.c.obj (.text:free)
                  000021fc    000000dc                                   : setvbuf.c.obj (.text:setvbuf)
                  000022d8    000000b1                                   : _printfi.c.obj (.text:_ltostr)
                  00002389    00000001     --HOLE-- [fill = 0]
                  0000238a    0000009c                                   : memcpy_t2.asm.obj (.text)
                  00002426    00000096                                   : ull_div_t2.asm.obj (.text)
                  000024bc    0000008c                                   : fputc.c.obj (.text:fputc)
                  00002548    00000086                                   : fd_cmp_t2.asm.obj (.text:__aeabi_cdcmple)
                  000025ce    00000086                                   : fd_cmp_t2.asm.obj (.text:__aeabi_cdrcmple)
                  00002654    0000007a                                   : memset_t2.asm.obj (.text)
                  000026ce    00000002     --HOLE-- [fill = 0]
                  000026d0    00000074                                   : fclose.c.obj (.text:__TI_closefile)
                  00002744    00000070                                   : memory.c.obj (.text:split)
                  000027b4    0000006e                                   : _printfi.c.obj (.text:_mcpy)
                  00002822    00000002     --HOLE-- [fill = 0]
                  00002824    0000006c                                   : hostrename.c.obj (.text:HOSTrename)
                  00002890    00000068                                   : hostlseek.c.obj (.text:HOSTlseek)
                  000028f8    00000068                                   : copy_decompress_lzss.c.obj (.text:decompress:lzss:__TI_decompress_lzss)
                  00002960    00000068                                   : printf.c.obj (.text:printf)
                  000029c8    00000064                                   : s_frexp.c.obj (.text:frexp)
                  00002a2c    00000064                                   : fseek.c.obj (.text:fseek)
                  00002a90    00000062                                   : _io_perm.c.obj (.text:__TI_wrt_ok)
                  00002af2    00000002     --HOLE-- [fill = 0]
                  00002af4    00000060                                   : hostopen.c.obj (.text:HOSTopen)
                  00002b54    0000005c                                   : close.c.obj (.text:close)
                  00002bb0    00000058                                   : hostread.c.obj (.text:HOSTread)
                  00002c08    00000058                                   : hostwrite.c.obj (.text:HOSTwrite)
                  00002c60    00000056                                   : _printfi.c.obj (.text:_pconv_f)
                  00002cb6    00000054                                   : _ltoa.c.obj (.text:__TI_ltoa)
                  00002d0a    00000052                                   : _printfi.c.obj (.text:_ecpy)
                  00002d5c    0000004c                                   : fflush.c.obj (.text:__TI_doflush)
                  00002da8    0000004c                                   : atoi.c.obj (.text:atoi)
                  00002df4    00000048                                   : exit.c.obj (.text:exit)
                  00002e3c    00000048                                   : fd_toi_t2.asm.obj (.text)
                  00002e84    00000044                                   : hostclose.c.obj (.text:HOSTclose)
                  00002ec8    00000044                                   : hostunlink.c.obj (.text:HOSTunlink)
                  00002f0c    00000044                                   : autoinit.c.obj (.text:__TI_auto_init_nobinit_nopinit:__TI_auto_init_nobinit_nopinit)
                  00002f50    00000044                                   : getdevice.c.obj (.text:getdevice)
                  00002f94    0000003e                                   : _printfi.c.obj (.text:_fcpy)
                  00002fd2    00000002     --HOLE-- [fill = 0]
                  00002fd4    00000038                                   : trgmsg.c.obj (.text:__TI_writemsg)
                  0000300c    00000036                                   : strncpy.c.obj (.text:strncpy)
                  00003042    00000002     --HOLE-- [fill = 0]
                  00003044    00000034                                   : fopen.c.obj (.text:__TI_cleanup)
                  00003078    00000034                                   : trgmsg.c.obj (.text:__TI_readmsg)
                  000030ac    00000034                                   : boot_cortex_m.c.obj (.text:_c_int00_noargs:_c_int00_noargs)
                  000030e0    00000030                                   : getdevice.c.obj (.text:finddevice)
                  00003110    0000002e                                   : i_tofd_t2.asm.obj (.text)
                  0000313e    00000002     --HOLE-- [fill = 0]
                  00003140    0000002c                                   : unlink.c.obj (.text:unlink)
                  0000316c    00000028                                   : memory.c.obj (.text:free_list_insert)
                  00003194    00000028                                   : lseek.c.obj (.text:lseek)
                  000031bc    00000028                                   : write.c.obj (.text:write)
                  000031e4    00000020                                   : memchr.c.obj (.text:memchr)
                  00003204    0000001c                                   : copy_zero_init.c.obj (.text:decompress:ZI:__TI_zero_init_nomemset:__TI_zero_init_nomemset)
                  00003220    0000001c                                   : memory.c.obj (.text:free_list_remove)
                  0000323c    0000001c                                   : memccpy.c.obj (.text:memccpy)
                  00003258    0000001a                                   : s_copysign.c.obj (.text:copysign)
                  00003272    00000018                                   : strcmp.c.obj (.text:strcmp)
                  0000328a    00000016                                   : strchr.c.obj (.text:strchr)
                  000032a0    00000014                                   : strcpy.c.obj (.text:strcpy)
                  000032b4    00000014                                   : strlen.c.obj (.text:strlen)
                  000032c8    00000012                                   : wcslen.c.obj (.text:wcslen)
                  000032da    0000000e                                   : copy_decompress_none.c.obj (.text:decompress:none:__TI_decompress_none)
                  000032e8    0000000e     startup_msp432p401r_ccs.obj (.text)
                  000032f6    00000002     --HOLE-- [fill = 0]
                  000032f8    00000008     rtsv7M4_T_le_v4SPD16_eabi.lib : errno.c.obj (.text:__aeabi_errno_addr)
                  00003300    00000008                                   : memory.c.obj (.text:malloc)
                  00003308    00000004                                   : printf.c.obj (.text:_outc)
                  0000330c    00000004                                   : printf.c.obj (.text:_outs)
                  00003310    00000004                                   : pre_init.c.obj (.text:_system_pre_init)
                  00003314    00000004                                   : exit.c.obj (.text:abort:abort)

.const     0    00003318    00000101     
                  00003318    00000101     rtsv7M4_T_le_v4SPD16_eabi.lib : ctype.c.obj (.const:.string:_ctypes_)

.cinit     0    00003420    00000098     
                  00003420    0000006e     (.cinit..data.load) [load image, compression = lzss]
                  0000348e    00000002     --HOLE-- [fill = 0]
                  00003490    0000000c     (__TI_handler_table)
                  0000349c    00000004     --HOLE-- [fill = 0]
                  000034a0    00000008     (.cinit..bss.load) [load image, compression = zero_init]
                  000034a8    00000010     (__TI_cinit_table)

.init_array 
*          0    00000000    00000000     UNINITIALIZED

.binit     0    00000000    00000000     

.sysmem    0    20000000    00000400     UNINITIALIZED
                  20000000    00000010     rtsv7M4_T_le_v4SPD16_eabi.lib : memory.c.obj (.sysmem)
                  20000010    000003f0     --HOLE--

.data      0    20000400    000001ec     UNINITIALIZED
                  20000400    000000f0     rtsv7M4_T_le_v4SPD16_eabi.lib : defs.c.obj (.data:_ftable)
                  200004f0    00000078                                   : host_device.c.obj (.data:_device)
                  20000568    00000050                                   : host_device.c.obj (.data:_stream)
                  200005b8    00000010                                   : defs.c.obj (.data)
                  200005c8    0000000c                                   : exit.c.obj (.data:$O1$$)
                  200005d4    00000008                                   : _lock.c.obj (.data:$O1$$)
                  200005dc    00000008                                   : memory.c.obj (.data:$O1$$)
                  200005e4    00000004                                   : errno.c.obj (.data)
                  200005e8    00000004     system_msp432p401r.obj (.data)

.bss       0    200005ec    000001c8     UNINITIALIZED
                  200005ec    00000120     rtsv7M4_T_le_v4SPD16_eabi.lib : trgmsg.c.obj (.bss:_CIOBUF_)
                  2000070c    000000a0     (.common:__TI_tmpnams)
                  200007ac    00000008     (.common:parmbuf)

.stack     0    2000fe00    00000200     UNINITIALIZED
                  2000fe00    00000004     rtsv7M4_T_le_v4SPD16_eabi.lib : boot_cortex_m.c.obj (.stack)
                  2000fe04    000001fc     --HOLE--

__llvm_prf_cnts 
*          0    20000000    00000000     UNINITIALIZED

MODULE SUMMARY

       Module                        code    ro data   rw data
       ------                        ----    -------   -------
    .\
       system_msp432p401r.obj        820     0         8      
       keypad.obj                    508     0         0      
       LCD.obj                       444     0         0      
       main.obj                      320     0         0      
       startup_msp432p401r_ccs.obj   14      228       0      
    +--+-----------------------------+-------+---------+---------+
       Total:                        2106    228       8      
                                                              
    C:\ti\ccs\ccs\tools\compiler\ti-cgt-arm_20.2.0.LTS\lib\rtsv7M4_T_le_v4SPD16_eabi.lib
       _printfi.c.obj                4851    0         0      
       defs.c.obj                    0       0         832    
       memory.c.obj                  680     0         16     
       trgmsg.c.obj                  108     0         576    
       fd_add_t2.asm.obj             438     0         0      
       host_device.c.obj             0       0         400    
       fd_div_t2.asm.obj             310     0         0      
       fputs.c.obj                   276     0         0      
       s_scalbn.c.obj                272     0         0      
       fd_cmp_t2.asm.obj             268     0         0      
       ctype.c.obj                   0       257       0      
       fd_mul_t2.asm.obj             252     0         0      
       setvbuf.c.obj                 220     0         0      
       memcpy_t2.asm.obj             156     0         0      
       ull_div_t2.asm.obj            150     0         0      
       fputc.c.obj                   140     0         0      
       memset_t2.asm.obj             122     0         0      
       fclose.c.obj                  116     0         0      
       getdevice.c.obj               116     0         0      
       hostopen.c.obj                96      0         16     
       printf.c.obj                  112     0         0      
       hostrename.c.obj              108     0         0      
       copy_decompress_lzss.c.obj    104     0         0      
       hostlseek.c.obj               104     0         0      
       exit.c.obj                    76      0         24     
       fseek.c.obj                   100     0         0      
       s_frexp.c.obj                 100     0         0      
       _io_perm.c.obj                98      0         0      
       close.c.obj                   92      0         0      
       hostread.c.obj                88      0         0      
       hostwrite.c.obj               88      0         0      
       _ltoa.c.obj                   84      0         0      
       atoi.c.obj                    76      0         0      
       fflush.c.obj                  76      0         0      
       fd_toi_t2.asm.obj             72      0         0      
       autoinit.c.obj                68      0         0      
       hostclose.c.obj               68      0         0      
       hostunlink.c.obj              68      0         0      
       strncpy.c.obj                 54      0         0      
       boot_cortex_m.c.obj           52      0         0      
       fopen.c.obj                   52      0         0      
       i_tofd_t2.asm.obj             46      0         0      
       unlink.c.obj                  44      0         0      
       lseek.c.obj                   40      0         0      
       write.c.obj                   40      0         0      
       memchr.c.obj                  32      0         0      
       copy_zero_init.c.obj          28      0         0      
       memccpy.c.obj                 28      0         0      
       s_copysign.c.obj              26      0         0      
       strcmp.c.obj                  24      0         0      
       strchr.c.obj                  22      0         0      
       strcpy.c.obj                  20      0         0      
       strlen.c.obj                  20      0         0      
       _lock.c.obj                   2       0         16     
       wcslen.c.obj                  18      0         0      
       errno.c.obj                   8       0         8      
       copy_decompress_none.c.obj    14      0         0      
       pre_init.c.obj                4       0         0      
       div0.asm.obj                  2       0         0      
    +--+-----------------------------+-------+---------+---------+
       Total:                        10729   257       1888   
                                                              
       Heap:                         0       0         2048   
       Stack:                        0       0         1024   
       Linker Generated:             0       146       0      
    +--+-----------------------------+-------+---------+---------+
       Grand Total:                  12835   631       4968   


LINKER GENERATED COPY TABLES

__TI_cinit_table @ 000034a8 records: 2, size/record: 8, table size: 16
	.data: load addr=00003420, load size=0000006e bytes, run addr=20000400, run size=000001ec bytes, compression=lzss
	.bss: load addr=000034a0, load size=00000008 bytes, run addr=200005ec, run size=000001c8 bytes, compression=zero_init


LINKER GENERATED HANDLER TABLE

__TI_handler_table @ 00003490 records: 3, size/record: 4, table size: 12
	index: 0, handler: __TI_decompress_lzss
	index: 1, handler: __TI_decompress_none
	index: 2, handler: __TI_zero_init


GLOBAL SYMBOLS: SORTED ALPHABETICALLY BY Name 

address   name                           
-------   ----                           
000032f5  ADC14_IRQHandler               
000032f5  AES256_IRQHandler              
000032f5  BusFault_Handler               
00003315  C$$EXIT                        
00003003  C$$IO$$                        
000032f5  COMP_E0_IRQHandler             
000032f5  COMP_E1_IRQHandler             
000032f5  CS_IRQHandler                  
000032f5  DMA_ERR_IRQHandler             
000032f5  DMA_INT0_IRQHandler            
000032f5  DMA_INT1_IRQHandler            
000032f5  DMA_INT2_IRQHandler            
000032f5  DMA_INT3_IRQHandler            
000032f5  DebugMon_Handler               
000032f5  Default_Handler                
000032f5  EUSCIA0_IRQHandler             
000032f5  EUSCIA1_IRQHandler             
000032f5  EUSCIA2_IRQHandler             
000032f5  EUSCIA3_IRQHandler             
000032f5  EUSCIB0_IRQHandler             
000032f5  EUSCIB1_IRQHandler             
000032f5  EUSCIB2_IRQHandler             
000032f5  EUSCIB3_IRQHandler             
000032f5  FLCTL_IRQHandler               
000032f5  FPU_IRQHandler                 
00002e85  HOSTclose                      
00002891  HOSTlseek                      
00002af5  HOSTopen                       
00002bb1  HOSTread                       
00002825  HOSTrename                     
00002ec9  HOSTunlink                     
00002c09  HOSTwrite                      
000032f5  HardFault_Handler              
00001641  Home_LCD                       
00001535  LCD_4bit_write                 
0000162d  LCD_Line2                      
0000158d  LCD_command                    
000014d1  LCD_init                       
000032f5  MemManage_Handler              
000032f5  NMI_Handler                    
000032f5  PCM_IRQHandler                 
000032f5  PORT1_IRQHandler               
000032f5  PORT2_IRQHandler               
000032f5  PORT3_IRQHandler               
000032f5  PORT4_IRQHandler               
000032f5  PORT5_IRQHandler               
000032f5  PORT6_IRQHandler               
000032f5  PSS_IRQHandler                 
000032f5  PendSV_Handler                 
000032f5  RTC_C_IRQHandler               
000032e9  Reset_Handler                  
000032f5  SVC_Handler                    
000032f5  SysTick_Handler                
200005e8  SystemCoreClock                
00000b35  SystemCoreClockUpdate          
00000dad  SystemInit                     
000032f5  T32_INT1_IRQHandler            
000032f5  T32_INT2_IRQHandler            
000032f5  T32_INTC_IRQHandler            
000032f5  TA0_0_IRQHandler               
000032f5  TA0_N_IRQHandler               
000032f5  TA1_0_IRQHandler               
000032f5  TA1_N_IRQHandler               
000032f5  TA2_0_IRQHandler               
000032f5  TA2_N_IRQHandler               
000032f5  TA3_0_IRQHandler               
000032f5  TA3_N_IRQHandler               
000032f5  UsageFault_Handler             
4000480c  WDTCTL_SYM                     
000032f5  WDT_A_IRQHandler               
000015c9  Write_char_LCD                 
000014a5  Write_string_LCD               
200005ec  __CIOBUF_                      
20010000  __STACK_END                    
00000200  __STACK_SIZE                   
00000400  __SYSMEM_SIZE                  
000034a8  __TI_CINIT_Base                
000034b8  __TI_CINIT_Limit               
00003490  __TI_Handler_Table_Base        
0000349c  __TI_Handler_Table_Limit       
00002f0d  __TI_auto_init_nobinit_nopinit 
00003045  __TI_cleanup                   
200005c8  __TI_cleanup_ptr               
000026d1  __TI_closefile                 
000028f9  __TI_decompress_lzss           
000032db  __TI_decompress_none           
00002d5d  __TI_doflush                   
200005cc  __TI_dtors_ptr                 
200005d0  __TI_enable_exit_profile_output
200005b8  __TI_ft_end                    
00002cb7  __TI_ltoa                      
ffffffff  __TI_pprof_out_hndl            
000000e5  __TI_printfi                   
ffffffff  __TI_prof_data_size            
ffffffff  __TI_prof_data_start           
00003079  __TI_readmsg                   
00000000  __TI_static_base__             
2000070c  __TI_tmpnams                   
00002fd5  __TI_writemsg                  
00002a91  __TI_wrt_ok                    
00003205  __TI_zero_init_nomemset        
00002549  __aeabi_cdcmpeq                
00002549  __aeabi_cdcmple                
000025cf  __aeabi_cdrcmple               
00002e3d  __aeabi_d2iz                   
0000166b  __aeabi_dadd                   
00001a95  __aeabi_ddiv                   
0000201d  __aeabi_dmul                   
00001661  __aeabi_dsub                   
000032f9  __aeabi_errno_addr             
00003111  __aeabi_i2d                    
00001817  __aeabi_idiv0                  
00001817  __aeabi_ldiv0                  
00002655  __aeabi_memclr                 
00002655  __aeabi_memclr4                
00002655  __aeabi_memclr8                
0000238b  __aeabi_memcpy                 
0000238b  __aeabi_memcpy4                
0000238b  __aeabi_memcpy8                
00002657  __aeabi_memset                 
00002657  __aeabi_memset4                
00002657  __aeabi_memset8                
200005c4  __aeabi_stderr                 
200005bc  __aeabi_stdin                  
200005c0  __aeabi_stdout                 
00002427  __aeabi_uldivmod               
ffffffff  __binit__                      
ffffffff  __c_args__                     
UNDEFED   __mpu_init                     
2000fe00  __stack                        
20000000  __start___llvm_prf_cnts        
20000000  __stop___llvm_prf_cnts         
000030ad  _c_int00_noargs                
00003318  _ctypes_                       
200004f0  _device                        
20000400  _ftable                        
200005d4  _lock                          
00000b33  _nop                           
20000568  _stream                        
20000000  _sys_memory                    
UNDEFED   _system_post_cinit             
00003311  _system_pre_init               
200005d8  _unlock                        
00003315  abort                          
00001f15  aligned_alloc                  
00002da9  atoi                           
ffffffff  binit                          
00001637  clear_LCD                      
00002b55  close                          
00003259  copysign                       
00003259  copysignl                      
000015f3  delay_us                       
200005e4  errno                          
00002df5  exit                           
000030e1  finddevice                     
000024bd  fputc                          
00001cf1  fputs                          
00002119  free                           
000029c9  frexp                          
000029c9  frexpl                         
00002a2d  fseek                          
00002f51  getdevice                      
00000000  interruptVectors               
00001147  keypad_getkey                  
0000112b  keypad_init                    
00001e05  ldexp                          
00001e05  ldexpl                         
00003195  lseek                          
00001819  main                           
00003301  malloc                         
00001f15  memalign                       
0000323d  memccpy                        
000031e5  memchr                         
0000238b  memcpy                         
0000265d  memset                         
000010d9  over                           
200007ac  parmbuf                        
000010f3  printToLCD                     
00002961  printf                         
000024bd  putc                           
00003141  remove                         
00001e05  scalbn                         
00001e05  scalbnl                        
000021fd  setvbuf                        
0000328b  strchr                         
00003273  strcmp                         
000032a1  strcpy                         
000032b5  strlen                         
0000300d  strncpy                        
00003141  unlink                         
000032c9  wcslen                         
000031bd  write                          


GLOBAL SYMBOLS: SORTED BY Symbol Address 

address   name                           
-------   ----                           
00000000  __TI_static_base__             
00000000  interruptVectors               
000000e5  __TI_printfi                   
00000200  __STACK_SIZE                   
00000400  __SYSMEM_SIZE                  
00000b33  _nop                           
00000b35  SystemCoreClockUpdate          
00000dad  SystemInit                     
000010d9  over                           
000010f3  printToLCD                     
0000112b  keypad_init                    
00001147  keypad_getkey                  
000014a5  Write_string_LCD               
000014d1  LCD_init                       
00001535  LCD_4bit_write                 
0000158d  LCD_command                    
000015c9  Write_char_LCD                 
000015f3  delay_us                       
0000162d  LCD_Line2                      
00001637  clear_LCD                      
00001641  Home_LCD                       
00001661  __aeabi_dsub                   
0000166b  __aeabi_dadd                   
00001817  __aeabi_idiv0                  
00001817  __aeabi_ldiv0                  
00001819  main                           
00001a95  __aeabi_ddiv                   
00001cf1  fputs                          
00001e05  ldexp                          
00001e05  ldexpl                         
00001e05  scalbn                         
00001e05  scalbnl                        
00001f15  aligned_alloc                  
00001f15  memalign                       
0000201d  __aeabi_dmul                   
00002119  free                           
000021fd  setvbuf                        
0000238b  __aeabi_memcpy                 
0000238b  __aeabi_memcpy4                
0000238b  __aeabi_memcpy8                
0000238b  memcpy                         
00002427  __aeabi_uldivmod               
000024bd  fputc                          
000024bd  putc                           
00002549  __aeabi_cdcmpeq                
00002549  __aeabi_cdcmple                
000025cf  __aeabi_cdrcmple               
00002655  __aeabi_memclr                 
00002655  __aeabi_memclr4                
00002655  __aeabi_memclr8                
00002657  __aeabi_memset                 
00002657  __aeabi_memset4                
00002657  __aeabi_memset8                
0000265d  memset                         
000026d1  __TI_closefile                 
00002825  HOSTrename                     
00002891  HOSTlseek                      
000028f9  __TI_decompress_lzss           
00002961  printf                         
000029c9  frexp                          
000029c9  frexpl                         
00002a2d  fseek                          
00002a91  __TI_wrt_ok                    
00002af5  HOSTopen                       
00002b55  close                          
00002bb1  HOSTread                       
00002c09  HOSTwrite                      
00002cb7  __TI_ltoa                      
00002d5d  __TI_doflush                   
00002da9  atoi                           
00002df5  exit                           
00002e3d  __aeabi_d2iz                   
00002e85  HOSTclose                      
00002ec9  HOSTunlink                     
00002f0d  __TI_auto_init_nobinit_nopinit 
00002f51  getdevice                      
00002fd5  __TI_writemsg                  
00003003  C$$IO$$                        
0000300d  strncpy                        
00003045  __TI_cleanup                   
00003079  __TI_readmsg                   
000030ad  _c_int00_noargs                
000030e1  finddevice                     
00003111  __aeabi_i2d                    
00003141  remove                         
00003141  unlink                         
00003195  lseek                          
000031bd  write                          
000031e5  memchr                         
00003205  __TI_zero_init_nomemset        
0000323d  memccpy                        
00003259  copysign                       
00003259  copysignl                      
00003273  strcmp                         
0000328b  strchr                         
000032a1  strcpy                         
000032b5  strlen                         
000032c9  wcslen                         
000032db  __TI_decompress_none           
000032e9  Reset_Handler                  
000032f5  ADC14_IRQHandler               
000032f5  AES256_IRQHandler              
000032f5  BusFault_Handler               
000032f5  COMP_E0_IRQHandler             
000032f5  COMP_E1_IRQHandler             
000032f5  CS_IRQHandler                  
000032f5  DMA_ERR_IRQHandler             
000032f5  DMA_INT0_IRQHandler            
000032f5  DMA_INT1_IRQHandler            
000032f5  DMA_INT2_IRQHandler            
000032f5  DMA_INT3_IRQHandler            
000032f5  DebugMon_Handler               
000032f5  Default_Handler                
000032f5  EUSCIA0_IRQHandler             
000032f5  EUSCIA1_IRQHandler             
000032f5  EUSCIA2_IRQHandler             
000032f5  EUSCIA3_IRQHandler             
000032f5  EUSCIB0_IRQHandler             
000032f5  EUSCIB1_IRQHandler             
000032f5  EUSCIB2_IRQHandler             
000032f5  EUSCIB3_IRQHandler             
000032f5  FLCTL_IRQHandler               
000032f5  FPU_IRQHandler                 
000032f5  HardFault_Handler              
000032f5  MemManage_Handler              
000032f5  NMI_Handler                    
000032f5  PCM_IRQHandler                 
000032f5  PORT1_IRQHandler               
000032f5  PORT2_IRQHandler               
000032f5  PORT3_IRQHandler               
000032f5  PORT4_IRQHandler               
000032f5  PORT5_IRQHandler               
000032f5  PORT6_IRQHandler               
000032f5  PSS_IRQHandler                 
000032f5  PendSV_Handler                 
000032f5  RTC_C_IRQHandler               
000032f5  SVC_Handler                    
000032f5  SysTick_Handler                
000032f5  T32_INT1_IRQHandler            
000032f5  T32_INT2_IRQHandler            
000032f5  T32_INTC_IRQHandler            
000032f5  TA0_0_IRQHandler               
000032f5  TA0_N_IRQHandler               
000032f5  TA1_0_IRQHandler               
000032f5  TA1_N_IRQHandler               
000032f5  TA2_0_IRQHandler               
000032f5  TA2_N_IRQHandler               
000032f5  TA3_0_IRQHandler               
000032f5  TA3_N_IRQHandler               
000032f5  UsageFault_Handler             
000032f5  WDT_A_IRQHandler               
000032f9  __aeabi_errno_addr             
00003301  malloc                         
00003311  _system_pre_init               
00003315  C$$EXIT                        
00003315  abort                          
00003318  _ctypes_                       
00003490  __TI_Handler_Table_Base        
0000349c  __TI_Handler_Table_Limit       
000034a8  __TI_CINIT_Base                
000034b8  __TI_CINIT_Limit               
20000000  __start___llvm_prf_cnts        
20000000  __stop___llvm_prf_cnts         
20000000  _sys_memory                    
20000400  _ftable                        
200004f0  _device                        
20000568  _stream                        
200005b8  __TI_ft_end                    
200005bc  __aeabi_stdin                  
200005c0  __aeabi_stdout                 
200005c4  __aeabi_stderr                 
200005c8  __TI_cleanup_ptr               
200005cc  __TI_dtors_ptr                 
200005d0  __TI_enable_exit_profile_output
200005d4  _lock                          
200005d8  _unlock                        
200005e4  errno                          
200005e8  SystemCoreClock                
200005ec  __CIOBUF_                      
2000070c  __TI_tmpnams                   
200007ac  parmbuf                        
2000fe00  __stack                        
20010000  __STACK_END                    
4000480c  WDTCTL_SYM                     
ffffffff  __TI_pprof_out_hndl            
ffffffff  __TI_prof_data_size            
ffffffff  __TI_prof_data_start           
ffffffff  __binit__                      
ffffffff  __c_args__                     
ffffffff  binit                          
UNDEFED   __mpu_init                     
UNDEFED   _system_post_cinit             

[192 symbols]
