******************************************************************************
                  TI ARM Linker PC v20.2.0                     
******************************************************************************
>> Linked Mon Jun  8 13:03:56 2020

OUTPUT FILE NAME:   <Final.out>
ENTRY POINT SYMBOL: "_c_int00_noargs"  address: 00003cbd


MEMORY CONFIGURATION

         name            origin    length      used     unused   attr    fill
----------------------  --------  ---------  --------  --------  ----  --------
  MAIN                  00000000   00040000  000040e1  0003bf1f  R  X
  INFO                  00200000   00004000  00000000  00004000  R  X
  SRAM_CODE             01000000   00010000  00000a01  0000f5ff  RW X
  SRAM_DATA             20000000   00010000  00000a01  0000f5ff  RW  


SEGMENT ALLOCATION MAP

run origin  load origin   length   init length attrs members
----------  ----------- ---------- ----------- ----- -------
00000000    00000000    000040e8   000040e8    r-x
  00000000    00000000    000000e4   000000e4    r-- .intvecs
  000000e4    000000e4    00003e64   00003e64    r-x .text
  00003f48    00003f48    00000101   00000101    r-- .const
  00004050    00004050    00000098   00000098    r-- .cinit
20000000    20000000    00000805   00000000    rw-
  20000000    20000000    00000400   00000000    rw- .sysmem
  20000400    20000400    0000021c   00000000    rw- .data
  20000620    20000620    000001e5   00000000    rw- .bss
2000fe00    2000fe00    00000200   00000000    rw-
  2000fe00    2000fe00    00000200   00000000    rw- .stack


SECTION ALLOCATION MAP

 output                                  attributes/
section   page    origin      length       input sections
--------  ----  ----------  ----------   ----------------
.intvecs   0    00000000    000000e4     
                  00000000    000000e4     startup_msp432p401r_ccs.obj (.intvecs:retain)

.text      0    000000e4    00003e64     
                  000000e4    00000b88     main.obj (.text)
                  00000c6c    00000a4e     rtsv7M4_T_le_v4SPD16_eabi.lib : _printfi.c.obj (.text:__TI_printfi)
                  000016ba    00000002                                   : _lock.c.obj (.text:_nop)
                  000016bc    00000334     system_msp432p401r.obj (.text)
                  000019f0    00000270     rtsv7M4_T_le_v4SPD16_eabi.lib : _printfi.c.obj (.text:_pconv_a)
                  00001c60    00000238     Blu.obj (.text)
                  00001e98    00000208     MotorController.obj (.text)
                  000020a0    000001d0     rtsv7M4_T_le_v4SPD16_eabi.lib : _printfi.c.obj (.text:_pconv_g)
                  00002270    000001b6                                   : fd_add_t2.asm.obj (.text)
                  00002426    00000002                                   : div0.asm.obj (.text)
                  00002428    0000013c                                   : _printfi.c.obj (.text:_pconv_e)
                  00002564    00000136                                   : fd_div_t2.asm.obj (.text)
                  0000269a    00000002     --HOLE-- [fill = 0]
                  0000269c    00000124                                   : _printfi.c.obj (.text:fcvt)
                  000027c0    00000114                                   : fputs.c.obj (.text:fputs)
                  000028d4    00000110                                   : s_scalbn.c.obj (.text:scalbn)
                  000029e4    00000108                                   : memory.c.obj (.text:aligned_alloc)
                  00002aec    000000fc                                   : fd_mul_t2.asm.obj (.text)
                  00002be8    000000e4                                   : memory.c.obj (.text:free)
                  00002ccc    000000dc                                   : setvbuf.c.obj (.text:setvbuf)
                  00002da8    000000c4     DAC.obj (.text)
                  00002e6c    000000b1     rtsv7M4_T_le_v4SPD16_eabi.lib : _printfi.c.obj (.text:_ltostr)
                  00002f1d    00000001     --HOLE-- [fill = 0]
                  00002f1e    0000009c                                   : memcpy_t2.asm.obj (.text)
                  00002fba    00000096                                   : ull_div_t2.asm.obj (.text)
                  00003050    0000008c                                   : fputc.c.obj (.text:fputc)
                  000030dc    00000086                                   : fd_cmp_t2.asm.obj (.text:__aeabi_cdcmple)
                  00003162    00000086                                   : fd_cmp_t2.asm.obj (.text:__aeabi_cdrcmple)
                  000031e8    0000007a                                   : memset_t2.asm.obj (.text)
                  00003262    00000002     --HOLE-- [fill = 0]
                  00003264    00000074                                   : fclose.c.obj (.text:__TI_closefile)
                  000032d8    00000070                                   : memory.c.obj (.text:split)
                  00003348    0000006e                                   : _printfi.c.obj (.text:_mcpy)
                  000033b6    00000002     --HOLE-- [fill = 0]
                  000033b8    0000006c                                   : hostrename.c.obj (.text:HOSTrename)
                  00003424    00000068                                   : hostlseek.c.obj (.text:HOSTlseek)
                  0000348c    00000068                                   : copy_decompress_lzss.c.obj (.text:decompress:lzss:__TI_decompress_lzss)
                  000034f4    00000068                                   : printf.c.obj (.text:printf)
                  0000355c    00000064                                   : s_frexp.c.obj (.text:frexp)
                  000035c0    00000064                                   : fseek.c.obj (.text:fseek)
                  00003624    00000062                                   : _io_perm.c.obj (.text:__TI_wrt_ok)
                  00003686    00000002     --HOLE-- [fill = 0]
                  00003688    00000060                                   : hostopen.c.obj (.text:HOSTopen)
                  000036e8    0000005c                                   : close.c.obj (.text:close)
                  00003744    00000058                                   : hostread.c.obj (.text:HOSTread)
                  0000379c    00000058                                   : hostwrite.c.obj (.text:HOSTwrite)
                  000037f4    00000056                                   : _printfi.c.obj (.text:_pconv_f)
                  0000384a    00000054                                   : _ltoa.c.obj (.text:__TI_ltoa)
                  0000389e    00000052                                   : _printfi.c.obj (.text:_ecpy)
                  000038f0    0000004c                                   : fflush.c.obj (.text:__TI_doflush)
                  0000393c    0000004c                                   : atoi.c.obj (.text:atoi)
                  00003988    00000048                                   : exit.c.obj (.text:exit)
                  000039d0    00000048                                   : fd_toi_t2.asm.obj (.text)
                  00003a18    00000044                                   : hostclose.c.obj (.text:HOSTclose)
                  00003a5c    00000044                                   : hostunlink.c.obj (.text:HOSTunlink)
                  00003aa0    00000044                                   : autoinit.c.obj (.text:__TI_auto_init_nobinit_nopinit:__TI_auto_init_nobinit_nopinit)
                  00003ae4    00000044                                   : getdevice.c.obj (.text:getdevice)
                  00003b28    00000044                                   : fd_tou_t2.asm.obj (.text)
                  00003b6c    0000003e                                   : _printfi.c.obj (.text:_fcpy)
                  00003baa    00000002     --HOLE-- [fill = 0]
                  00003bac    00000038                                   : trgmsg.c.obj (.text:__TI_writemsg)
                  00003be4    00000038                                   : fs_tod_t2.asm.obj (.text)
                  00003c1c    00000036                                   : strncpy.c.obj (.text:strncpy)
                  00003c52    00000002     --HOLE-- [fill = 0]
                  00003c54    00000034                                   : fopen.c.obj (.text:__TI_cleanup)
                  00003c88    00000034                                   : trgmsg.c.obj (.text:__TI_readmsg)
                  00003cbc    00000034                                   : boot_cortex_m.c.obj (.text:_c_int00_noargs:_c_int00_noargs)
                  00003cf0    00000030                                   : getdevice.c.obj (.text:finddevice)
                  00003d20    0000002e                                   : i_tofd_t2.asm.obj (.text)
                  00003d4e    00000002     --HOLE-- [fill = 0]
                  00003d50    0000002c                                   : unlink.c.obj (.text:unlink)
                  00003d7c    00000028                                   : memory.c.obj (.text:free_list_insert)
                  00003da4    00000028                                   : lseek.c.obj (.text:lseek)
                  00003dcc    00000028                                   : write.c.obj (.text:write)
                  00003df4    00000020                                   : memchr.c.obj (.text:memchr)
                  00003e14    00000020                                   : u_tofd_t2.asm.obj (.text)
                  00003e34    0000001c                                   : copy_zero_init.c.obj (.text:decompress:ZI:__TI_zero_init_nomemset:__TI_zero_init_nomemset)
                  00003e50    0000001c                                   : memory.c.obj (.text:free_list_remove)
                  00003e6c    0000001c                                   : memccpy.c.obj (.text:memccpy)
                  00003e88    0000001a                                   : s_copysign.c.obj (.text:copysign)
                  00003ea2    00000018                                   : strcmp.c.obj (.text:strcmp)
                  00003eba    00000016                                   : strchr.c.obj (.text:strchr)
                  00003ed0    00000014                                   : strcpy.c.obj (.text:strcpy)
                  00003ee4    00000014                                   : strlen.c.obj (.text:strlen)
                  00003ef8    00000012                                   : wcslen.c.obj (.text:wcslen)
                  00003f0a    0000000e                                   : copy_decompress_none.c.obj (.text:decompress:none:__TI_decompress_none)
                  00003f18    0000000e     startup_msp432p401r_ccs.obj (.text)
                  00003f26    00000002     --HOLE-- [fill = 0]
                  00003f28    00000008     rtsv7M4_T_le_v4SPD16_eabi.lib : errno.c.obj (.text:__aeabi_errno_addr)
                  00003f30    00000008                                   : memory.c.obj (.text:malloc)
                  00003f38    00000004                                   : printf.c.obj (.text:_outc)
                  00003f3c    00000004                                   : printf.c.obj (.text:_outs)
                  00003f40    00000004                                   : pre_init.c.obj (.text:_system_pre_init)
                  00003f44    00000004                                   : exit.c.obj (.text:abort:abort)

.const     0    00003f48    00000101     
                  00003f48    00000101     rtsv7M4_T_le_v4SPD16_eabi.lib : ctype.c.obj (.const:.string:_ctypes_)

.cinit     0    00004050    00000098     
                  00004050    0000006f     (.cinit..data.load) [load image, compression = lzss]
                  000040bf    00000001     --HOLE-- [fill = 0]
                  000040c0    0000000c     (__TI_handler_table)
                  000040cc    00000004     --HOLE-- [fill = 0]
                  000040d0    00000008     (.cinit..bss.load) [load image, compression = zero_init]
                  000040d8    00000010     (__TI_cinit_table)

.init_array 
*          0    00000000    00000000     UNINITIALIZED

.binit     0    00000000    00000000     

.sysmem    0    20000000    00000400     UNINITIALIZED
                  20000000    00000010     rtsv7M4_T_le_v4SPD16_eabi.lib : memory.c.obj (.sysmem)
                  20000010    000003f0     --HOLE--

.data      0    20000400    0000021c     UNINITIALIZED
                  20000400    000000f0     rtsv7M4_T_le_v4SPD16_eabi.lib : defs.c.obj (.data:_ftable)
                  200004f0    00000078                                   : host_device.c.obj (.data:_device)
                  20000568    00000050                                   : host_device.c.obj (.data:_stream)
                  200005b8    00000028     main.obj (.data)
                  200005e0    00000010     rtsv7M4_T_le_v4SPD16_eabi.lib : defs.c.obj (.data)
                  200005f0    0000000c                                   : exit.c.obj (.data:$O1$$)
                  200005fc    00000008                                   : _lock.c.obj (.data:$O1$$)
                  20000604    00000008                                   : memory.c.obj (.data:$O1$$)
                  2000060c    00000008     Blu.obj (.data)
                  20000614    00000004     rtsv7M4_T_le_v4SPD16_eabi.lib : errno.c.obj (.data)
                  20000618    00000004     system_msp432p401r.obj (.data)

.bss       0    20000620    000001e5     UNINITIALIZED
                  20000620    00000120     rtsv7M4_T_le_v4SPD16_eabi.lib : trgmsg.c.obj (.bss:_CIOBUF_)
                  20000740    000000a0     (.common:__TI_tmpnams)
                  200007e0    00000008     (.common:ADCresult)
                  200007e8    00000008     (.common:parmbuf)
                  200007f0    00000004     (.common:PWMflag)
                  200007f4    00000004     (.common:calibratedData)
                  200007f8    00000004     (.common:dutyCycleTotal)
                  200007fc    00000004     (.common:flag)
                  20000800    00000004     (.common:sendtoBlu)
                  20000804    00000001     (.common:receivedMSPChar)

.stack     0    2000fe00    00000200     UNINITIALIZED
                  2000fe00    00000004     rtsv7M4_T_le_v4SPD16_eabi.lib : boot_cortex_m.c.obj (.stack)
                  2000fe04    000001fc     --HOLE--

__llvm_prf_cnts 
*          0    20000000    00000000     UNINITIALIZED

MODULE SUMMARY

       Module                        code    ro data   rw data
       ------                        ----    -------   -------
    .\
       main.obj                      2952    0         114    
       system_msp432p401r.obj        820     0         8      
       Blu.obj                       568     0         40     
       MotorController.obj           520     0         0      
       startup_msp432p401r_ccs.obj   14      228       0      
       DAC.obj                       196     0         0      
    +--+-----------------------------+-------+---------+---------+
       Total:                        5070    228       162    
                                                              
    C:\ti\ccs\ccs\tools\compiler\ti-cgt-arm_20.2.0.LTS\lib\rtsv7M4_T_le_v4SPD16_eabi.lib
       _printfi.c.obj                4851    0         0      
       defs.c.obj                    0       0         832    
       memory.c.obj                  680     0         16     
       trgmsg.c.obj                  108     0         576    
       fd_add_t2.asm.obj             438     0         0      
       host_device.c.obj             0       0         400    
       fd_div_t2.asm.obj             310     0         0      
       fputs.c.obj                   276     0         0      
       s_scalbn.c.obj                272     0         0      
       fd_cmp_t2.asm.obj             268     0         0      
       ctype.c.obj                   0       257       0      
       fd_mul_t2.asm.obj             252     0         0      
       setvbuf.c.obj                 220     0         0      
       memcpy_t2.asm.obj             156     0         0      
       ull_div_t2.asm.obj            150     0         0      
       fputc.c.obj                   140     0         0      
       memset_t2.asm.obj             122     0         0      
       fclose.c.obj                  116     0         0      
       getdevice.c.obj               116     0         0      
       hostopen.c.obj                96      0         16     
       printf.c.obj                  112     0         0      
       hostrename.c.obj              108     0         0      
       copy_decompress_lzss.c.obj    104     0         0      
       hostlseek.c.obj               104     0         0      
       exit.c.obj                    76      0         24     
       fseek.c.obj                   100     0         0      
       s_frexp.c.obj                 100     0         0      
       _io_perm.c.obj                98      0         0      
       close.c.obj                   92      0         0      
       hostread.c.obj                88      0         0      
       hostwrite.c.obj               88      0         0      
       _ltoa.c.obj                   84      0         0      
       atoi.c.obj                    76      0         0      
       fflush.c.obj                  76      0         0      
       fd_toi_t2.asm.obj             72      0         0      
       autoinit.c.obj                68      0         0      
       fd_tou_t2.asm.obj             68      0         0      
       hostclose.c.obj               68      0         0      
       hostunlink.c.obj              68      0         0      
       fs_tod_t2.asm.obj             56      0         0      
       strncpy.c.obj                 54      0         0      
       boot_cortex_m.c.obj           52      0         0      
       fopen.c.obj                   52      0         0      
       i_tofd_t2.asm.obj             46      0         0      
       unlink.c.obj                  44      0         0      
       lseek.c.obj                   40      0         0      
       write.c.obj                   40      0         0      
       memchr.c.obj                  32      0         0      
       u_tofd_t2.asm.obj             32      0         0      
       copy_zero_init.c.obj          28      0         0      
       memccpy.c.obj                 28      0         0      
       s_copysign.c.obj              26      0         0      
       strcmp.c.obj                  24      0         0      
       strchr.c.obj                  22      0         0      
       strcpy.c.obj                  20      0         0      
       strlen.c.obj                  20      0         0      
       _lock.c.obj                   2       0         16     
       wcslen.c.obj                  18      0         0      
       errno.c.obj                   8       0         8      
       copy_decompress_none.c.obj    14      0         0      
       pre_init.c.obj                4       0         0      
       div0.asm.obj                  2       0         0      
    +--+-----------------------------+-------+---------+---------+
       Total:                        10885   257       1888   
                                                              
       Heap:                         0       0         2048   
       Stack:                        0       0         1024   
       Linker Generated:             0       147       0      
    +--+-----------------------------+-------+---------+---------+
       Grand Total:                  15955   632       5122   


LINKER GENERATED COPY TABLES

__TI_cinit_table @ 000040d8 records: 2, size/record: 8, table size: 16
	.data: load addr=00004050, load size=0000006f bytes, run addr=20000400, run size=0000021c bytes, compression=lzss
	.bss: load addr=000040d0, load size=00000008 bytes, run addr=20000620, run size=000001e5 bytes, compression=zero_init


LINKER GENERATED HANDLER TABLE

__TI_handler_table @ 000040c0 records: 3, size/record: 4, table size: 12
	index: 0, handler: __TI_decompress_lzss
	index: 1, handler: __TI_decompress_none
	index: 2, handler: __TI_zero_init


GLOBAL SYMBOLS: SORTED ALPHABETICALLY BY Name 

address   name                           
-------   ----                           
00000845  ADC14_IRQHandler               
00000845  ADC14_IRQHandler               
200007e0  ADCresult                      
00003f25  AES256_IRQHandler              
00003f25  BusFault_Handler               
00003f45  C$$EXIT                        
00003bdb  C$$IO$$                        
00003f25  COMP_E0_IRQHandler             
00003f25  COMP_E1_IRQHandler             
00003f25  CS_IRQHandler                  
00003f25  DMA_ERR_IRQHandler             
00003f25  DMA_INT0_IRQHandler            
00003f25  DMA_INT1_IRQHandler            
00003f25  DMA_INT2_IRQHandler            
00003f25  DMA_INT3_IRQHandler            
00003f25  DebugMon_Handler               
00003f25  Default_Handler                
0000085d  EUSCIA0_IRQHandler             
0000085d  EUSCIA0_IRQHandler             
00003f25  EUSCIA1_IRQHandler             
00000615  EUSCIA2_IRQHandler             
00000615  EUSCIA2_IRQHandler             
00003f25  EUSCIA3_IRQHandler             
00003f25  EUSCIB0_IRQHandler             
00003f25  EUSCIB1_IRQHandler             
00003f25  EUSCIB2_IRQHandler             
00003f25  EUSCIB3_IRQHandler             
00003f25  FLCTL_IRQHandler               
00003f25  FPU_IRQHandler                 
00003a19  HOSTclose                      
00003425  HOSTlseek                      
00003689  HOSTopen                       
00003745  HOSTread                       
000033b9  HOSTrename                     
00003a5d  HOSTunlink                     
0000379d  HOSTwrite                      
00003f25  HardFault_Handler              
00003f25  MemManage_Handler              
00003f25  NMI_Handler                    
00003f25  PCM_IRQHandler                 
00003f25  PORT1_IRQHandler               
00003f25  PORT2_IRQHandler               
00003f25  PORT3_IRQHandler               
00003f25  PORT4_IRQHandler               
00003f25  PORT5_IRQHandler               
00003f25  PORT6_IRQHandler               
00003f25  PSS_IRQHandler                 
200005c4  PWMBLU                         
20000610  PWMcontroller                  
200007f0  PWMflag                        
00003f25  PendSV_Handler                 
00003f25  RTC_C_IRQHandler               
00003f19  Reset_Handler                  
00003f25  SVC_Handler                    
00003f25  SysTick_Handler                
20000618  SystemCoreClock                
000016bd  SystemCoreClockUpdate          
00001935  SystemInit                     
00003f25  T32_INT1_IRQHandler            
00003f25  T32_INT2_IRQHandler            
00003f25  T32_INTC_IRQHandler            
00000741  TA0_0_IRQHandler               
00000741  TA0_0_IRQHandler               
000007dd  TA0_N_IRQHandler               
000007dd  TA0_N_IRQHandler               
00003f25  TA1_0_IRQHandler               
00003f25  TA1_N_IRQHandler               
00003f25  TA2_0_IRQHandler               
00003f25  TA2_N_IRQHandler               
00003f25  TA3_0_IRQHandler               
00003f25  TA3_N_IRQHandler               
00000a15  UART_transmit                  
00003f25  UsageFault_Handler             
4000480c  WDTCTL_SYM                     
00003f25  WDT_A_IRQHandler               
20000620  __CIOBUF_                      
20010000  __STACK_END                    
00000200  __STACK_SIZE                   
00000400  __SYSMEM_SIZE                  
000040d8  __TI_CINIT_Base                
000040e8  __TI_CINIT_Limit               
000040c0  __TI_Handler_Table_Base        
000040cc  __TI_Handler_Table_Limit       
00003aa1  __TI_auto_init_nobinit_nopinit 
00003c55  __TI_cleanup                   
200005f0  __TI_cleanup_ptr               
00003265  __TI_closefile                 
0000348d  __TI_decompress_lzss           
00003f0b  __TI_decompress_none           
000038f1  __TI_doflush                   
200005f4  __TI_dtors_ptr                 
200005f8  __TI_enable_exit_profile_output
200005e0  __TI_ft_end                    
0000384b  __TI_ltoa                      
ffffffff  __TI_pprof_out_hndl            
00000c6d  __TI_printfi                   
ffffffff  __TI_prof_data_size            
ffffffff  __TI_prof_data_start           
00003c89  __TI_readmsg                   
00000000  __TI_static_base__             
20000740  __TI_tmpnams                   
00003bad  __TI_writemsg                  
00003625  __TI_wrt_ok                    
00003e35  __TI_zero_init_nomemset        
000030dd  __aeabi_cdcmpeq                
000030dd  __aeabi_cdcmple                
00003163  __aeabi_cdrcmple               
000039d1  __aeabi_d2iz                   
00003b29  __aeabi_d2uiz                  
0000227b  __aeabi_dadd                   
00002565  __aeabi_ddiv                   
00002aed  __aeabi_dmul                   
00002271  __aeabi_dsub                   
00003f29  __aeabi_errno_addr             
00003be5  __aeabi_f2d                    
00003d21  __aeabi_i2d                    
00002427  __aeabi_idiv0                  
00002427  __aeabi_ldiv0                  
000031e9  __aeabi_memclr                 
000031e9  __aeabi_memclr4                
000031e9  __aeabi_memclr8                
00002f1f  __aeabi_memcpy                 
00002f1f  __aeabi_memcpy4                
00002f1f  __aeabi_memcpy8                
000031eb  __aeabi_memset                 
000031eb  __aeabi_memset4                
000031eb  __aeabi_memset8                
200005ec  __aeabi_stderr                 
200005e4  __aeabi_stdin                  
200005e8  __aeabi_stdout                 
00003e15  __aeabi_ui2d                   
00002fbb  __aeabi_uldivmod               
ffffffff  __binit__                      
ffffffff  __c_args__                     
UNDEFED   __mpu_init                     
2000fe00  __stack                        
20000000  __start___llvm_prf_cnts        
20000000  __stop___llvm_prf_cnts         
00003cbd  _c_int00_noargs                
00003f48  _ctypes_                       
200004f0  _device                        
20000400  _ftable                        
200005fc  _lock                          
000016bb  _nop                           
20000568  _stream                        
20000000  _sys_memory                    
UNDEFED   _system_post_cinit             
00003f41  _system_pre_init               
20000600  _unlock                        
00003f45  abort                          
000029e5  aligned_alloc                  
0000393d  atoi                           
ffffffff  binit                          
200007f4  calibratedData                 
000036e9  close                          
00003e89  copysign                       
00003e89  copysignl                      
2000060c  count                          
00002de1  dataDAC                        
00001dbb  determinePWM                   
200007f8  dutyCycleTotal                 
20000614  errno                          
00003989  exit                           
00003cf1  finddevice                     
200007fc  flag                           
00003051  fputc                          
000027c1  fputs                          
00002be9  free                           
0000355d  frexp                          
0000355d  frexpl                         
000035c1  fseek                          
00003ae5  getdevice                      
200005d8  increment                      
00001d6b  init_ADC                       
00001cb9  init_Bluetooth                 
00001d0f  init_Sound                     
00001d1b  init_UART0                     
200005b8  interruptFlag                  
00000000  interruptVectors               
000028d5  ldexp                          
000028d5  ldexpl                         
00003da5  lseek                          
000000e5  main                           
00003f31  malloc                         
000029e5  memalign                       
00003e6d  memccpy                        
00003df5  memchr                         
00002f1f  memcpy                         
000031f1  memset                         
200005dc  n                              
200007e8  parmbuf                        
200005c8  printStartCount                
000034f5  printf                         
00003051  putc                           
20000804  receivedMSPChar                
00003d51  remove                         
00000b79  sawtoothOutputSound            
200005d0  sawtoothSelect                 
000028d5  scalbn                         
000028d5  scalbnl                        
200005c0  selectFlag                     
20000800  sendtoBlu                      
00002ccd  setvbuf                        
200005cc  soundflag                      
00001e99  squareOutput                   
00001f7d  squareOutputSound              
200005d4  squareSelect                   
00002da9  startDAC                       
00003ebb  strchr                         
00003ea3  strcmp                         
00003ed1  strcpy                         
00001c61  string_to_int                  
00003ee5  strlen                         
00003c1d  strncpy                        
200005bc  twoCount                       
00003d51  unlink                         
00003ef9  wcslen                         
00003dcd  write                          


GLOBAL SYMBOLS: SORTED BY Symbol Address 

address   name                           
-------   ----                           
00000000  __TI_static_base__             
00000000  interruptVectors               
000000e5  main                           
00000200  __STACK_SIZE                   
00000400  __SYSMEM_SIZE                  
00000615  EUSCIA2_IRQHandler             
00000615  EUSCIA2_IRQHandler             
00000741  TA0_0_IRQHandler               
00000741  TA0_0_IRQHandler               
000007dd  TA0_N_IRQHandler               
000007dd  TA0_N_IRQHandler               
00000845  ADC14_IRQHandler               
00000845  ADC14_IRQHandler               
0000085d  EUSCIA0_IRQHandler             
0000085d  EUSCIA0_IRQHandler             
00000a15  UART_transmit                  
00000b79  sawtoothOutputSound            
00000c6d  __TI_printfi                   
000016bb  _nop                           
000016bd  SystemCoreClockUpdate          
00001935  SystemInit                     
00001c61  string_to_int                  
00001cb9  init_Bluetooth                 
00001d0f  init_Sound                     
00001d1b  init_UART0                     
00001d6b  init_ADC                       
00001dbb  determinePWM                   
00001e99  squareOutput                   
00001f7d  squareOutputSound              
00002271  __aeabi_dsub                   
0000227b  __aeabi_dadd                   
00002427  __aeabi_idiv0                  
00002427  __aeabi_ldiv0                  
00002565  __aeabi_ddiv                   
000027c1  fputs                          
000028d5  ldexp                          
000028d5  ldexpl                         
000028d5  scalbn                         
000028d5  scalbnl                        
000029e5  aligned_alloc                  
000029e5  memalign                       
00002aed  __aeabi_dmul                   
00002be9  free                           
00002ccd  setvbuf                        
00002da9  startDAC                       
00002de1  dataDAC                        
00002f1f  __aeabi_memcpy                 
00002f1f  __aeabi_memcpy4                
00002f1f  __aeabi_memcpy8                
00002f1f  memcpy                         
00002fbb  __aeabi_uldivmod               
00003051  fputc                          
00003051  putc                           
000030dd  __aeabi_cdcmpeq                
000030dd  __aeabi_cdcmple                
00003163  __aeabi_cdrcmple               
000031e9  __aeabi_memclr                 
000031e9  __aeabi_memclr4                
000031e9  __aeabi_memclr8                
000031eb  __aeabi_memset                 
000031eb  __aeabi_memset4                
000031eb  __aeabi_memset8                
000031f1  memset                         
00003265  __TI_closefile                 
000033b9  HOSTrename                     
00003425  HOSTlseek                      
0000348d  __TI_decompress_lzss           
000034f5  printf                         
0000355d  frexp                          
0000355d  frexpl                         
000035c1  fseek                          
00003625  __TI_wrt_ok                    
00003689  HOSTopen                       
000036e9  close                          
00003745  HOSTread                       
0000379d  HOSTwrite                      
0000384b  __TI_ltoa                      
000038f1  __TI_doflush                   
0000393d  atoi                           
00003989  exit                           
000039d1  __aeabi_d2iz                   
00003a19  HOSTclose                      
00003a5d  HOSTunlink                     
00003aa1  __TI_auto_init_nobinit_nopinit 
00003ae5  getdevice                      
00003b29  __aeabi_d2uiz                  
00003bad  __TI_writemsg                  
00003bdb  C$$IO$$                        
00003be5  __aeabi_f2d                    
00003c1d  strncpy                        
00003c55  __TI_cleanup                   
00003c89  __TI_readmsg                   
00003cbd  _c_int00_noargs                
00003cf1  finddevice                     
00003d21  __aeabi_i2d                    
00003d51  remove                         
00003d51  unlink                         
00003da5  lseek                          
00003dcd  write                          
00003df5  memchr                         
00003e15  __aeabi_ui2d                   
00003e35  __TI_zero_init_nomemset        
00003e6d  memccpy                        
00003e89  copysign                       
00003e89  copysignl                      
00003ea3  strcmp                         
00003ebb  strchr                         
00003ed1  strcpy                         
00003ee5  strlen                         
00003ef9  wcslen                         
00003f0b  __TI_decompress_none           
00003f19  Reset_Handler                  
00003f25  AES256_IRQHandler              
00003f25  BusFault_Handler               
00003f25  COMP_E0_IRQHandler             
00003f25  COMP_E1_IRQHandler             
00003f25  CS_IRQHandler                  
00003f25  DMA_ERR_IRQHandler             
00003f25  DMA_INT0_IRQHandler            
00003f25  DMA_INT1_IRQHandler            
00003f25  DMA_INT2_IRQHandler            
00003f25  DMA_INT3_IRQHandler            
00003f25  DebugMon_Handler               
00003f25  Default_Handler                
00003f25  EUSCIA1_IRQHandler             
00003f25  EUSCIA3_IRQHandler             
00003f25  EUSCIB0_IRQHandler             
00003f25  EUSCIB1_IRQHandler             
00003f25  EUSCIB2_IRQHandler             
00003f25  EUSCIB3_IRQHandler             
00003f25  FLCTL_IRQHandler               
00003f25  FPU_IRQHandler                 
00003f25  HardFault_Handler              
00003f25  MemManage_Handler              
00003f25  NMI_Handler                    
00003f25  PCM_IRQHandler                 
00003f25  PORT1_IRQHandler               
00003f25  PORT2_IRQHandler               
00003f25  PORT3_IRQHandler               
00003f25  PORT4_IRQHandler               
00003f25  PORT5_IRQHandler               
00003f25  PORT6_IRQHandler               
00003f25  PSS_IRQHandler                 
00003f25  PendSV_Handler                 
00003f25  RTC_C_IRQHandler               
00003f25  SVC_Handler                    
00003f25  SysTick_Handler                
00003f25  T32_INT1_IRQHandler            
00003f25  T32_INT2_IRQHandler            
00003f25  T32_INTC_IRQHandler            
00003f25  TA1_0_IRQHandler               
00003f25  TA1_N_IRQHandler               
00003f25  TA2_0_IRQHandler               
00003f25  TA2_N_IRQHandler               
00003f25  TA3_0_IRQHandler               
00003f25  TA3_N_IRQHandler               
00003f25  UsageFault_Handler             
00003f25  WDT_A_IRQHandler               
00003f29  __aeabi_errno_addr             
00003f31  malloc                         
00003f41  _system_pre_init               
00003f45  C$$EXIT                        
00003f45  abort                          
00003f48  _ctypes_                       
000040c0  __TI_Handler_Table_Base        
000040cc  __TI_Handler_Table_Limit       
000040d8  __TI_CINIT_Base                
000040e8  __TI_CINIT_Limit               
20000000  __start___llvm_prf_cnts        
20000000  __stop___llvm_prf_cnts         
20000000  _sys_memory                    
20000400  _ftable                        
200004f0  _device                        
20000568  _stream                        
200005b8  interruptFlag                  
200005bc  twoCount                       
200005c0  selectFlag                     
200005c4  PWMBLU                         
200005c8  printStartCount                
200005cc  soundflag                      
200005d0  sawtoothSelect                 
200005d4  squareSelect                   
200005d8  increment                      
200005dc  n                              
200005e0  __TI_ft_end                    
200005e4  __aeabi_stdin                  
200005e8  __aeabi_stdout                 
200005ec  __aeabi_stderr                 
200005f0  __TI_cleanup_ptr               
200005f4  __TI_dtors_ptr                 
200005f8  __TI_enable_exit_profile_output
200005fc  _lock                          
20000600  _unlock                        
2000060c  count                          
20000610  PWMcontroller                  
20000614  errno                          
20000618  SystemCoreClock                
20000620  __CIOBUF_                      
20000740  __TI_tmpnams                   
200007e0  ADCresult                      
200007e8  parmbuf                        
200007f0  PWMflag                        
200007f4  calibratedData                 
200007f8  dutyCycleTotal                 
200007fc  flag                           
20000800  sendtoBlu                      
20000804  receivedMSPChar                
2000fe00  __stack                        
20010000  __STACK_END                    
4000480c  WDTCTL_SYM                     
ffffffff  __TI_pprof_out_hndl            
ffffffff  __TI_prof_data_size            
ffffffff  __TI_prof_data_start           
ffffffff  __binit__                      
ffffffff  __c_args__                     
ffffffff  binit                          
UNDEFED   __mpu_init                     
UNDEFED   _system_post_cinit             

[218 symbols]
