******************************************************************************
                  TI ARM Linker PC v20.2.0                     
******************************************************************************
>> Linked Fri Apr 24 14:04:51 2020

OUTPUT FILE NAME:   <Project1(KeypadLock).out>
ENTRY POINT SYMBOL: "_c_int00_noargs"  address: 00000f45


MEMORY CONFIGURATION

         name            origin    length      used     unused   attr    fill
----------------------  --------  ---------  --------  --------  ----  --------
  MAIN                  00000000   00040000  00001054  0003efac  R  X
  INFO                  00200000   00004000  00000000  00004000  R  X
  SRAM_CODE             01000000   00010000  0000022e  0000fdd2  RW X
  SRAM_DATA             20000000   00010000  0000022e  0000fdd2  RW  


SEGMENT ALLOCATION MAP

run origin  load origin   length   init length attrs members
----------  ----------- ---------- ----------- ----- -------
00000000    00000000    00001058   00001058    r-x
  00000000    00000000    000000e4   000000e4    r-- .intvecs
  000000e4    000000e4    00000f40   00000f40    r-x .text
  00001028    00001028    00000030   00000030    r-- .cinit
20000000    20000000    00000030   00000000    rw-
  20000000    20000000    00000022   00000000    rw- .bss
  20000024    20000024    0000000c   00000000    rw- .data
2000fe00    2000fe00    00000200   00000000    rw-
  2000fe00    2000fe00    00000200   00000000    rw- .stack


SECTION ALLOCATION MAP

 output                                  attributes/
section   page    origin      length       input sections
--------  ----  ----------  ----------   ----------------
.intvecs   0    00000000    000000e4     
                  00000000    000000e4     startup_msp432p401r_ccs.obj (.intvecs:retain)

.text      0    000000e4    00000f40     
                  000000e4    0000065c     P1.obj (.text)
                  00000740    00000334     system_msp432p401r.obj (.text)
                  00000a74    000001cc     Keypad.obj (.text)
                  00000c40    000001bc     LCD.obj (.text)
                  00000dfc    0000009c     rtsv7M4_T_le_v4SPD16_eabi.lib : memcpy_t2.asm.obj (.text)
                  00000e98    00000068                                   : copy_decompress_lzss.c.obj (.text:decompress:lzss:__TI_decompress_lzss)
                  00000f00    00000044                                   : autoinit.c.obj (.text:__TI_auto_init_nobinit_nopinit:__TI_auto_init_nobinit_nopinit)
                  00000f44    00000034                                   : boot_cortex_m.c.obj (.text:_c_int00_noargs:_c_int00_noargs)
                  00000f78    00000034     main.obj (.text)
                  00000fac    00000024     rtsv7M4_T_le_v4SPD16_eabi.lib : memcmp.c.obj (.text:memcmp)
                  00000fd0    0000001c                                   : copy_zero_init.c.obj (.text:decompress:ZI:__TI_zero_init_nomemset:__TI_zero_init_nomemset)
                  00000fec    00000014                                   : strlen.c.obj (.text:strlen)
                  00001000    0000000e                                   : copy_decompress_none.c.obj (.text:decompress:none:__TI_decompress_none)
                  0000100e    0000000e     startup_msp432p401r_ccs.obj (.text)
                  0000101c    00000004     rtsv7M4_T_le_v4SPD16_eabi.lib : pre_init.c.obj (.text:_system_pre_init)
                  00001020    00000004                                   : exit.c.obj (.text:abort:abort)

.cinit     0    00001028    00000030     
                  00001028    0000000c     (__TI_handler_table)
                  00001034    0000000b     (.cinit..data.load) [load image, compression = lzss]
                  0000103f    00000001     --HOLE-- [fill = 0]
                  00001040    00000008     (.cinit..bss.load) [load image, compression = zero_init]
                  00001048    00000010     (__TI_cinit_table)

.init_array 
*          0    00000000    00000000     UNINITIALIZED

.binit     0    00000000    00000000     

.bss       0    20000000    00000022     UNINITIALIZED
                  20000000    00000010     (.common:compareArray)
                  20000010    00000010     (.common:lockedArray)
                  20000020    00000001     (.common:events)
                  20000021    00000001     (.common:states)

.data      0    20000024    0000000c     UNINITIALIZED
                  20000024    00000008     P1.obj (.data)
                  2000002c    00000004     system_msp432p401r.obj (.data)

.stack     0    2000fe00    00000200     UNINITIALIZED
                  2000fe00    00000004     rtsv7M4_T_le_v4SPD16_eabi.lib : boot_cortex_m.c.obj (.stack)
                  2000fe04    000001fc     --HOLE--

__llvm_prf_cnts 
*          0    20000000    00000000     UNINITIALIZED

MODULE SUMMARY

       Module                        code   ro data   rw data
       ------                        ----   -------   -------
    .\
       P1.obj                        1628   0         84     
       system_msp432p401r.obj        820    0         8      
       Keypad.obj                    460    0         0      
       LCD.obj                       444    0         0      
       startup_msp432p401r_ccs.obj   14     228       0      
       main.obj                      52     0         0      
    +--+-----------------------------+------+---------+---------+
       Total:                        3418   228       92     
                                                             
    C:\ti\ccs1000\ccs\tools\compiler\ti-cgt-arm_20.2.0.LTS\lib\rtsv7M4_T_le_v4SPD16_eabi.lib
       memcpy_t2.asm.obj             156    0         0      
       copy_decompress_lzss.c.obj    104    0         0      
       autoinit.c.obj                68     0         0      
       boot_cortex_m.c.obj           52     0         0      
       memcmp.c.obj                  36     0         0      
       copy_zero_init.c.obj          28     0         0      
       strlen.c.obj                  20     0         0      
       copy_decompress_none.c.obj    14     0         0      
       exit.c.obj                    4      0         0      
       pre_init.c.obj                4      0         0      
    +--+-----------------------------+------+---------+---------+
       Total:                        486    0         0      
                                                             
       Stack:                        0      0         1024   
       Linker Generated:             0      47        0      
    +--+-----------------------------+------+---------+---------+
       Grand Total:                  3904   275       1116   


LINKER GENERATED COPY TABLES

__TI_cinit_table @ 00001048 records: 2, size/record: 8, table size: 16
	.data: load addr=00001034, load size=0000000b bytes, run addr=20000024, run size=0000000c bytes, compression=lzss
	.bss: load addr=00001040, load size=00000008 bytes, run addr=20000000, run size=00000022 bytes, compression=zero_init


LINKER GENERATED HANDLER TABLE

__TI_handler_table @ 00001028 records: 3, size/record: 4, table size: 12
	index: 0, handler: __TI_decompress_lzss
	index: 1, handler: __TI_decompress_none
	index: 2, handler: __TI_zero_init


GLOBAL SYMBOLS: SORTED ALPHABETICALLY BY Name 

address   name                          
-------   ----                          
0000101b  ADC14_IRQHandler              
0000101b  AES256_IRQHandler             
0000101b  BusFault_Handler              
00001021  C$$EXIT                       
0000101b  COMP_E0_IRQHandler            
0000101b  COMP_E1_IRQHandler            
0000101b  CS_IRQHandler                 
0000101b  DMA_ERR_IRQHandler            
0000101b  DMA_INT0_IRQHandler           
0000101b  DMA_INT1_IRQHandler           
0000101b  DMA_INT2_IRQHandler           
0000101b  DMA_INT3_IRQHandler           
0000101b  DebugMon_Handler              
0000101b  Default_Handler               
0000101b  EUSCIA0_IRQHandler            
0000101b  EUSCIA1_IRQHandler            
0000101b  EUSCIA2_IRQHandler            
0000101b  EUSCIA3_IRQHandler            
0000101b  EUSCIB0_IRQHandler            
0000101b  EUSCIB1_IRQHandler            
0000101b  EUSCIB2_IRQHandler            
0000101b  EUSCIB3_IRQHandler            
0000101b  FLCTL_IRQHandler              
0000101b  FPU_IRQHandler                
0000101b  HardFault_Handler             
00000ddd  Home_LCD                      
00000cd1  LCD_4bit_write                
00000dc9  LCD_Line2                     
00000d29  LCD_command                   
00000c6d  LCD_init                      
0000101b  MemManage_Handler             
0000101b  NMI_Handler                   
0000101b  PCM_IRQHandler                
0000101b  PORT1_IRQHandler              
0000101b  PORT2_IRQHandler              
0000101b  PORT3_IRQHandler              
0000101b  PORT4_IRQHandler              
0000101b  PORT5_IRQHandler              
0000101b  PORT6_IRQHandler              
0000101b  PSS_IRQHandler                
0000101b  PendSV_Handler                
0000101b  RTC_C_IRQHandler              
0000100f  Reset_Handler                 
0000101b  SVC_Handler                   
0000101b  SysTick_Handler               
2000002c  SystemCoreClock               
00000741  SystemCoreClockUpdate         
000009b9  SystemInit                    
0000101b  T32_INT1_IRQHandler           
0000101b  T32_INT2_IRQHandler           
0000101b  T32_INTC_IRQHandler           
0000101b  TA0_0_IRQHandler              
0000101b  TA0_N_IRQHandler              
0000101b  TA1_0_IRQHandler              
0000101b  TA1_N_IRQHandler              
0000101b  TA2_0_IRQHandler              
0000101b  TA2_N_IRQHandler              
0000101b  TA3_0_IRQHandler              
0000101b  TA3_N_IRQHandler              
0000101b  UsageFault_Handler            
4000480c  WDTCTL_SYM                    
0000101b  WDT_A_IRQHandler              
00000d65  Write_char_LCD                
00000c41  Write_string_LCD              
20010000  __STACK_END                   
00000200  __STACK_SIZE                  
00001048  __TI_CINIT_Base               
00001058  __TI_CINIT_Limit              
00001028  __TI_Handler_Table_Base       
00001034  __TI_Handler_Table_Limit      
00000f01  __TI_auto_init_nobinit_nopinit
00000e99  __TI_decompress_lzss          
00001001  __TI_decompress_none          
ffffffff  __TI_pprof_out_hndl           
ffffffff  __TI_prof_data_size           
ffffffff  __TI_prof_data_start          
00000000  __TI_static_base__            
00000fd1  __TI_zero_init_nomemset       
00000dfd  __aeabi_memcpy                
00000dfd  __aeabi_memcpy4               
00000dfd  __aeabi_memcpy8               
ffffffff  __binit__                     
ffffffff  __c_args__                    
UNDEFED   __mpu_init                    
2000fe00  __stack                       
20000000  __start___llvm_prf_cnts       
20000000  __stop___llvm_prf_cnts        
00000f45  _c_int00_noargs               
UNDEFED   _system_post_cinit            
0000101d  _system_pre_init              
00001021  abort                         
ffffffff  binit                         
00000dd3  clear_LCD                     
20000000  compareArray                  
00000d8f  delay_us                      
20000020  events                        
20000024  indexer                       
20000028  indexerLocked                 
00000000  interruptVectors              
00000ac9  keypad_getkey                 
00000aad  keypad_init                   
20000010  lockedArray                   
00000f79  main                          
00000fad  memcmp                        
00000dfd  memcpy                        
00000a75  printToLCD                    
20000021  states                        
000000e5  step_state                    
00000fed  strlen                        


GLOBAL SYMBOLS: SORTED BY Symbol Address 

address   name                          
-------   ----                          
00000000  __TI_static_base__            
00000000  interruptVectors              
000000e5  step_state                    
00000200  __STACK_SIZE                  
00000741  SystemCoreClockUpdate         
000009b9  SystemInit                    
00000a75  printToLCD                    
00000aad  keypad_init                   
00000ac9  keypad_getkey                 
00000c41  Write_string_LCD              
00000c6d  LCD_init                      
00000cd1  LCD_4bit_write                
00000d29  LCD_command                   
00000d65  Write_char_LCD                
00000d8f  delay_us                      
00000dc9  LCD_Line2                     
00000dd3  clear_LCD                     
00000ddd  Home_LCD                      
00000dfd  __aeabi_memcpy                
00000dfd  __aeabi_memcpy4               
00000dfd  __aeabi_memcpy8               
00000dfd  memcpy                        
00000e99  __TI_decompress_lzss          
00000f01  __TI_auto_init_nobinit_nopinit
00000f45  _c_int00_noargs               
00000f79  main                          
00000fad  memcmp                        
00000fd1  __TI_zero_init_nomemset       
00000fed  strlen                        
00001001  __TI_decompress_none          
0000100f  Reset_Handler                 
0000101b  ADC14_IRQHandler              
0000101b  AES256_IRQHandler             
0000101b  BusFault_Handler              
0000101b  COMP_E0_IRQHandler            
0000101b  COMP_E1_IRQHandler            
0000101b  CS_IRQHandler                 
0000101b  DMA_ERR_IRQHandler            
0000101b  DMA_INT0_IRQHandler           
0000101b  DMA_INT1_IRQHandler           
0000101b  DMA_INT2_IRQHandler           
0000101b  DMA_INT3_IRQHandler           
0000101b  DebugMon_Handler              
0000101b  Default_Handler               
0000101b  EUSCIA0_IRQHandler            
0000101b  EUSCIA1_IRQHandler            
0000101b  EUSCIA2_IRQHandler            
0000101b  EUSCIA3_IRQHandler            
0000101b  EUSCIB0_IRQHandler            
0000101b  EUSCIB1_IRQHandler            
0000101b  EUSCIB2_IRQHandler            
0000101b  EUSCIB3_IRQHandler            
0000101b  FLCTL_IRQHandler              
0000101b  FPU_IRQHandler                
0000101b  HardFault_Handler             
0000101b  MemManage_Handler             
0000101b  NMI_Handler                   
0000101b  PCM_IRQHandler                
0000101b  PORT1_IRQHandler              
0000101b  PORT2_IRQHandler              
0000101b  PORT3_IRQHandler              
0000101b  PORT4_IRQHandler              
0000101b  PORT5_IRQHandler              
0000101b  PORT6_IRQHandler              
0000101b  PSS_IRQHandler                
0000101b  PendSV_Handler                
0000101b  RTC_C_IRQHandler              
0000101b  SVC_Handler                   
0000101b  SysTick_Handler               
0000101b  T32_INT1_IRQHandler           
0000101b  T32_INT2_IRQHandler           
0000101b  T32_INTC_IRQHandler           
0000101b  TA0_0_IRQHandler              
0000101b  TA0_N_IRQHandler              
0000101b  TA1_0_IRQHandler              
0000101b  TA1_N_IRQHandler              
0000101b  TA2_0_IRQHandler              
0000101b  TA2_N_IRQHandler              
0000101b  TA3_0_IRQHandler              
0000101b  TA3_N_IRQHandler              
0000101b  UsageFault_Handler            
0000101b  WDT_A_IRQHandler              
0000101d  _system_pre_init              
00001021  C$$EXIT                       
00001021  abort                         
00001028  __TI_Handler_Table_Base       
00001034  __TI_Handler_Table_Limit      
00001048  __TI_CINIT_Base               
00001058  __TI_CINIT_Limit              
20000000  __start___llvm_prf_cnts       
20000000  __stop___llvm_prf_cnts        
20000000  compareArray                  
20000010  lockedArray                   
20000020  events                        
20000021  states                        
20000024  indexer                       
20000028  indexerLocked                 
2000002c  SystemCoreClock               
2000fe00  __stack                       
20010000  __STACK_END                   
4000480c  WDTCTL_SYM                    
ffffffff  __TI_pprof_out_hndl           
ffffffff  __TI_prof_data_size           
ffffffff  __TI_prof_data_start          
ffffffff  __binit__                     
ffffffff  __c_args__                    
ffffffff  binit                         
UNDEFED   __mpu_init                    
UNDEFED   _system_post_cinit            

[109 symbols]
